<?xml version="1.0" encoding="ISO-8859-1" ?>
<link_info>
   <banner>TI ARM Linker PC v18.12.1.LTS</banner>
   <copyright>Copyright (c) 1996-2018 Texas Instruments Incorporated</copyright>
   <link_time>0x5cce214b</link_time>
   <link_errors>0x0</link_errors>
   <output_file>transceiver_mode.out</output_file>
   <entry_point>
      <name>_c_int00_noargs</name>
      <address>0x2000e8e9</address>
   </entry_point>
   <input_file_list>
      <input_file id="fl-2">
         <path>.\</path>
         <kind>object</kind>
         <file>application.obj</file>
         <name>application.obj</name>
      </input_file>
      <input_file id="fl-3">
         <path>.\</path>
         <kind>object</kind>
         <file>gpio_if.obj</file>
         <name>gpio_if.obj</name>
      </input_file>
      <input_file id="fl-4">
         <path>.\</path>
         <kind>object</kind>
         <file>ip.obj</file>
         <name>ip.obj</name>
      </input_file>
      <input_file id="fl-5">
         <path>.\</path>
         <kind>object</kind>
         <file>mac.obj</file>
         <name>mac.obj</name>
      </input_file>
      <input_file id="fl-6">
         <path>.\</path>
         <kind>object</kind>
         <file>main.obj</file>
         <name>main.obj</name>
      </input_file>
      <input_file id="fl-7">
         <path>.\</path>
         <kind>object</kind>
         <file>my_util.obj</file>
         <name>my_util.obj</name>
      </input_file>
      <input_file id="fl-8">
         <path>.\</path>
         <kind>object</kind>
         <file>network_common.obj</file>
         <name>network_common.obj</name>
      </input_file>
      <input_file id="fl-9">
         <path>.\</path>
         <kind>object</kind>
         <file>pinmux.obj</file>
         <name>pinmux.obj</name>
      </input_file>
      <input_file id="fl-a">
         <path>.\</path>
         <kind>object</kind>
         <file>startup_ccs.obj</file>
         <name>startup_ccs.obj</name>
      </input_file>
      <input_file id="fl-b">
         <path>.\</path>
         <kind>object</kind>
         <file>timer_if.obj</file>
         <name>timer_if.obj</name>
      </input_file>
      <input_file id="fl-c">
         <path>.\</path>
         <kind>object</kind>
         <file>translation_utility.obj</file>
         <name>translation_utility.obj</name>
      </input_file>
      <input_file id="fl-d">
         <path>.\</path>
         <kind>object</kind>
         <file>uart_if.obj</file>
         <name>uart_if.obj</name>
      </input_file>
      <input_file id="fl-13">
         <kind>object</kind>
         <file>&lt;internal&gt;</file>
         <name>&lt;internal&gt;</name>
      </input_file>
      <input_file id="fl-c9">
         <path>C:\ti\ccs901\ccs\tools\compiler\ti-cgt-arm_18.12.1.LTS\lib\</path>
         <kind>archive</kind>
         <file>rtsv7M4_T_le_eabi.lib</file>
         <name>sprintf.c.obj</name>
      </input_file>
      <input_file id="fl-ca">
         <path>C:\ti\ccs901\ccs\tools\compiler\ti-cgt-arm_18.12.1.LTS\lib\</path>
         <kind>archive</kind>
         <file>rtsv7M4_T_le_eabi.lib</file>
         <name>vsnprintf.c.obj</name>
      </input_file>
      <input_file id="fl-cb">
         <path>C:\ti\ccs901\ccs\tools\compiler\ti-cgt-arm_18.12.1.LTS\lib\</path>
         <kind>archive</kind>
         <file>rtsv7M4_T_le_eabi.lib</file>
         <name>ull_div_t2.asm.obj</name>
      </input_file>
      <input_file id="fl-cc">
         <path>C:\ti\ccs901\ccs\tools\compiler\ti-cgt-arm_18.12.1.LTS\lib\</path>
         <kind>archive</kind>
         <file>rtsv7M4_T_le_eabi.lib</file>
         <name>memcpy_t2.asm.obj</name>
      </input_file>
      <input_file id="fl-cd">
         <path>C:\ti\ccs901\ccs\tools\compiler\ti-cgt-arm_18.12.1.LTS\lib\</path>
         <kind>archive</kind>
         <file>rtsv7M4_T_le_eabi.lib</file>
         <name>memset_t2.asm.obj</name>
      </input_file>
      <input_file id="fl-ce">
         <path>C:\ti\ccs901\ccs\tools\compiler\ti-cgt-arm_18.12.1.LTS\lib\</path>
         <kind>archive</kind>
         <file>rtsv7M4_T_le_eabi.lib</file>
         <name>copy_zero_init.c.obj</name>
      </input_file>
      <input_file id="fl-cf">
         <path>C:\ti\ccs901\ccs\tools\compiler\ti-cgt-arm_18.12.1.LTS\lib\</path>
         <kind>archive</kind>
         <file>rtsv7M4_T_le_eabi.lib</file>
         <name>copy_decompress_none.c.obj</name>
      </input_file>
      <input_file id="fl-d0">
         <path>C:\ti\ccs901\ccs\tools\compiler\ti-cgt-arm_18.12.1.LTS\lib\</path>
         <kind>archive</kind>
         <file>rtsv7M4_T_le_eabi.lib</file>
         <name>copy_decompress_lzss.c.obj</name>
      </input_file>
      <input_file id="fl-d1">
         <path>C:\ti\ccs901\ccs\tools\compiler\ti-cgt-arm_18.12.1.LTS\lib\</path>
         <kind>archive</kind>
         <file>rtsv7M4_T_le_eabi.lib</file>
         <name>assert.c.obj</name>
      </input_file>
      <input_file id="fl-d2">
         <path>C:\ti\ccs901\ccs\tools\compiler\ti-cgt-arm_18.12.1.LTS\lib\</path>
         <kind>archive</kind>
         <file>rtsv7M4_T_le_eabi.lib</file>
         <name>defs.c.obj</name>
      </input_file>
      <input_file id="fl-d3">
         <path>C:\ti\ccs901\ccs\tools\compiler\ti-cgt-arm_18.12.1.LTS\lib\</path>
         <kind>archive</kind>
         <file>rtsv7M4_T_le_eabi.lib</file>
         <name>memmov.c.obj</name>
      </input_file>
      <input_file id="fl-d4">
         <path>C:\ti\ccs901\ccs\tools\compiler\ti-cgt-arm_18.12.1.LTS\lib\</path>
         <kind>archive</kind>
         <file>rtsv7M4_T_le_eabi.lib</file>
         <name>memory.c.obj</name>
      </input_file>
      <input_file id="fl-d5">
         <path>C:\ti\ccs901\ccs\tools\compiler\ti-cgt-arm_18.12.1.LTS\lib\</path>
         <kind>archive</kind>
         <file>rtsv7M4_T_le_eabi.lib</file>
         <name>strcmp.c.obj</name>
      </input_file>
      <input_file id="fl-d6">
         <path>C:\ti\ccs901\ccs\tools\compiler\ti-cgt-arm_18.12.1.LTS\lib\</path>
         <kind>archive</kind>
         <file>rtsv7M4_T_le_eabi.lib</file>
         <name>strlen.c.obj</name>
      </input_file>
      <input_file id="fl-d7">
         <path>C:\ti\ccs901\ccs\tools\compiler\ti-cgt-arm_18.12.1.LTS\lib\</path>
         <kind>archive</kind>
         <file>rtsv7M4_T_le_eabi.lib</file>
         <name>boot_cortex_m.c.obj</name>
      </input_file>
      <input_file id="fl-d8">
         <path>C:\ti\ccs901\ccs\tools\compiler\ti-cgt-arm_18.12.1.LTS\lib\</path>
         <kind>archive</kind>
         <file>rtsv7M4_T_le_eabi.lib</file>
         <name>_printfi.c.obj</name>
      </input_file>
      <input_file id="fl-d9">
         <path>C:\ti\ccs901\ccs\tools\compiler\ti-cgt-arm_18.12.1.LTS\lib\</path>
         <kind>archive</kind>
         <file>rtsv7M4_T_le_eabi.lib</file>
         <name>fflush.c.obj</name>
      </input_file>
      <input_file id="fl-da">
         <path>C:\ti\ccs901\ccs\tools\compiler\ti-cgt-arm_18.12.1.LTS\lib\</path>
         <kind>archive</kind>
         <file>rtsv7M4_T_le_eabi.lib</file>
         <name>fputs.c.obj</name>
      </input_file>
      <input_file id="fl-db">
         <path>C:\ti\ccs901\ccs\tools\compiler\ti-cgt-arm_18.12.1.LTS\lib\</path>
         <kind>archive</kind>
         <file>rtsv7M4_T_le_eabi.lib</file>
         <name>_io_perm.c.obj</name>
      </input_file>
      <input_file id="fl-dc">
         <path>C:\ti\ccs901\ccs\tools\compiler\ti-cgt-arm_18.12.1.LTS\lib\</path>
         <kind>archive</kind>
         <file>rtsv7M4_T_le_eabi.lib</file>
         <name>setvbuf.c.obj</name>
      </input_file>
      <input_file id="fl-dd">
         <path>C:\ti\ccs901\ccs\tools\compiler\ti-cgt-arm_18.12.1.LTS\lib\</path>
         <kind>archive</kind>
         <file>rtsv7M4_T_le_eabi.lib</file>
         <name>s_frexp.c.obj</name>
      </input_file>
      <input_file id="fl-de">
         <path>C:\ti\ccs901\ccs\tools\compiler\ti-cgt-arm_18.12.1.LTS\lib\</path>
         <kind>archive</kind>
         <file>rtsv7M4_T_le_eabi.lib</file>
         <name>s_scalbn.c.obj</name>
      </input_file>
      <input_file id="fl-df">
         <path>C:\ti\ccs901\ccs\tools\compiler\ti-cgt-arm_18.12.1.LTS\lib\</path>
         <kind>archive</kind>
         <file>rtsv7M4_T_le_eabi.lib</file>
         <name>s_copysign.c.obj</name>
      </input_file>
      <input_file id="fl-e0">
         <path>C:\ti\ccs901\ccs\tools\compiler\ti-cgt-arm_18.12.1.LTS\lib\</path>
         <kind>archive</kind>
         <file>rtsv7M4_T_le_eabi.lib</file>
         <name>div0.asm.obj</name>
      </input_file>
      <input_file id="fl-e1">
         <path>C:\ti\ccs901\ccs\tools\compiler\ti-cgt-arm_18.12.1.LTS\lib\</path>
         <kind>archive</kind>
         <file>rtsv7M4_T_le_eabi.lib</file>
         <name>fd_add_t2.asm.obj</name>
      </input_file>
      <input_file id="fl-e2">
         <path>C:\ti\ccs901\ccs\tools\compiler\ti-cgt-arm_18.12.1.LTS\lib\</path>
         <kind>archive</kind>
         <file>rtsv7M4_T_le_eabi.lib</file>
         <name>fd_cmp_t2.asm.obj</name>
      </input_file>
      <input_file id="fl-e3">
         <path>C:\ti\ccs901\ccs\tools\compiler\ti-cgt-arm_18.12.1.LTS\lib\</path>
         <kind>archive</kind>
         <file>rtsv7M4_T_le_eabi.lib</file>
         <name>fd_div_t2.asm.obj</name>
      </input_file>
      <input_file id="fl-e4">
         <path>C:\ti\ccs901\ccs\tools\compiler\ti-cgt-arm_18.12.1.LTS\lib\</path>
         <kind>archive</kind>
         <file>rtsv7M4_T_le_eabi.lib</file>
         <name>fd_mul_t2.asm.obj</name>
      </input_file>
      <input_file id="fl-e5">
         <path>C:\ti\ccs901\ccs\tools\compiler\ti-cgt-arm_18.12.1.LTS\lib\</path>
         <kind>archive</kind>
         <file>rtsv7M4_T_le_eabi.lib</file>
         <name>fd_toi_t2.asm.obj</name>
      </input_file>
      <input_file id="fl-e6">
         <path>C:\ti\ccs901\ccs\tools\compiler\ti-cgt-arm_18.12.1.LTS\lib\</path>
         <kind>archive</kind>
         <file>rtsv7M4_T_le_eabi.lib</file>
         <name>i_tofd_t2.asm.obj</name>
      </input_file>
      <input_file id="fl-e7">
         <path>C:\ti\ccs901\ccs\tools\compiler\ti-cgt-arm_18.12.1.LTS\lib\</path>
         <kind>archive</kind>
         <file>rtsv7M4_T_le_eabi.lib</file>
         <name>autoinit.c.obj</name>
      </input_file>
      <input_file id="fl-e8">
         <path>C:\ti\ccs901\ccs\tools\compiler\ti-cgt-arm_18.12.1.LTS\lib\</path>
         <kind>archive</kind>
         <file>rtsv7M4_T_le_eabi.lib</file>
         <name>pre_init.c.obj</name>
      </input_file>
      <input_file id="fl-e9">
         <path>C:\ti\ccs901\ccs\tools\compiler\ti-cgt-arm_18.12.1.LTS\lib\</path>
         <kind>archive</kind>
         <file>rtsv7M4_T_le_eabi.lib</file>
         <name>cpy_tbl.c.obj</name>
      </input_file>
      <input_file id="fl-ea">
         <path>C:\ti\ccs901\ccs\tools\compiler\ti-cgt-arm_18.12.1.LTS\lib\</path>
         <kind>archive</kind>
         <file>rtsv7M4_T_le_eabi.lib</file>
         <name>exit.c.obj</name>
      </input_file>
      <input_file id="fl-eb">
         <path>C:\ti\ccs901\ccs\tools\compiler\ti-cgt-arm_18.12.1.LTS\lib\</path>
         <kind>archive</kind>
         <file>rtsv7M4_T_le_eabi.lib</file>
         <name>_lock.c.obj</name>
      </input_file>
      <input_file id="fl-ec">
         <path>C:\ti\ccs901\ccs\tools\compiler\ti-cgt-arm_18.12.1.LTS\lib\</path>
         <kind>archive</kind>
         <file>rtsv7M4_T_le_eabi.lib</file>
         <name>args_main.c.obj</name>
      </input_file>
      <input_file id="fl-ed">
         <path>C:\ti\ccs901\ccs\tools\compiler\ti-cgt-arm_18.12.1.LTS\lib\</path>
         <kind>archive</kind>
         <file>rtsv7M4_T_le_eabi.lib</file>
         <name>atoi.c.obj</name>
      </input_file>
      <input_file id="fl-ee">
         <path>C:\ti\ccs901\ccs\tools\compiler\ti-cgt-arm_18.12.1.LTS\lib\</path>
         <kind>archive</kind>
         <file>rtsv7M4_T_le_eabi.lib</file>
         <name>ctype.c.obj</name>
      </input_file>
      <input_file id="fl-ef">
         <path>C:\ti\ccs901\ccs\tools\compiler\ti-cgt-arm_18.12.1.LTS\lib\</path>
         <kind>archive</kind>
         <file>rtsv7M4_T_le_eabi.lib</file>
         <name>ltoa.c.obj</name>
      </input_file>
      <input_file id="fl-f0">
         <path>C:\ti\ccs901\ccs\tools\compiler\ti-cgt-arm_18.12.1.LTS\lib\</path>
         <kind>archive</kind>
         <file>rtsv7M4_T_le_eabi.lib</file>
         <name>memccpy.c.obj</name>
      </input_file>
      <input_file id="fl-f1">
         <path>C:\ti\ccs901\ccs\tools\compiler\ti-cgt-arm_18.12.1.LTS\lib\</path>
         <kind>archive</kind>
         <file>rtsv7M4_T_le_eabi.lib</file>
         <name>memchr.c.obj</name>
      </input_file>
      <input_file id="fl-f2">
         <path>C:\ti\ccs901\ccs\tools\compiler\ti-cgt-arm_18.12.1.LTS\lib\</path>
         <kind>archive</kind>
         <file>rtsv7M4_T_le_eabi.lib</file>
         <name>strchr.c.obj</name>
      </input_file>
      <input_file id="fl-f3">
         <path>C:\ti\ccs901\ccs\tools\compiler\ti-cgt-arm_18.12.1.LTS\lib\</path>
         <kind>archive</kind>
         <file>rtsv7M4_T_le_eabi.lib</file>
         <name>write.c.obj</name>
      </input_file>
      <input_file id="fl-f4">
         <path>C:\ti\ccs901\ccs\tools\compiler\ti-cgt-arm_18.12.1.LTS\lib\</path>
         <kind>archive</kind>
         <file>rtsv7M4_T_le_eabi.lib</file>
         <name>host_device.c.obj</name>
      </input_file>
      <input_file id="fl-f5">
         <path>C:\ti\ccs901\ccs\tools\compiler\ti-cgt-arm_18.12.1.LTS\lib\</path>
         <kind>archive</kind>
         <file>rtsv7M4_T_le_eabi.lib</file>
         <name>errno.c.obj</name>
      </input_file>
      <input_file id="fl-f6">
         <path>C:\ti\ccs901\ccs\tools\compiler\ti-cgt-arm_18.12.1.LTS\lib\</path>
         <kind>archive</kind>
         <file>rtsv7M4_T_le_eabi.lib</file>
         <name>wcslen.c.obj</name>
      </input_file>
      <input_file id="fl-f7">
         <path>C:\ti\ccs901\ccs\tools\compiler\ti-cgt-arm_18.12.1.LTS\lib\</path>
         <kind>archive</kind>
         <file>rtsv7M4_T_le_eabi.lib</file>
         <name>fopen.c.obj</name>
      </input_file>
      <input_file id="fl-f8">
         <path>C:\ti\ccs901\ccs\tools\compiler\ti-cgt-arm_18.12.1.LTS\lib\</path>
         <kind>archive</kind>
         <file>rtsv7M4_T_le_eabi.lib</file>
         <name>fseek.c.obj</name>
      </input_file>
      <input_file id="fl-f9">
         <path>C:\ti\ccs901\ccs\tools\compiler\ti-cgt-arm_18.12.1.LTS\lib\</path>
         <kind>archive</kind>
         <file>rtsv7M4_T_le_eabi.lib</file>
         <name>hostclose.c.obj</name>
      </input_file>
      <input_file id="fl-fa">
         <path>C:\ti\ccs901\ccs\tools\compiler\ti-cgt-arm_18.12.1.LTS\lib\</path>
         <kind>archive</kind>
         <file>rtsv7M4_T_le_eabi.lib</file>
         <name>hostlseek.c.obj</name>
      </input_file>
      <input_file id="fl-fb">
         <path>C:\ti\ccs901\ccs\tools\compiler\ti-cgt-arm_18.12.1.LTS\lib\</path>
         <kind>archive</kind>
         <file>rtsv7M4_T_le_eabi.lib</file>
         <name>hostopen.c.obj</name>
      </input_file>
      <input_file id="fl-fc">
         <path>C:\ti\ccs901\ccs\tools\compiler\ti-cgt-arm_18.12.1.LTS\lib\</path>
         <kind>archive</kind>
         <file>rtsv7M4_T_le_eabi.lib</file>
         <name>hostread.c.obj</name>
      </input_file>
      <input_file id="fl-fd">
         <path>C:\ti\ccs901\ccs\tools\compiler\ti-cgt-arm_18.12.1.LTS\lib\</path>
         <kind>archive</kind>
         <file>rtsv7M4_T_le_eabi.lib</file>
         <name>hostrename.c.obj</name>
      </input_file>
      <input_file id="fl-fe">
         <path>C:\ti\ccs901\ccs\tools\compiler\ti-cgt-arm_18.12.1.LTS\lib\</path>
         <kind>archive</kind>
         <file>rtsv7M4_T_le_eabi.lib</file>
         <name>hostunlink.c.obj</name>
      </input_file>
      <input_file id="fl-ff">
         <path>C:\ti\ccs901\ccs\tools\compiler\ti-cgt-arm_18.12.1.LTS\lib\</path>
         <kind>archive</kind>
         <file>rtsv7M4_T_le_eabi.lib</file>
         <name>hostwrite.c.obj</name>
      </input_file>
      <input_file id="fl-100">
         <path>C:\ti\ccs901\ccs\tools\compiler\ti-cgt-arm_18.12.1.LTS\lib\</path>
         <kind>archive</kind>
         <file>rtsv7M4_T_le_eabi.lib</file>
         <name>trgmsg.c.obj</name>
      </input_file>
      <input_file id="fl-101">
         <path>C:\ti\ccs901\ccs\tools\compiler\ti-cgt-arm_18.12.1.LTS\lib\</path>
         <kind>archive</kind>
         <file>rtsv7M4_T_le_eabi.lib</file>
         <name>open.c.obj</name>
      </input_file>
      <input_file id="fl-102">
         <path>C:\ti\ccs901\ccs\tools\compiler\ti-cgt-arm_18.12.1.LTS\lib\</path>
         <kind>archive</kind>
         <file>rtsv7M4_T_le_eabi.lib</file>
         <name>lseek.c.obj</name>
      </input_file>
      <input_file id="fl-103">
         <path>C:\ti\ccs901\ccs\tools\compiler\ti-cgt-arm_18.12.1.LTS\lib\</path>
         <kind>archive</kind>
         <file>rtsv7M4_T_le_eabi.lib</file>
         <name>fclose.c.obj</name>
      </input_file>
      <input_file id="fl-104">
         <path>C:\ti\ccs901\ccs\tools\compiler\ti-cgt-arm_18.12.1.LTS\lib\</path>
         <kind>archive</kind>
         <file>rtsv7M4_T_le_eabi.lib</file>
         <name>getdevice.c.obj</name>
      </input_file>
      <input_file id="fl-105">
         <path>C:\ti\ccs901\ccs\tools\compiler\ti-cgt-arm_18.12.1.LTS\lib\</path>
         <kind>archive</kind>
         <file>rtsv7M4_T_le_eabi.lib</file>
         <name>strcpy.c.obj</name>
      </input_file>
      <input_file id="fl-106">
         <path>C:\ti\ccs901\ccs\tools\compiler\ti-cgt-arm_18.12.1.LTS\lib\</path>
         <kind>archive</kind>
         <file>rtsv7M4_T_le_eabi.lib</file>
         <name>strncpy.c.obj</name>
      </input_file>
      <input_file id="fl-107">
         <path>C:\ti\ccs901\ccs\tools\compiler\ti-cgt-arm_18.12.1.LTS\lib\</path>
         <kind>archive</kind>
         <file>rtsv7M4_T_le_eabi.lib</file>
         <name>remove.c.obj</name>
      </input_file>
      <input_file id="fl-108">
         <path>C:\ti\ccs901\ccs\tools\compiler\ti-cgt-arm_18.12.1.LTS\lib\</path>
         <kind>archive</kind>
         <file>rtsv7M4_T_le_eabi.lib</file>
         <name>close.c.obj</name>
      </input_file>
      <input_file id="fl-109">
         <path>C:\ti\ccs901\ccs\tools\compiler\ti-cgt-arm_18.12.1.LTS\lib\</path>
         <kind>archive</kind>
         <file>rtsv7M4_T_le_eabi.lib</file>
         <name>unlink.c.obj</name>
      </input_file>
      <input_file id="fl-10a">
         <path>C:\ti\CC3200SDK_1.3.0\cc3200-sdk\driverlib\ccs\Release\</path>
         <kind>archive</kind>
         <file>driverlib.a</file>
         <name>gpio.obj</name>
      </input_file>
      <input_file id="fl-10b">
         <path>C:\ti\CC3200SDK_1.3.0\cc3200-sdk\driverlib\ccs\Release\</path>
         <kind>archive</kind>
         <file>driverlib.a</file>
         <name>interrupt.obj</name>
      </input_file>
      <input_file id="fl-10c">
         <path>C:\ti\CC3200SDK_1.3.0\cc3200-sdk\driverlib\ccs\Release\</path>
         <kind>archive</kind>
         <file>driverlib.a</file>
         <name>pin.obj</name>
      </input_file>
      <input_file id="fl-10d">
         <path>C:\ti\CC3200SDK_1.3.0\cc3200-sdk\driverlib\ccs\Release\</path>
         <kind>archive</kind>
         <file>driverlib.a</file>
         <name>prcm.obj</name>
      </input_file>
      <input_file id="fl-10e">
         <path>C:\ti\CC3200SDK_1.3.0\cc3200-sdk\driverlib\ccs\Release\</path>
         <kind>archive</kind>
         <file>driverlib.a</file>
         <name>timer.obj</name>
      </input_file>
      <input_file id="fl-10f">
         <path>C:\ti\CC3200SDK_1.3.0\cc3200-sdk\driverlib\ccs\Release\</path>
         <kind>archive</kind>
         <file>driverlib.a</file>
         <name>uart.obj</name>
      </input_file>
      <input_file id="fl-110">
         <path>C:\ti\CC3200SDK_1.3.0\cc3200-sdk\driverlib\ccs\Release\</path>
         <kind>archive</kind>
         <file>driverlib.a</file>
         <name>utils.obj</name>
      </input_file>
      <input_file id="fl-111">
         <path>C:\ti\CC3200SDK_1.3.0\cc3200-sdk\driverlib\ccs\Release\</path>
         <kind>archive</kind>
         <file>driverlib.a</file>
         <name>cpu.obj</name>
      </input_file>
      <input_file id="fl-112">
         <path>C:\ti\CC3200SDK_1.3.0\cc3200-sdk\driverlib\ccs\Release\</path>
         <kind>archive</kind>
         <file>driverlib.a</file>
         <name>flash.obj</name>
      </input_file>
      <input_file id="fl-113">
         <path>C:\ti\CC3200SDK_1.3.0\cc3200-sdk\simplelink\ccs\NON_OS\</path>
         <kind>archive</kind>
         <file>simplelink.a</file>
         <name>device.obj</name>
      </input_file>
      <input_file id="fl-114">
         <path>C:\ti\CC3200SDK_1.3.0\cc3200-sdk\simplelink\ccs\NON_OS\</path>
         <kind>archive</kind>
         <file>simplelink.a</file>
         <name>driver.obj</name>
      </input_file>
      <input_file id="fl-115">
         <path>C:\ti\CC3200SDK_1.3.0\cc3200-sdk\simplelink\ccs\NON_OS\</path>
         <kind>archive</kind>
         <file>simplelink.a</file>
         <name>netapp.obj</name>
      </input_file>
      <input_file id="fl-116">
         <path>C:\ti\CC3200SDK_1.3.0\cc3200-sdk\simplelink\ccs\NON_OS\</path>
         <kind>archive</kind>
         <file>simplelink.a</file>
         <name>netcfg.obj</name>
      </input_file>
      <input_file id="fl-117">
         <path>C:\ti\CC3200SDK_1.3.0\cc3200-sdk\simplelink\ccs\NON_OS\</path>
         <kind>archive</kind>
         <file>simplelink.a</file>
         <name>nonos.obj</name>
      </input_file>
      <input_file id="fl-118">
         <path>C:\ti\CC3200SDK_1.3.0\cc3200-sdk\simplelink\ccs\NON_OS\</path>
         <kind>archive</kind>
         <file>simplelink.a</file>
         <name>socket.obj</name>
      </input_file>
      <input_file id="fl-119">
         <path>C:\ti\CC3200SDK_1.3.0\cc3200-sdk\simplelink\ccs\NON_OS\</path>
         <kind>archive</kind>
         <file>simplelink.a</file>
         <name>wlan.obj</name>
      </input_file>
      <input_file id="fl-11a">
         <path>C:\ti\CC3200SDK_1.3.0\cc3200-sdk\simplelink\ccs\NON_OS\</path>
         <kind>archive</kind>
         <file>simplelink.a</file>
         <name>cc_pal.obj</name>
      </input_file>
      <input_file id="fl-11b">
         <path>C:\ti\CC3200SDK_1.3.0\cc3200-sdk\driverlib\ccs\Release\</path>
         <kind>archive</kind>
         <file>driverlib.a</file>
         <name>spi.obj</name>
      </input_file>
      <input_file id="fl-11c">
         <path>C:\ti\CC3200SDK_1.3.0\cc3200-sdk\driverlib\ccs\Release\</path>
         <kind>archive</kind>
         <file>driverlib.a</file>
         <name>udma.obj</name>
      </input_file>
   </input_file_list>
   <object_component_list>
      <object_component id="oc-f">
         <name>.intvecs</name>
         <load_address>0x20004000</load_address>
         <run_address>0x20004000</run_address>
         <size>0x400</size>
         <input_file_ref idref="fl-a"/>
      </object_component>
      <object_component id="oc-15d">
         <name>.text</name>
         <load_address>0x20004400</load_address>
         <run_address>0x20004400</run_address>
         <size>0xd94</size>
         <input_file_ref idref="fl-2"/>
      </object_component>
      <object_component id="oc-94">
         <name>.text</name>
         <load_address>0x20005194</load_address>
         <run_address>0x20005194</run_address>
         <size>0xc0c</size>
         <input_file_ref idref="fl-6"/>
      </object_component>
      <object_component id="oc-3a1">
         <name>.text:__TI_printfi</name>
         <load_address>0x20005da0</load_address>
         <run_address>0x20005da0</run_address>
         <size>0xa4e</size>
         <input_file_ref idref="fl-d8"/>
      </object_component>
      <object_component id="oc-6bc">
         <name>.text:IntDefaultHandler</name>
         <load_address>0x200067ee</load_address>
         <run_address>0x200067ee</run_address>
         <size>0x2</size>
         <input_file_ref idref="fl-10b"/>
      </object_component>
      <object_component id="oc-3d0">
         <name>.text</name>
         <load_address>0x200067f0</load_address>
         <run_address>0x200067f0</run_address>
         <size>0x92c</size>
         <input_file_ref idref="fl-4"/>
      </object_component>
      <object_component id="oc-3be">
         <name>.text</name>
         <load_address>0x2000711c</load_address>
         <run_address>0x2000711c</run_address>
         <size>0x678</size>
         <input_file_ref idref="fl-5"/>
      </object_component>
      <object_component id="oc-72c">
         <name>.text:_SlDrvMsgRead</name>
         <load_address>0x20007794</load_address>
         <run_address>0x20007794</run_address>
         <size>0x590</size>
         <input_file_ref idref="fl-114"/>
      </object_component>
      <object_component id="oc-c8">
         <name>.text</name>
         <load_address>0x20007d24</load_address>
         <run_address>0x20007d24</run_address>
         <size>0x398</size>
         <input_file_ref idref="fl-3"/>
      </object_component>
      <object_component id="oc-3c4">
         <name>.text</name>
         <load_address>0x200080bc</load_address>
         <run_address>0x200080bc</run_address>
         <size>0x308</size>
         <input_file_ref idref="fl-7"/>
      </object_component>
      <object_component id="oc-62f">
         <name>.text</name>
         <load_address>0x200083c4</load_address>
         <run_address>0x200083c4</run_address>
         <size>0x2a0</size>
         <input_file_ref idref="fl-c"/>
      </object_component>
      <object_component id="oc-ce">
         <name>.text</name>
         <load_address>0x20008664</load_address>
         <run_address>0x20008664</run_address>
         <size>0x280</size>
         <input_file_ref idref="fl-d"/>
      </object_component>
      <object_component id="oc-5f6">
         <name>.text:_pconv_a</name>
         <load_address>0x200088e4</load_address>
         <run_address>0x200088e4</run_address>
         <size>0x268</size>
         <input_file_ref idref="fl-d8"/>
      </object_component>
      <object_component id="oc-860">
         <name>.text:_SlDrvRxHdrRead</name>
         <load_address>0x20008b4c</load_address>
         <run_address>0x20008b4c</run_address>
         <size>0x24c</size>
         <input_file_ref idref="fl-114"/>
      </object_component>
      <object_component id="oc-815">
         <name>.text:_SlDrvDataReadOp</name>
         <load_address>0x20008d98</load_address>
         <run_address>0x20008d98</run_address>
         <size>0x1e4</size>
         <input_file_ref idref="fl-114"/>
      </object_component>
      <object_component id="oc-2df">
         <name>.text:_SlDrvReleasePoolObj</name>
         <load_address>0x20008f7c</load_address>
         <run_address>0x20008f7c</run_address>
         <size>0x1d0</size>
         <input_file_ref idref="fl-114"/>
      </object_component>
      <object_component id="oc-5e4">
         <name>.text:_pconv_g</name>
         <load_address>0x2000914c</load_address>
         <run_address>0x2000914c</run_address>
         <size>0x1cc</size>
         <input_file_ref idref="fl-d8"/>
      </object_component>
      <object_component id="oc-77e">
         <name>.text</name>
         <load_address>0x20009318</load_address>
         <run_address>0x20009318</run_address>
         <size>0x1b6</size>
         <input_file_ref idref="fl-e1"/>
      </object_component>
      <object_component id="oc-68e">
         <name>.text:_nop</name>
         <load_address>0x200094ce</load_address>
         <run_address>0x200094ce</run_address>
         <size>0x2</size>
         <input_file_ref idref="fl-eb"/>
      </object_component>
      <object_component id="oc-2b5">
         <name>.text:_SlDrvDriverCBInit</name>
         <load_address>0x200094d0</load_address>
         <run_address>0x200094d0</run_address>
         <size>0x1b4</size>
         <input_file_ref idref="fl-114"/>
      </object_component>
      <object_component id="oc-579">
         <name>.text:_SlDrvMsgWrite</name>
         <load_address>0x20009684</load_address>
         <run_address>0x20009684</run_address>
         <size>0x19c</size>
         <input_file_ref idref="fl-114"/>
      </object_component>
      <object_component id="oc-c2">
         <name>.text</name>
         <load_address>0x20009820</load_address>
         <run_address>0x20009820</run_address>
         <size>0x198</size>
         <input_file_ref idref="fl-b"/>
      </object_component>
      <object_component id="oc-50c">
         <name>.text:_SlDrvWaitForPoolObj</name>
         <load_address>0x200099b8</load_address>
         <run_address>0x200099b8</run_address>
         <size>0x190</size>
         <input_file_ref idref="fl-114"/>
      </object_component>
      <object_component id="oc-13f">
         <name>.text:PRCMCC3200MCUInit</name>
         <load_address>0x20009b48</load_address>
         <run_address>0x20009b48</run_address>
         <size>0x178</size>
         <input_file_ref idref="fl-10d"/>
      </object_component>
      <object_component id="oc-872">
         <name>.text:_SlFindAndSetActiveObj</name>
         <load_address>0x20009cc0</load_address>
         <run_address>0x20009cc0</run_address>
         <size>0x170</size>
         <input_file_ref idref="fl-114"/>
      </object_component>
      <object_component id="oc-829">
         <name>.text:_SlDrvDataWriteOp</name>
         <load_address>0x20009e30</load_address>
         <run_address>0x20009e30</run_address>
         <size>0x150</size>
         <input_file_ref idref="fl-114"/>
      </object_component>
      <object_component id="oc-2bb">
         <name>.text:spi_Open</name>
         <load_address>0x20009f80</load_address>
         <run_address>0x20009f80</run_address>
         <size>0x148</size>
         <input_file_ref idref="fl-11a"/>
      </object_component>
      <object_component id="oc-57f">
         <name>.text:_SlDrvMsgReadCmdCtx</name>
         <load_address>0x2000a0c8</load_address>
         <run_address>0x2000a0c8</run_address>
         <size>0x144</size>
         <input_file_ref idref="fl-114"/>
      </object_component>
      <object_component id="oc-5f0">
         <name>.text:_pconv_e</name>
         <load_address>0x2000a20c</load_address>
         <run_address>0x2000a20c</run_address>
         <size>0x13c</size>
         <input_file_ref idref="fl-d8"/>
      </object_component>
      <object_component id="oc-764">
         <name>.text</name>
         <load_address>0x2000a348</load_address>
         <run_address>0x2000a348</run_address>
         <size>0x136</size>
         <input_file_ref idref="fl-e3"/>
      </object_component>
      <object_component id="oc-682">
         <name>.text</name>
         <load_address>0x2000a47e</load_address>
         <run_address>0x2000a47e</run_address>
         <size>0x2</size>
         <input_file_ref idref="fl-e0"/>
      </object_component>
      <object_component id="oc-65f">
         <name>.text:sl_Send</name>
         <load_address>0x2000a480</load_address>
         <run_address>0x2000a480</run_address>
         <size>0x134</size>
         <input_file_ref idref="fl-118"/>
      </object_component>
      <object_component id="oc-324">
         <name>.text:_SlDrvDriverCBDeinit</name>
         <load_address>0x2000a5b4</load_address>
         <run_address>0x2000a5b4</run_address>
         <size>0x130</size>
         <input_file_ref idref="fl-114"/>
      </object_component>
      <object_component id="oc-790">
         <name>.text:fcvt</name>
         <load_address>0x2000a6e4</load_address>
         <run_address>0x2000a6e4</run_address>
         <size>0x120</size>
         <input_file_ref idref="fl-d8"/>
      </object_component>
      <object_component id="oc-61e">
         <name>.text:fputs</name>
         <load_address>0x2000a804</load_address>
         <run_address>0x2000a804</run_address>
         <size>0x114</size>
         <input_file_ref idref="fl-da"/>
      </object_component>
      <object_component id="oc-92b">
         <name>.text:_SlDrvNetAppEventHandler</name>
         <load_address>0x2000a918</load_address>
         <run_address>0x2000a918</run_address>
         <size>0x104</size>
         <input_file_ref idref="fl-115"/>
      </object_component>
      <object_component id="oc-75f">
         <name>.text</name>
         <load_address>0x2000aa1c</load_address>
         <run_address>0x2000aa1c</run_address>
         <size>0xfc</size>
         <input_file_ref idref="fl-e4"/>
      </object_component>
      <object_component id="oc-47b">
         <name>.text:aligned_alloc</name>
         <load_address>0x2000ab18</load_address>
         <run_address>0x2000ab18</run_address>
         <size>0xf4</size>
         <input_file_ref idref="fl-d4"/>
      </object_component>
      <object_component id="oc-f0">
         <name>.text:sl_Stop</name>
         <load_address>0x2000ac0c</load_address>
         <run_address>0x2000ac0c</run_address>
         <size>0xf0</size>
         <input_file_ref idref="fl-113"/>
      </object_component>
      <object_component id="oc-86c">
         <name>.text:spi_Read</name>
         <load_address>0x2000acfc</load_address>
         <run_address>0x2000acfc</run_address>
         <size>0xf0</size>
         <input_file_ref idref="fl-11a"/>
      </object_component>
      <object_component id="oc-9ef">
         <name>.text:uDMAChannelTransferSet</name>
         <load_address>0x2000adec</load_address>
         <run_address>0x2000adec</run_address>
         <size>0xf0</size>
         <input_file_ref idref="fl-11c"/>
      </object_component>
      <object_component id="oc-de">
         <name>.text:sl_Start</name>
         <load_address>0x2000aedc</load_address>
         <run_address>0x2000aedc</run_address>
         <size>0xec</size>
         <input_file_ref idref="fl-113"/>
      </object_component>
      <object_component id="oc-732">
         <name>.text:_SlAsyncEventGenericHandler</name>
         <load_address>0x2000afc8</load_address>
         <run_address>0x2000afc8</run_address>
         <size>0xe8</size>
         <input_file_ref idref="fl-114"/>
      </object_component>
      <object_component id="oc-560">
         <name>.text:_SlDrvMsgReadSpawnCtx</name>
         <load_address>0x2000b0b0</load_address>
         <run_address>0x2000b0b0</run_address>
         <size>0xe8</size>
         <input_file_ref idref="fl-114"/>
      </object_component>
      <object_component id="oc-277">
         <name>.text:free</name>
         <load_address>0x2000b198</load_address>
         <run_address>0x2000b198</run_address>
         <size>0xe8</size>
         <input_file_ref idref="fl-d4"/>
      </object_component>
      <object_component id="oc-35f">
         <name>.text:sl_NetAppMDNSRegisterUnregisterService</name>
         <load_address>0x2000b280</load_address>
         <run_address>0x2000b280</run_address>
         <size>0xe4</size>
         <input_file_ref idref="fl-115"/>
      </object_component>
      <object_component id="oc-866">
         <name>.text:_SlDrvClassifyRxMsg</name>
         <load_address>0x2000b364</load_address>
         <run_address>0x2000b364</run_address>
         <size>0xdc</size>
         <input_file_ref idref="fl-114"/>
      </object_component>
      <object_component id="oc-8d9">
         <name>.text:setvbuf</name>
         <load_address>0x2000b440</load_address>
         <run_address>0x2000b440</run_address>
         <size>0xdc</size>
         <input_file_ref idref="fl-dc"/>
      </object_component>
      <object_component id="oc-271">
         <name>.text:realloc</name>
         <load_address>0x2000b51c</load_address>
         <run_address>0x2000b51c</run_address>
         <size>0xd8</size>
         <input_file_ref idref="fl-d4"/>
      </object_component>
      <object_component id="oc-14e">
         <name>.text:sl_NetCfgGet</name>
         <load_address>0x2000b5f4</load_address>
         <run_address>0x2000b5f4</run_address>
         <size>0xd8</size>
         <input_file_ref idref="fl-116"/>
      </object_component>
      <object_component id="oc-7a4">
         <name>.text:scalbn</name>
         <load_address>0x2000b6cc</load_address>
         <run_address>0x2000b6cc</run_address>
         <size>0xd0</size>
         <input_file_ref idref="fl-de"/>
      </object_component>
      <object_component id="oc-9ad">
         <name>.text:_sl_HandleAsync_DnsGetHostByService</name>
         <load_address>0x2000b79c</load_address>
         <run_address>0x2000b79c</run_address>
         <size>0xcc</size>
         <input_file_ref idref="fl-115"/>
      </object_component>
      <object_component id="oc-f6">
         <name>.text:sl_DevGet</name>
         <load_address>0x2000b868</load_address>
         <run_address>0x2000b868</run_address>
         <size>0xcc</size>
         <input_file_ref idref="fl-113"/>
      </object_component>
      <object_component id="oc-53b">
         <name>.text:_SlRemoveFromList</name>
         <load_address>0x2000b934</load_address>
         <run_address>0x2000b934</run_address>
         <size>0xc4</size>
         <input_file_ref idref="fl-114"/>
      </object_component>
      <object_component id="oc-308">
         <name>.text:_SlDrvCmdOp</name>
         <load_address>0x2000b9f8</load_address>
         <run_address>0x2000b9f8</run_address>
         <size>0xc0</size>
         <input_file_ref idref="fl-114"/>
      </object_component>
      <object_component id="oc-5d9">
         <name>.text:_ltostr</name>
         <load_address>0x2000bab8</load_address>
         <run_address>0x2000bab8</run_address>
         <size>0xb1</size>
         <input_file_ref idref="fl-d8"/>
      </object_component>
      <object_component id="oc-4ac">
         <name>.text:_SlNonOsSemGet</name>
         <load_address>0x2000bb6c</load_address>
         <run_address>0x2000bb6c</run_address>
         <size>0xb0</size>
         <input_file_ref idref="fl-117"/>
      </object_component>
      <object_component id="oc-42b">
         <name>.text:IntDisable</name>
         <load_address>0x2000bc1c</load_address>
         <run_address>0x2000bc1c</run_address>
         <size>0xa8</size>
         <input_file_ref idref="fl-10b"/>
      </object_component>
      <object_component id="oc-139">
         <name>.text:IntEnable</name>
         <load_address>0x2000bcc4</load_address>
         <run_address>0x2000bcc4</run_address>
         <size>0xa8</size>
         <input_file_ref idref="fl-10b"/>
      </object_component>
      <object_component id="oc-534">
         <name>.text:_SlDriverHandleError</name>
         <load_address>0x2000bd6c</load_address>
         <run_address>0x2000bd6c</run_address>
         <size>0xa4</size>
         <input_file_ref idref="fl-114"/>
      </object_component>
      <object_component id="oc-4c9">
         <name>.text:SPIConfigSetExpClk</name>
         <load_address>0x2000be10</load_address>
         <run_address>0x2000be10</run_address>
         <size>0xa0</size>
         <input_file_ref idref="fl-11b"/>
      </object_component>
      <object_component id="oc-653">
         <name>.text:sl_Recv</name>
         <load_address>0x2000beb0</load_address>
         <run_address>0x2000beb0</run_address>
         <size>0xa0</size>
         <input_file_ref idref="fl-118"/>
      </object_component>
      <object_component id="oc-3a">
         <name>.text</name>
         <load_address>0x2000bf50</load_address>
         <run_address>0x2000bf50</run_address>
         <size>0x9c</size>
         <input_file_ref idref="fl-cc"/>
      </object_component>
      <object_component id="oc-99f">
         <name>.text:_SlDrvDeviceEventHandler</name>
         <load_address>0x2000bfec</load_address>
         <run_address>0x2000bfec</run_address>
         <size>0x9a</size>
         <input_file_ref idref="fl-113"/>
      </object_component>
      <object_component id="oc-10e">
         <name>.text:sl_NetCfgSet</name>
         <load_address>0x2000c088</load_address>
         <run_address>0x2000c088</run_address>
         <size>0x98</size>
         <input_file_ref idref="fl-116"/>
      </object_component>
      <object_component id="oc-63b">
         <name>.text:sl_SetSockOpt</name>
         <load_address>0x2000c120</load_address>
         <run_address>0x2000c120</run_address>
         <size>0x98</size>
         <input_file_ref idref="fl-118"/>
      </object_component>
      <object_component id="oc-114">
         <name>.text:sl_WlanSet</name>
         <load_address>0x2000c1b8</load_address>
         <run_address>0x2000c1b8</run_address>
         <size>0x98</size>
         <input_file_ref idref="fl-119"/>
      </object_component>
      <object_component id="oc-73b">
         <name>.text:spi_Write</name>
         <load_address>0x2000c250</load_address>
         <run_address>0x2000c250</run_address>
         <size>0x98</size>
         <input_file_ref idref="fl-11a"/>
      </object_component>
      <object_component id="oc-3df">
         <name>.text</name>
         <load_address>0x2000c2e8</load_address>
         <run_address>0x2000c2e8</run_address>
         <size>0x96</size>
         <input_file_ref idref="fl-cb"/>
      </object_component>
      <object_component id="oc-23b">
         <name>.text:PRCMPeripheralClockGet</name>
         <load_address>0x2000c380</load_address>
         <run_address>0x2000c380</run_address>
         <size>0x94</size>
         <input_file_ref idref="fl-10d"/>
      </object_component>
      <object_component id="oc-9a7">
         <name>.text:_sl_HandleAsync_DnsGetHostByName</name>
         <load_address>0x2000c414</load_address>
         <run_address>0x2000c414</run_address>
         <size>0x90</size>
         <input_file_ref idref="fl-115"/>
      </object_component>
      <object_component id="oc-931">
         <name>.text:_sl_HandleAsync_PingResponse</name>
         <load_address>0x2000c4a4</load_address>
         <run_address>0x2000c4a4</run_address>
         <size>0x90</size>
         <input_file_ref idref="fl-115"/>
      </object_component>
      <object_component id="oc-fc">
         <name>.text:sl_WlanPolicySet</name>
         <load_address>0x2000c534</load_address>
         <run_address>0x2000c534</run_address>
         <size>0x90</size>
         <input_file_ref idref="fl-119"/>
      </object_component>
      <object_component id="oc-938">
         <name>.text:SetupDMAReceive</name>
         <load_address>0x2000c5c4</load_address>
         <run_address>0x2000c5c4</run_address>
         <size>0x8c</size>
         <input_file_ref idref="fl-11a"/>
      </object_component>
      <object_component id="oc-87d">
         <name>.text:SetupDMASend</name>
         <load_address>0x2000c650</load_address>
         <run_address>0x2000c650</run_address>
         <size>0x8c</size>
         <input_file_ref idref="fl-11a"/>
      </object_component>
      <object_component id="oc-6e1">
         <name>.text:_SlDrvIsTimeoutExpired</name>
         <load_address>0x2000c6dc</load_address>
         <run_address>0x2000c6dc</run_address>
         <size>0x8c</size>
         <input_file_ref idref="fl-114"/>
      </object_component>
      <object_component id="oc-a37">
         <name>.text:_sl_HandleAsync_InitComplete</name>
         <load_address>0x2000c768</load_address>
         <run_address>0x2000c768</run_address>
         <size>0x8c</size>
         <input_file_ref idref="fl-113"/>
      </object_component>
      <object_component id="oc-635">
         <name>.text:sl_Socket</name>
         <load_address>0x2000c7f4</load_address>
         <run_address>0x2000c7f4</run_address>
         <size>0x8c</size>
         <input_file_ref idref="fl-118"/>
      </object_component>
      <object_component id="oc-5ca">
         <name>.text:PinConfigSet</name>
         <load_address>0x2000c880</load_address>
         <run_address>0x2000c880</run_address>
         <size>0x88</size>
         <input_file_ref idref="fl-10c"/>
      </object_component>
      <object_component id="oc-5df">
         <name>.text:__aeabi_cdcmple</name>
         <load_address>0x2000c908</load_address>
         <run_address>0x2000c908</run_address>
         <size>0x86</size>
         <input_file_ref idref="fl-e2"/>
      </object_component>
      <object_component id="oc-769">
         <name>.text:__aeabi_cdrcmple</name>
         <load_address>0x2000c98e</load_address>
         <run_address>0x2000c98e</run_address>
         <size>0x86</size>
         <input_file_ref idref="fl-e2"/>
      </object_component>
      <object_component id="oc-126">
         <name>.text:sl_WlanRxFilterSet</name>
         <load_address>0x2000ca14</load_address>
         <run_address>0x2000ca14</run_address>
         <size>0x84</size>
         <input_file_ref idref="fl-119"/>
      </object_component>
      <object_component id="oc-20b">
         <name>.text:GPIOIntTypeSet</name>
         <load_address>0x2000ca98</load_address>
         <run_address>0x2000ca98</run_address>
         <size>0x82</size>
         <input_file_ref idref="fl-10a"/>
      </object_component>
      <object_component id="oc-9cf">
         <name>.text:_sl_HandleAsync_Connect</name>
         <load_address>0x2000cb1c</load_address>
         <run_address>0x2000cb1c</run_address>
         <size>0x80</size>
         <input_file_ref idref="fl-118"/>
      </object_component>
      <object_component id="oc-93e">
         <name>.text:spi_Read_CPU</name>
         <load_address>0x2000cb9c</load_address>
         <run_address>0x2000cb9c</run_address>
         <size>0x80</size>
         <input_file_ref idref="fl-11a"/>
      </object_component>
      <object_component id="oc-88f">
         <name>.text:spi_Write_CPU</name>
         <load_address>0x2000cc1c</load_address>
         <run_address>0x2000cc1c</run_address>
         <size>0x80</size>
         <input_file_ref idref="fl-11a"/>
      </object_component>
      <object_component id="oc-624">
         <name>.text:fflush</name>
         <load_address>0x2000cc9c</load_address>
         <run_address>0x2000cc9c</run_address>
         <size>0x7c</size>
         <input_file_ref idref="fl-d9"/>
      </object_component>
      <object_component id="oc-488">
         <name>.text:split</name>
         <load_address>0x2000cd18</load_address>
         <run_address>0x2000cd18</run_address>
         <size>0x7c</size>
         <input_file_ref idref="fl-d4"/>
      </object_component>
      <object_component id="oc-88">
         <name>.text</name>
         <load_address>0x2000cd94</load_address>
         <run_address>0x2000cd94</run_address>
         <size>0x7a</size>
         <input_file_ref idref="fl-cd"/>
      </object_component>
      <object_component id="oc-31e">
         <name>.text:spi_Close</name>
         <load_address>0x2000ce10</load_address>
         <run_address>0x2000ce10</run_address>
         <size>0x78</size>
         <input_file_ref idref="fl-11a"/>
      </object_component>
      <object_component id="oc-241">
         <name>.text:UARTConfigSetExpClk</name>
         <load_address>0x2000ce88</load_address>
         <run_address>0x2000ce88</run_address>
         <size>0x76</size>
         <input_file_ref idref="fl-10f"/>
      </object_component>
      <object_component id="oc-e4">
         <name>.text:_SlNonOsMainLoopTask</name>
         <load_address>0x2000cf00</load_address>
         <run_address>0x2000cf00</run_address>
         <size>0x74</size>
         <input_file_ref idref="fl-117"/>
      </object_component>
      <object_component id="oc-a00">
         <name>.text:__TI_closefile</name>
         <load_address>0x2000cf74</load_address>
         <run_address>0x2000cf74</run_address>
         <size>0x74</size>
         <input_file_ref idref="fl-103"/>
      </object_component>
      <object_component id="oc-1cd">
         <name>.text:TimerIntRegister</name>
         <load_address>0x2000cfe8</load_address>
         <run_address>0x2000cfe8</run_address>
         <size>0x70</size>
         <input_file_ref idref="fl-10e"/>
      </object_component>
      <object_component id="oc-789">
         <name>.text:_mcpy</name>
         <load_address>0x2000d058</load_address>
         <run_address>0x2000d058</run_address>
         <size>0x6e</size>
         <input_file_ref idref="fl-d8"/>
      </object_component>
      <object_component id="oc-a41">
         <name>.text:_SlDrvCmdSend</name>
         <load_address>0x2000d0c8</load_address>
         <run_address>0x2000d0c8</run_address>
         <size>0x6c</size>
         <input_file_ref idref="fl-114"/>
      </object_component>
      <object_component id="oc-9b9">
         <name>.text:_sl_NetAppSendTokenValue</name>
         <load_address>0x2000d134</load_address>
         <run_address>0x2000d134</run_address>
         <size>0x6c</size>
         <input_file_ref idref="fl-115"/>
      </object_component>
      <object_component id="oc-a21">
         <name>.text:HOSTlseek</name>
         <load_address>0x2000d1a0</load_address>
         <run_address>0x2000d1a0</run_address>
         <size>0x68</size>
         <input_file_ref idref="fl-fa"/>
      </object_component>
      <object_component id="oc-a2d">
         <name>.text:HOSTrename</name>
         <load_address>0x2000d208</load_address>
         <run_address>0x2000d208</run_address>
         <size>0x68</size>
         <input_file_ref idref="fl-fd"/>
      </object_component>
      <object_component id="oc-1fd">
         <name>.text:TimerIntUnregister</name>
         <load_address>0x2000d270</load_address>
         <run_address>0x2000d270</run_address>
         <size>0x68</size>
         <input_file_ref idref="fl-10e"/>
      </object_component>
      <object_component id="oc-12">
         <name>.text:decompress:lzss:__TI_decompress_lzss</name>
         <load_address>0x2000d2d8</load_address>
         <run_address>0x2000d2d8</run_address>
         <size>0x68</size>
         <input_file_ref idref="fl-d0"/>
      </object_component>
      <object_component id="oc-55a">
         <name>.text:_SlNonOsSpawn</name>
         <load_address>0x2000d340</load_address>
         <run_address>0x2000d340</run_address>
         <size>0x64</size>
         <input_file_ref idref="fl-117"/>
      </object_component>
      <object_component id="oc-9c9">
         <name>.text:_sl_HandleAsync_Accept</name>
         <load_address>0x2000d3a4</load_address>
         <run_address>0x2000d3a4</run_address>
         <size>0x64</size>
         <input_file_ref idref="fl-118"/>
      </object_component>
      <object_component id="oc-8d3">
         <name>.text:fseek</name>
         <load_address>0x2000d408</load_address>
         <run_address>0x2000d408</run_address>
         <size>0x64</size>
         <input_file_ref idref="fl-f8"/>
      </object_component>
      <object_component id="oc-11a">
         <name>.text:sl_NetAppMDNSUnRegisterService</name>
         <load_address>0x2000d46c</load_address>
         <run_address>0x2000d46c</run_address>
         <size>0x64</size>
         <input_file_ref idref="fl-115"/>
      </object_component>
      <object_component id="oc-6f8">
         <name>.text:uDMAChannelAttributeDisable</name>
         <load_address>0x2000d4d0</load_address>
         <run_address>0x2000d4d0</run_address>
         <size>0x64</size>
         <input_file_ref idref="fl-11c"/>
      </object_component>
      <object_component id="oc-9e9">
         <name>.text:uDMAChannelAttributeEnable</name>
         <load_address>0x2000d534</load_address>
         <run_address>0x2000d534</run_address>
         <size>0x64</size>
         <input_file_ref idref="fl-11c"/>
      </object_component>
      <object_component id="oc-7cb">
         <name>.text:__TI_wrt_ok</name>
         <load_address>0x2000d598</load_address>
         <run_address>0x2000d598</run_address>
         <size>0x62</size>
         <input_file_ref idref="fl-db"/>
      </object_component>
      <object_component id="oc-a09">
         <name>.text:HOSTopen</name>
         <load_address>0x2000d5fc</load_address>
         <run_address>0x2000d5fc</run_address>
         <size>0x60</size>
         <input_file_ref idref="fl-fb"/>
      </object_component>
      <object_component id="oc-659">
         <name>.text:sl_Close</name>
         <load_address>0x2000d65c</load_address>
         <run_address>0x2000d65c</run_address>
         <size>0x60</size>
         <input_file_ref idref="fl-118"/>
      </object_component>
      <object_component id="oc-102">
         <name>.text:sl_WlanProfileDel</name>
         <load_address>0x2000d6bc</load_address>
         <run_address>0x2000d6bc</run_address>
         <size>0x60</size>
         <input_file_ref idref="fl-119"/>
      </object_component>
      <object_component id="oc-ea">
         <name>.text:sl_WlanSetMode</name>
         <load_address>0x2000d71c</load_address>
         <run_address>0x2000d71c</run_address>
         <size>0x60</size>
         <input_file_ref idref="fl-119"/>
      </object_component>
      <object_component id="oc-a57">
         <name>.text:close</name>
         <load_address>0x2000d77c</load_address>
         <run_address>0x2000d77c</run_address>
         <size>0x5c</size>
         <input_file_ref idref="fl-108"/>
      </object_component>
      <object_component id="oc-79e">
         <name>.text:frexp</name>
         <load_address>0x2000d7d8</load_address>
         <run_address>0x2000d7d8</run_address>
         <size>0x5c</size>
         <input_file_ref idref="fl-dd"/>
      </object_component>
      <object_component id="oc-a15">
         <name>.text:HOSTread</name>
         <load_address>0x2000d834</load_address>
         <run_address>0x2000d834</run_address>
         <size>0x58</size>
         <input_file_ref idref="fl-fc"/>
      </object_component>
      <object_component id="oc-a1b">
         <name>.text:HOSTwrite</name>
         <load_address>0x2000d88c</load_address>
         <run_address>0x2000d88c</run_address>
         <size>0x58</size>
         <input_file_ref idref="fl-ff"/>
      </object_component>
      <object_component id="oc-526">
         <name>.text:IntPendClear</name>
         <load_address>0x2000d8e4</load_address>
         <run_address>0x2000d8e4</run_address>
         <size>0x58</size>
         <input_file_ref idref="fl-10b"/>
      </object_component>
      <object_component id="oc-1b5">
         <name>.text:PRCMPeripheralReset</name>
         <load_address>0x2000d93c</load_address>
         <run_address>0x2000d93c</run_address>
         <size>0x58</size>
         <input_file_ref idref="fl-10d"/>
      </object_component>
      <object_component id="oc-5ea">
         <name>.text:_pconv_f</name>
         <load_address>0x2000d994</load_address>
         <run_address>0x2000d994</run_address>
         <size>0x56</size>
         <input_file_ref idref="fl-d8"/>
      </object_component>
      <object_component id="oc-1c7">
         <name>.text:IntPrioritySet</name>
         <load_address>0x2000d9ec</load_address>
         <run_address>0x2000d9ec</run_address>
         <size>0x54</size>
         <input_file_ref idref="fl-10b"/>
      </object_component>
      <object_component id="oc-2f1">
         <name>.text:_SlDrvRxIrqHandler</name>
         <load_address>0x2000da40</load_address>
         <run_address>0x2000da40</run_address>
         <size>0x54</size>
         <input_file_ref idref="fl-114"/>
      </object_component>
      <object_component id="oc-9d5">
         <name>.text:_sl_HandleAsync_Select</name>
         <load_address>0x2000da94</load_address>
         <run_address>0x2000da94</run_address>
         <size>0x54</size>
         <input_file_ref idref="fl-118"/>
      </object_component>
      <object_component id="oc-773">
         <name>.text:ltoa</name>
         <load_address>0x2000dae8</load_address>
         <run_address>0x2000dae8</run_address>
         <size>0x54</size>
         <input_file_ref idref="fl-ef"/>
      </object_component>
      <object_component id="oc-783">
         <name>.text:_ecpy</name>
         <load_address>0x2000db3c</load_address>
         <run_address>0x2000db3c</run_address>
         <size>0x52</size>
         <input_file_ref idref="fl-d8"/>
      </object_component>
      <object_component id="oc-9db">
         <name>.text:_sl_HandleAsync_Stop</name>
         <load_address>0x2000db90</load_address>
         <run_address>0x2000db90</run_address>
         <size>0x50</size>
         <input_file_ref idref="fl-113"/>
      </object_component>
      <object_component id="oc-4ed">
         <name>.text:SPIIntEnable</name>
         <load_address>0x2000dbe0</load_address>
         <run_address>0x2000dbe0</run_address>
         <size>0x4c</size>
         <input_file_ref idref="fl-11b"/>
      </object_component>
      <object_component id="oc-746">
         <name>.text:SPIIntNumberGet</name>
         <load_address>0x2000dc2c</load_address>
         <run_address>0x2000dc2c</run_address>
         <size>0x4c</size>
         <input_file_ref idref="fl-11b"/>
      </object_component>
      <object_component id="oc-2c1">
         <name>.text:_SlDrvProtectAsyncRespSetting</name>
         <load_address>0x2000dc78</load_address>
         <run_address>0x2000dc78</run_address>
         <size>0x4c</size>
         <input_file_ref idref="fl-114"/>
      </object_component>
      <object_component id="oc-7d7">
         <name>.text:__TI_doflush</name>
         <load_address>0x2000dcc4</load_address>
         <run_address>0x2000dcc4</run_address>
         <size>0x4c</size>
         <input_file_ref idref="fl-d9"/>
      </object_component>
      <object_component id="oc-5d3">
         <name>.text:atoi</name>
         <load_address>0x2000dd10</load_address>
         <run_address>0x2000dd10</run_address>
         <size>0x4c</size>
         <input_file_ref idref="fl-ed"/>
      </object_component>
      <object_component id="oc-6f2">
         <name>.text:uDMAChannelAssign</name>
         <load_address>0x2000dd5c</load_address>
         <run_address>0x2000dd5c</run_address>
         <size>0x4c</size>
         <input_file_ref idref="fl-11c"/>
      </object_component>
      <object_component id="oc-43c">
         <name>.text:GPIOGetIntNumber</name>
         <load_address>0x2000dda8</load_address>
         <run_address>0x2000dda8</run_address>
         <size>0x48</size>
         <input_file_ref idref="fl-10a"/>
      </object_component>
      <object_component id="oc-713">
         <name>.text:SPIIntClear</name>
         <load_address>0x2000ddf0</load_address>
         <run_address>0x2000ddf0</run_address>
         <size>0x48</size>
         <input_file_ref idref="fl-11b"/>
      </object_component>
      <object_component id="oc-34a">
         <name>.text:_SlDrvBasicCmd</name>
         <load_address>0x2000de38</load_address>
         <run_address>0x2000de38</run_address>
         <size>0x48</size>
         <input_file_ref idref="fl-114"/>
      </object_component>
      <object_component id="oc-177">
         <name>.text:exit</name>
         <load_address>0x2000de80</load_address>
         <run_address>0x2000de80</run_address>
         <size>0x48</size>
         <input_file_ref idref="fl-ea"/>
      </object_component>
      <object_component id="oc-76e">
         <name>.text</name>
         <load_address>0x2000dec8</load_address>
         <run_address>0x2000dec8</run_address>
         <size>0x48</size>
         <input_file_ref idref="fl-e5"/>
      </object_component>
      <object_component id="oc-a0f">
         <name>.text:HOSTclose</name>
         <load_address>0x2000df10</load_address>
         <run_address>0x2000df10</run_address>
         <size>0x44</size>
         <input_file_ref idref="fl-f9"/>
      </object_component>
      <object_component id="oc-a27">
         <name>.text:HOSTunlink</name>
         <load_address>0x2000df54</load_address>
         <run_address>0x2000df54</run_address>
         <size>0x44</size>
         <input_file_ref idref="fl-fe"/>
      </object_component>
      <object_component id="oc-702">
         <name>.text:SPIDmaMaskGet</name>
         <load_address>0x2000df98</load_address>
         <run_address>0x2000df98</run_address>
         <size>0x44</size>
         <input_file_ref idref="fl-11b"/>
      </object_component>
      <object_component id="oc-1bb">
         <name>.text:TimerConfigure</name>
         <load_address>0x2000dfdc</load_address>
         <run_address>0x2000dfdc</run_address>
         <size>0x44</size>
         <input_file_ref idref="fl-10e"/>
      </object_component>
      <object_component id="oc-2d9">
         <name>.text:_SlDrvSyncObjWaitTimeout</name>
         <load_address>0x2000e020</load_address>
         <run_address>0x2000e020</run_address>
         <size>0x44</size>
         <input_file_ref idref="fl-114"/>
      </object_component>
      <object_component id="oc-17d">
         <name>.text:__TI_auto_init_nobinit_nopinit:__TI_auto_init_nobinit_nopinit</name>
         <load_address>0x2000e064</load_address>
         <run_address>0x2000e064</run_address>
         <size>0x44</size>
         <input_file_ref idref="fl-e7"/>
      </object_component>
      <object_component id="oc-94b">
         <name>.text:cc_SetupTransfer</name>
         <load_address>0x2000e0a8</load_address>
         <run_address>0x2000e0a8</run_address>
         <size>0x44</size>
         <input_file_ref idref="fl-11a"/>
      </object_component>
      <object_component id="oc-a95">
         <name>.text:getdevice</name>
         <load_address>0x2000e0ec</load_address>
         <run_address>0x2000e0ec</run_address>
         <size>0x44</size>
         <input_file_ref idref="fl-104"/>
      </object_component>
      <object_component id="oc-5c4">
         <name>.text:PinModeSet</name>
         <load_address>0x2000e130</load_address>
         <run_address>0x2000e130</run_address>
         <size>0x40</size>
         <input_file_ref idref="fl-10c"/>
      </object_component>
      <object_component id="oc-823">
         <name>.text:_sl_TruncatePayloadByProtocol</name>
         <load_address>0x2000e170</load_address>
         <run_address>0x2000e170</run_address>
         <size>0x40</size>
         <input_file_ref idref="fl-118"/>
      </object_component>
      <object_component id="oc-154">
         <name>.text:sprintf</name>
         <load_address>0x2000e1b0</load_address>
         <run_address>0x2000e1b0</run_address>
         <size>0x40</size>
         <input_file_ref idref="fl-c9"/>
      </object_component>
      <object_component id="oc-24d">
         <name>.text:vsnprintf</name>
         <load_address>0x2000e1f0</load_address>
         <run_address>0x2000e1f0</run_address>
         <size>0x40</size>
         <input_file_ref idref="fl-ca"/>
      </object_component>
      <object_component id="oc-2cd">
         <name>.text:NwpRegisterInterruptHandler</name>
         <load_address>0x2000e230</load_address>
         <run_address>0x2000e230</run_address>
         <size>0x3e</size>
         <input_file_ref idref="fl-11a"/>
      </object_component>
      <object_component id="oc-796">
         <name>.text:_fcpy</name>
         <load_address>0x2000e26e</load_address>
         <run_address>0x2000e26e</run_address>
         <size>0x3e</size>
         <input_file_ref idref="fl-d8"/>
      </object_component>
      <object_component id="oc-9c0">
         <name>.text:CopyPingResultsToReport</name>
         <load_address>0x2000e2ac</load_address>
         <run_address>0x2000e2ac</run_address>
         <size>0x3c</size>
         <input_file_ref idref="fl-115"/>
      </object_component>
      <object_component id="oc-1af">
         <name>.text:PRCMPeripheralClkEnable</name>
         <load_address>0x2000e2e8</load_address>
         <run_address>0x2000e2e8</run_address>
         <size>0x3c</size>
         <input_file_ref idref="fl-10d"/>
      </object_component>
      <object_component id="oc-917">
         <name>.text:simplelink_timerA2_start</name>
         <load_address>0x2000e324</load_address>
         <run_address>0x2000e324</run_address>
         <size>0x3c</size>
         <input_file_ref idref="fl-11a"/>
      </object_component>
      <object_component id="oc-9e3">
         <name>.text:uDMAChannelControlSet</name>
         <load_address>0x2000e360</load_address>
         <run_address>0x2000e360</run_address>
         <size>0x3c</size>
         <input_file_ref idref="fl-11c"/>
      </object_component>
      <object_component id="oc-2c7">
         <name>.text:NwpPowerOff</name>
         <load_address>0x2000e39c</load_address>
         <run_address>0x2000e39c</run_address>
         <size>0x38</size>
         <input_file_ref idref="fl-11a"/>
      </object_component>
      <object_component id="oc-a66">
         <name>.text:__TI_writemsg</name>
         <load_address>0x2000e3d4</load_address>
         <run_address>0x2000e3d4</run_address>
         <size>0x38</size>
         <input_file_ref idref="fl-100"/>
      </object_component>
      <object_component id="oc-108">
         <name>.text:sl_WlanDisconnect</name>
         <load_address>0x2000e40c</load_address>
         <run_address>0x2000e40c</run_address>
         <size>0x38</size>
         <input_file_ref idref="fl-119"/>
      </object_component>
      <object_component id="oc-ab7">
         <name>.text:strncpy</name>
         <load_address>0x2000e444</load_address>
         <run_address>0x2000e444</run_address>
         <size>0x36</size>
         <input_file_ref idref="fl-106"/>
      </object_component>
      <object_component id="oc-4cf">
         <name>.text:PRCMPeripheralStatusGet</name>
         <load_address>0x2000e47c</load_address>
         <run_address>0x2000e47c</run_address>
         <size>0x34</size>
         <input_file_ref idref="fl-10d"/>
      </object_component>
      <object_component id="oc-4e7">
         <name>.text:SPIFIFOLevelSet</name>
         <load_address>0x2000e4b0</load_address>
         <run_address>0x2000e4b0</run_address>
         <size>0x34</size>
         <input_file_ref idref="fl-11b"/>
      </object_component>
      <object_component id="oc-971">
         <name>.text:__TI_cleanup</name>
         <load_address>0x2000e4e4</load_address>
         <run_address>0x2000e4e4</run_address>
         <size>0x34</size>
         <input_file_ref idref="fl-f7"/>
      </object_component>
      <object_component id="oc-a6c">
         <name>.text:__TI_readmsg</name>
         <load_address>0x2000e518</load_address>
         <run_address>0x2000e518</run_address>
         <size>0x34</size>
         <input_file_ref idref="fl-100"/>
      </object_component>
      <object_component id="oc-44f">
         <name>.text:UARTDisable</name>
         <load_address>0x2000e54c</load_address>
         <run_address>0x2000e54c</run_address>
         <size>0x30</size>
         <input_file_ref idref="fl-10f"/>
      </object_component>
      <object_component id="oc-45d">
         <name>.text:_outs</name>
         <load_address>0x2000e57c</load_address>
         <run_address>0x2000e57c</run_address>
         <size>0x30</size>
         <input_file_ref idref="fl-ca"/>
      </object_component>
      <object_component id="oc-abd">
         <name>.text:finddevice</name>
         <load_address>0x2000e5ac</load_address>
         <run_address>0x2000e5ac</run_address>
         <size>0x30</size>
         <input_file_ref idref="fl-104"/>
      </object_component>
      <object_component id="oc-779">
         <name>.text</name>
         <load_address>0x2000e5dc</load_address>
         <run_address>0x2000e5dc</run_address>
         <size>0x2e</size>
         <input_file_ref idref="fl-e6"/>
      </object_component>
      <object_component id="oc-2d3">
         <name>.text:NwpPowerOn</name>
         <load_address>0x2000e60c</load_address>
         <run_address>0x2000e60c</run_address>
         <size>0x2c</size>
         <input_file_ref idref="fl-11a"/>
      </object_component>
      <object_component id="oc-37b">
         <name>.text:PRCMSysResetCauseGet</name>
         <load_address>0x2000e638</load_address>
         <run_address>0x2000e638</run_address>
         <size>0x2c</size>
         <input_file_ref idref="fl-10d"/>
      </object_component>
      <object_component id="oc-56d">
         <name>.text:_SlDrvObjGlobalLockWaitForever</name>
         <load_address>0x2000e664</load_address>
         <run_address>0x2000e664</run_address>
         <size>0x2c</size>
         <input_file_ref idref="fl-114"/>
      </object_component>
      <object_component id="oc-512">
         <name>.text:_SlDrvProtectionObjLockWaitForever</name>
         <load_address>0x2000e690</load_address>
         <run_address>0x2000e690</run_address>
         <size>0x2c</size>
         <input_file_ref idref="fl-114"/>
      </object_component>
      <object_component id="oc-a5d">
         <name>.text:unlink</name>
         <load_address>0x2000e6bc</load_address>
         <run_address>0x2000e6bc</run_address>
         <size>0x2c</size>
         <input_file_ref idref="fl-109"/>
      </object_component>
      <object_component id="oc-1e5">
         <name>.text:TimerLoadSet</name>
         <load_address>0x2000e6e8</load_address>
         <run_address>0x2000e6e8</run_address>
         <size>0x2a</size>
         <input_file_ref idref="fl-10e"/>
      </object_component>
      <object_component id="oc-1c1">
         <name>.text:TimerPrescaleSet</name>
         <load_address>0x2000e712</load_address>
         <run_address>0x2000e712</run_address>
         <size>0x2a</size>
         <input_file_ref idref="fl-10e"/>
      </object_component>
      <object_component id="oc-38d">
         <name>.text:PRCMPeripheralClkDisable</name>
         <load_address>0x2000e73c</load_address>
         <run_address>0x2000e73c</run_address>
         <size>0x28</size>
         <input_file_ref idref="fl-10d"/>
      </object_component>
      <object_component id="oc-573">
         <name>.text:_SlDrvGlobalObjUnLock</name>
         <load_address>0x2000e764</load_address>
         <run_address>0x2000e764</run_address>
         <size>0x28</size>
         <input_file_ref idref="fl-114"/>
      </object_component>
      <object_component id="oc-518">
         <name>.text:_SlDrvProtectionObjUnLock</name>
         <load_address>0x2000e78c</load_address>
         <run_address>0x2000e78c</run_address>
         <size>0x28</size>
         <input_file_ref idref="fl-114"/>
      </object_component>
      <object_component id="oc-71a">
         <name>.text:_SlDrvSyncObjWaitForever</name>
         <load_address>0x2000e7b4</load_address>
         <run_address>0x2000e7b4</run_address>
         <size>0x28</size>
         <input_file_ref idref="fl-114"/>
      </object_component>
      <object_component id="oc-48f">
         <name>.text:free_list_insert</name>
         <load_address>0x2000e7dc</load_address>
         <run_address>0x2000e7dc</run_address>
         <size>0x28</size>
         <input_file_ref idref="fl-d4"/>
      </object_component>
      <object_component id="oc-969">
         <name>.text:lseek</name>
         <load_address>0x2000e804</load_address>
         <run_address>0x2000e804</run_address>
         <size>0x28</size>
         <input_file_ref idref="fl-102"/>
      </object_component>
      <object_component id="oc-7dd">
         <name>.text:write</name>
         <load_address>0x2000e82c</load_address>
         <run_address>0x2000e82c</run_address>
         <size>0x28</size>
         <input_file_ref idref="fl-f3"/>
      </object_component>
      <object_component id="oc-8ff">
         <name>.text:_SlDrvObjLockWaitForever</name>
         <load_address>0x2000e854</load_address>
         <run_address>0x2000e854</run_address>
         <size>0x26</size>
         <input_file_ref idref="fl-114"/>
      </object_component>
      <object_component id="oc-4ff">
         <name>.text:DmaSpiSwIntHandler</name>
         <load_address>0x2000e87c</load_address>
         <run_address>0x2000e87c</run_address>
         <size>0x24</size>
         <input_file_ref idref="fl-11a"/>
      </object_component>
      <object_component id="oc-431">
         <name>.text:IntUnregister</name>
         <load_address>0x2000e8a0</load_address>
         <run_address>0x2000e8a0</run_address>
         <size>0x24</size>
         <input_file_ref idref="fl-10b"/>
      </object_component>
      <object_component id="oc-455">
         <name>.text:UARTEnable</name>
         <load_address>0x2000e8c4</load_address>
         <run_address>0x2000e8c4</run_address>
         <size>0x24</size>
         <input_file_ref idref="fl-10f"/>
      </object_component>
      <object_component id="oc-58">
         <name>.text:_c_int00_noargs:_c_int00_noargs</name>
         <load_address>0x2000e8e8</load_address>
         <run_address>0x2000e8e8</run_address>
         <size>0x24</size>
         <input_file_ref idref="fl-d7"/>
      </object_component>
      <object_component id="oc-265">
         <name>.text:memmove</name>
         <load_address>0x2000e90c</load_address>
         <run_address>0x2000e90c</run_address>
         <size>0x24</size>
         <input_file_ref idref="fl-d3"/>
      </object_component>
      <object_component id="oc-4c3">
         <name>.text:SPIReset</name>
         <load_address>0x2000e930</load_address>
         <run_address>0x2000e930</run_address>
         <size>0x22</size>
         <input_file_ref idref="fl-11b"/>
      </object_component>
      <object_component id="oc-889">
         <name>.text:SPIWordCountSet</name>
         <load_address>0x2000e952</load_address>
         <run_address>0x2000e952</run_address>
         <size>0x22</size>
         <input_file_ref idref="fl-11b"/>
      </object_component>
      <object_component id="oc-223">
         <name>.text:GPIOPinWrite</name>
         <load_address>0x2000e974</load_address>
         <run_address>0x2000e974</run_address>
         <size>0x20</size>
         <input_file_ref idref="fl-10a"/>
      </object_component>
      <object_component id="oc-41c">
         <name>.text:IntRegister</name>
         <load_address>0x2000e994</load_address>
         <run_address>0x2000e994</run_address>
         <size>0x20</size>
         <input_file_ref idref="fl-10b"/>
      </object_component>
      <object_component id="oc-318">
         <name>.text:NwpPrePowerOffTimout0</name>
         <load_address>0x2000e9b4</load_address>
         <run_address>0x2000e9b4</run_address>
         <size>0x20</size>
         <input_file_ref idref="fl-11a"/>
      </object_component>
      <object_component id="oc-84e">
         <name>.text:TimerGetCurrentTimestamp</name>
         <load_address>0x2000e9d4</load_address>
         <run_address>0x2000e9d4</run_address>
         <size>0x20</size>
         <input_file_ref idref="fl-11a"/>
      </object_component>
      <object_component id="oc-905">
         <name>.text:_SlDrvObjUnLock</name>
         <load_address>0x2000e9f4</load_address>
         <run_address>0x2000e9f4</run_address>
         <size>0x20</size>
         <input_file_ref idref="fl-114"/>
      </object_component>
      <object_component id="oc-541">
         <name>.text:_SlDrvSyncObjSignal</name>
         <load_address>0x2000ea14</load_address>
         <run_address>0x2000ea14</run_address>
         <size>0x20</size>
         <input_file_ref idref="fl-114"/>
      </object_component>
      <object_component id="oc-7d1">
         <name>.text:memchr</name>
         <load_address>0x2000ea34</load_address>
         <run_address>0x2000ea34</run_address>
         <size>0x20</size>
         <input_file_ref idref="fl-f1"/>
      </object_component>
      <object_component id="oc-211">
         <name>.text:GPIOIntRegister</name>
         <load_address>0x2000ea54</load_address>
         <run_address>0x2000ea54</run_address>
         <size>0x1e</size>
         <input_file_ref idref="fl-10a"/>
      </object_component>
      <object_component id="oc-1f1">
         <name>.text:TimerDisable</name>
         <load_address>0x2000ea72</load_address>
         <run_address>0x2000ea72</run_address>
         <size>0x1e</size>
         <input_file_ref idref="fl-10e"/>
      </object_component>
      <object_component id="oc-1eb">
         <name>.text:TimerEnable</name>
         <load_address>0x2000ea90</load_address>
         <run_address>0x2000ea90</run_address>
         <size>0x1e</size>
         <input_file_ref idref="fl-10e"/>
      </object_component>
      <object_component id="oc-1d9">
         <name>.text:TimerIntStatus</name>
         <load_address>0x2000eaae</load_address>
         <run_address>0x2000eaae</run_address>
         <size>0x1e</size>
         <input_file_ref idref="fl-10e"/>
      </object_component>
      <object_component id="oc-247">
         <name>.text:UARTCharPut</name>
         <load_address>0x2000eacc</load_address>
         <run_address>0x2000eacc</run_address>
         <size>0x1e</size>
         <input_file_ref idref="fl-10f"/>
      </object_component>
      <object_component id="oc-4d5">
         <name>.text:cc_UDMAChannelSelect</name>
         <load_address>0x2000eaea</load_address>
         <run_address>0x2000eaea</run_address>
         <size>0x1e</size>
         <input_file_ref idref="fl-11a"/>
      </object_component>
      <object_component id="oc-203">
         <name>.text:TimerValueGet</name>
         <load_address>0x2000eb08</load_address>
         <run_address>0x2000eb08</run_address>
         <size>0x1c</size>
         <input_file_ref idref="fl-10e"/>
      </object_component>
      <object_component id="oc-259">
         <name>.text:UARTCharGetNonBlocking</name>
         <load_address>0x2000eb24</load_address>
         <run_address>0x2000eb24</run_address>
         <size>0x1c</size>
         <input_file_ref idref="fl-10f"/>
      </object_component>
      <object_component id="oc-6db">
         <name>.text:_SlDrvStartMeasureTimeout</name>
         <load_address>0x2000eb40</load_address>
         <run_address>0x2000eb40</run_address>
         <size>0x1c</size>
         <input_file_ref idref="fl-114"/>
      </object_component>
[...]
         <object_component_ref idref="oc-241"/>
      </symbol>
      <symbol id="sm-e81">
         <name>UARTDisable</name>
         <value>0x2000e54d</value>
         <object_component_ref idref="oc-44f"/>
      </symbol>
      <symbol id="sm-e82">
         <name>UARTCharsAvail</name>
         <value>0x2000ed47</value>
         <object_component_ref idref="oc-253"/>
      </symbol>
      <symbol id="sm-e83">
         <name>UARTCharGetNonBlocking</name>
         <value>0x2000eb25</value>
         <object_component_ref idref="oc-259"/>
      </symbol>
      <symbol id="sm-e84">
         <name>UARTCharPut</name>
         <value>0x2000eacd</value>
         <object_component_ref idref="oc-247"/>
      </symbol>
      <symbol id="sm-e85">
         <name>UARTEnable</name>
         <value>0x2000e8c5</value>
         <object_component_ref idref="oc-455"/>
      </symbol>
      <symbol id="sm-e89">
         <name>UtilsDelay</name>
         <value>0x2000ef49</value>
         <object_component_ref idref="oc-3b7"/>
      </symbol>
      <symbol id="sm-e93">
         <name>CPUcpsie</name>
         <value>0x2000ee31</value>
         <object_component_ref idref="oc-370"/>
      </symbol>
      <symbol id="sm-f37">
         <name>_sl_HandleAsync_InitComplete</name>
         <value>0x2000c769</value>
         <object_component_ref idref="oc-a37"/>
      </symbol>
      <symbol id="sm-f38">
         <name>_SlDrvDeviceEventHandler</name>
         <value>0x2000bfed</value>
         <object_component_ref idref="oc-99f"/>
      </symbol>
      <symbol id="sm-f39">
         <name>_sl_HandleAsync_Stop</name>
         <value>0x2000db91</value>
         <object_component_ref idref="oc-9db"/>
      </symbol>
      <symbol id="sm-f3a">
         <name>sl_Stop</name>
         <value>0x2000ac0d</value>
         <object_component_ref idref="oc-f0"/>
      </symbol>
      <symbol id="sm-f3b">
         <name>sl_Start</name>
         <value>0x2000aedd</value>
         <object_component_ref idref="oc-de"/>
      </symbol>
      <symbol id="sm-f3c">
         <name>sl_DevGet</name>
         <value>0x2000b869</value>
         <object_component_ref idref="oc-f6"/>
      </symbol>
      <symbol id="sm-11eb">
         <name>RxIrqCnt</name>
         <value>0x20020ff4</value>
      </symbol>
      <symbol id="sm-11ec">
         <name>g_bDeviceRestartIsRequired</name>
         <value>0x20020ff5</value>
      </symbol>
      <symbol id="sm-11ed">
         <name>_SlDrvProtectionObjUnLock</name>
         <value>0x2000e78d</value>
         <object_component_ref idref="oc-518"/>
      </symbol>
      <symbol id="sm-11ee">
         <name>_SlDrvBasicCmd</name>
         <value>0x2000de39</value>
         <object_component_ref idref="oc-34a"/>
      </symbol>
      <symbol id="sm-11ef">
         <name>_SlDrvObjUnLock</name>
         <value>0x2000e9f5</value>
         <object_component_ref idref="oc-905"/>
      </symbol>
      <symbol id="sm-11f0">
         <name>_SlDrvObjLockWaitForever</name>
         <value>0x2000e855</value>
         <object_component_ref idref="oc-8ff"/>
      </symbol>
      <symbol id="sm-11f1">
         <name>_SlDrvMsgReadSpawnCtx</name>
         <value>0x2000b0b1</value>
         <object_component_ref idref="oc-560"/>
      </symbol>
      <symbol id="sm-11f2">
         <name>_SlDrvDispatchHttpServerEvents</name>
         <value>0x2000eeb9</value>
         <object_component_ref idref="oc-9b3"/>
      </symbol>
      <symbol id="sm-11f3">
         <name>_SlDriverHandleError</name>
         <value>0x2000bd6d</value>
         <object_component_ref idref="oc-534"/>
      </symbol>
      <symbol id="sm-11f4">
         <name>_SlDrvDriverCBDeinit</name>
         <value>0x2000a5b5</value>
         <object_component_ref idref="oc-324"/>
      </symbol>
      <symbol id="sm-11f5">
         <name>_SlDrvStartMeasureTimeout</name>
         <value>0x2000eb41</value>
         <object_component_ref idref="oc-6db"/>
      </symbol>
      <symbol id="sm-11f6">
         <name>_SlDrvResetCmdExt</name>
         <value>0x2000eec9</value>
         <object_component_ref idref="oc-333"/>
      </symbol>
      <symbol id="sm-11f7">
         <name>_SlDrvIsTimeoutExpired</name>
         <value>0x2000c6dd</value>
         <object_component_ref idref="oc-6e1"/>
      </symbol>
      <symbol id="sm-11f8">
         <name>_SlDrvProtectAsyncRespSetting</name>
         <value>0x2000dc79</value>
         <object_component_ref idref="oc-2c1"/>
      </symbol>
      <symbol id="sm-11f9">
         <name>_SlDrvReleasePoolObj</name>
         <value>0x20008f7d</value>
         <object_component_ref idref="oc-2df"/>
      </symbol>
      <symbol id="sm-11fa">
         <name>OpcodeTranslateTable</name>
         <value>0x2000f358</value>
         <object_component_ref idref="oc-879"/>
      </symbol>
      <symbol id="sm-11fb">
         <name>pPingCallBackFunc</name>
         <value>0x20021244</value>
         <object_component_ref idref="oc-2ee"/>
      </symbol>
      <symbol id="sm-11fc">
         <name>_SlDrvDriverCBInit</name>
         <value>0x200094d1</value>
         <object_component_ref idref="oc-2b5"/>
      </symbol>
      <symbol id="sm-11fd">
         <name>g_pCB</name>
         <value>0x20021240</value>
         <object_component_ref idref="oc-2ee"/>
      </symbol>
      <symbol id="sm-11fe">
         <name>_SlDrvProtectionObjLockWaitForever</name>
         <value>0x2000e691</value>
         <object_component_ref idref="oc-512"/>
      </symbol>
      <symbol id="sm-11ff">
         <name>_SlDrvCmdOp</name>
         <value>0x2000b9f9</value>
         <object_component_ref idref="oc-308"/>
      </symbol>
      <symbol id="sm-1200">
         <name>_SlDrvSyncObjWaitTimeout</name>
         <value>0x2000e021</value>
         <object_component_ref idref="oc-2d9"/>
      </symbol>
      <symbol id="sm-1201">
         <name>_SlDrvGlobalObjUnLock</name>
         <value>0x2000e765</value>
         <object_component_ref idref="oc-573"/>
      </symbol>
      <symbol id="sm-1202">
         <name>_SlDrvMemZero</name>
         <value>0x2000ee05</value>
         <object_component_ref idref="oc-4a0"/>
      </symbol>
      <symbol id="sm-1203">
         <name>_SlDrvWaitForPoolObj</name>
         <value>0x200099b9</value>
         <object_component_ref idref="oc-50c"/>
      </symbol>
      <symbol id="sm-1204">
         <name>_SlDrvSyncObjSignal</name>
         <value>0x2000ea15</value>
         <object_component_ref idref="oc-541"/>
      </symbol>
      <symbol id="sm-1205">
         <name>_SlDrvDataReadOp</name>
         <value>0x20008d99</value>
         <object_component_ref idref="oc-815"/>
      </symbol>
      <symbol id="sm-1206">
         <name>_SlDrvDataWriteOp</name>
         <value>0x20009e31</value>
         <object_component_ref idref="oc-829"/>
      </symbol>
      <symbol id="sm-1207">
         <name>_SlDrvRxIrqHandler</name>
         <value>0x2000da41</value>
         <object_component_ref idref="oc-2f1"/>
      </symbol>
      <symbol id="sm-1208">
         <name>_SlDrvSyncObjWaitForever</name>
         <value>0x2000e7b5</value>
         <object_component_ref idref="oc-71a"/>
      </symbol>
      <symbol id="sm-1209">
         <name>g_SlDeviceStatus</name>
         <value>0x2002123c</value>
         <object_component_ref idref="oc-2ee"/>
      </symbol>
      <symbol id="sm-120a">
         <name>_SlDrvCmdSend</name>
         <value>0x2000d0c9</value>
         <object_component_ref idref="oc-a41"/>
      </symbol>
      <symbol id="sm-120b">
         <name>_SlActionLookupTable</name>
         <value>0x2000f394</value>
         <object_component_ref idref="oc-945"/>
      </symbol>
      <symbol id="sm-1292">
         <name>sl_NetAppMDNSUnRegisterService</name>
         <value>0x2000d46d</value>
         <object_component_ref idref="oc-11a"/>
      </symbol>
      <symbol id="sm-1293">
         <name>_SlNetAppSendTokenValueCmdCtrl</name>
         <value>0x2000f55e</value>
         <object_component_ref idref="oc-a47"/>
      </symbol>
      <symbol id="sm-1294">
         <name>_sl_HandleAsync_DnsGetHostByName</name>
         <value>0x2000c415</value>
         <object_component_ref idref="oc-9a7"/>
      </symbol>
      <symbol id="sm-1295">
         <name>_sl_HandleAsync_PingResponse</name>
         <value>0x2000c4a5</value>
         <object_component_ref idref="oc-931"/>
      </symbol>
      <symbol id="sm-1296">
         <name>_SlDrvNetAppEventHandler</name>
         <value>0x2000a919</value>
         <object_component_ref idref="oc-92b"/>
      </symbol>
      <symbol id="sm-1297">
         <name>_sl_HandleAsync_DnsGetHostByService</name>
         <value>0x2000b79d</value>
         <object_component_ref idref="oc-9ad"/>
      </symbol>
      <symbol id="sm-1298">
         <name>_sl_NetAppSendTokenValue</name>
         <value>0x2000d135</value>
         <object_component_ref idref="oc-9b9"/>
      </symbol>
      <symbol id="sm-1299">
         <name>sl_NetAppMDNSRegisterUnregisterService</name>
         <value>0x2000b281</value>
         <object_component_ref idref="oc-35f"/>
      </symbol>
      <symbol id="sm-12d9">
         <name>sl_NetCfgGet</name>
         <value>0x2000b5f5</value>
         <object_component_ref idref="oc-14e"/>
      </symbol>
      <symbol id="sm-12da">
         <name>sl_NetCfgSet</name>
         <value>0x2000c089</value>
         <object_component_ref idref="oc-10e"/>
      </symbol>
      <symbol id="sm-1322">
         <name>_SlNonOsSemSet</name>
         <value>0x2000ed5f</value>
         <object_component_ref idref="oc-4a6"/>
      </symbol>
      <symbol id="sm-1323">
         <name>_SlNonOsSpawn</name>
         <value>0x2000d341</value>
         <object_component_ref idref="oc-55a"/>
      </symbol>
      <symbol id="sm-1324">
         <name>_SlNonOsSemGet</name>
         <value>0x2000bb6d</value>
         <object_component_ref idref="oc-4ac"/>
      </symbol>
      <symbol id="sm-1325">
         <name>_SlNonOsMainLoopTask</name>
         <value>0x2000cf01</value>
         <object_component_ref idref="oc-e4"/>
      </symbol>
      <symbol id="sm-1326">
         <name>g__SlNonOsCB</name>
         <value>0x200211b8</value>
         <object_component_ref idref="oc-303"/>
      </symbol>
      <symbol id="sm-13e4">
         <name>sl_Recv</name>
         <value>0x2000beb1</value>
         <object_component_ref idref="oc-653"/>
      </symbol>
      <symbol id="sm-13e5">
         <name>sl_Send</name>
         <value>0x2000a481</value>
         <object_component_ref idref="oc-65f"/>
      </symbol>
      <symbol id="sm-13e6">
         <name>_sl_HandleAsync_Connect</name>
         <value>0x2000cb1d</value>
         <object_component_ref idref="oc-9cf"/>
      </symbol>
      <symbol id="sm-13e7">
         <name>sl_Socket</name>
         <value>0x2000c7f5</value>
         <object_component_ref idref="oc-635"/>
      </symbol>
      <symbol id="sm-13e8">
         <name>_sl_HandleAsync_Select</name>
         <value>0x2000da95</value>
         <object_component_ref idref="oc-9d5"/>
      </symbol>
      <symbol id="sm-13e9">
         <name>sl_Close</name>
         <value>0x2000d65d</value>
         <object_component_ref idref="oc-659"/>
      </symbol>
      <symbol id="sm-13ea">
         <name>_sl_HandleAsync_Accept</name>
         <value>0x2000d3a5</value>
         <object_component_ref idref="oc-9c9"/>
      </symbol>
      <symbol id="sm-13eb">
         <name>sl_SetSockOpt</name>
         <value>0x2000c121</value>
         <object_component_ref idref="oc-63b"/>
      </symbol>
      <symbol id="sm-147c">
         <name>sl_WlanDisconnect</name>
         <value>0x2000e40d</value>
         <object_component_ref idref="oc-108"/>
      </symbol>
      <symbol id="sm-147d">
         <name>sl_WlanPolicySet</name>
         <value>0x2000c535</value>
         <object_component_ref idref="oc-fc"/>
      </symbol>
      <symbol id="sm-147e">
         <name>sl_WlanProfileDel</name>
         <value>0x2000d6bd</value>
         <object_component_ref idref="oc-102"/>
      </symbol>
      <symbol id="sm-147f">
         <name>sl_WlanRxFilterSet</name>
         <value>0x2000ca15</value>
         <object_component_ref idref="oc-126"/>
      </symbol>
      <symbol id="sm-1480">
         <name>sl_WlanSet</name>
         <value>0x2000c1b9</value>
         <object_component_ref idref="oc-114"/>
      </symbol>
      <symbol id="sm-1481">
         <name>sl_WlanSetMode</name>
         <value>0x2000d71d</value>
         <object_component_ref idref="oc-ea"/>
      </symbol>
      <symbol id="sm-15a1">
         <name>g_ucDinDout</name>
         <value>0x20020f28</value>
      </symbol>
      <symbol id="sm-15a2">
         <name>g_cDummy</name>
         <value>0x20020ff6</value>
      </symbol>
      <symbol id="sm-15a3">
         <name>NwpMaskInterrupt</name>
         <value>0x2000eef5</value>
         <object_component_ref idref="oc-51f"/>
      </symbol>
      <symbol id="sm-15a4">
         <name>NwpPrePowerOffTimout0</name>
         <value>0x2000e9b5</value>
         <object_component_ref idref="oc-318"/>
      </symbol>
      <symbol id="sm-15a5">
         <name>NwpRegisterInterruptHandler</name>
         <value>0x2000e231</value>
         <object_component_ref idref="oc-2cd"/>
      </symbol>
      <symbol id="sm-15a6">
         <name>g_pHostIntHdl</name>
         <value>0x20021268</value>
         <object_component_ref idref="oc-4f9"/>
      </symbol>
      <symbol id="sm-15a7">
         <name>simplelink_timerA2_start</name>
         <value>0x2000e325</value>
         <object_component_ref idref="oc-917"/>
      </symbol>
      <symbol id="sm-15a8">
         <name>NwpUnMaskInterrupt</name>
         <value>0x2000ef01</value>
         <object_component_ref idref="oc-52d"/>
      </symbol>
      <symbol id="sm-15a9">
         <name>NwpPowerOff</name>
         <value>0x2000e39d</value>
         <object_component_ref idref="oc-2c7"/>
      </symbol>
      <symbol id="sm-15aa">
         <name>TimerGetCurrentTimestamp</name>
         <value>0x2000e9d5</value>
         <object_component_ref idref="oc-84e"/>
      </symbol>
      <symbol id="sm-15ab">
         <name>spi_Read</name>
         <value>0x2000acfd</value>
         <object_component_ref idref="oc-86c"/>
      </symbol>
      <symbol id="sm-15ac">
         <name>DmaSpiSwIntHandler</name>
         <value>0x2000e87d</value>
         <object_component_ref idref="oc-4ff"/>
      </symbol>
      <symbol id="sm-15ad">
         <name>NwpPowerOn</name>
         <value>0x2000e60d</value>
         <object_component_ref idref="oc-2d3"/>
      </symbol>
      <symbol id="sm-15ae">
         <name>spi_Close</name>
         <value>0x2000ce11</value>
         <object_component_ref idref="oc-31e"/>
      </symbol>
      <symbol id="sm-15af">
         <name>spi_Write</name>
         <value>0x2000c251</value>
         <object_component_ref idref="oc-73b"/>
      </symbol>
      <symbol id="sm-15b0">
         <name>spi_Open</name>
         <value>0x20009f81</value>
         <object_component_ref idref="oc-2bb"/>
      </symbol>
      <symbol id="sm-15b1">
         <name>g_ucDMAEnabled</name>
         <value>0x2002126c</value>
         <object_component_ref idref="oc-4f9"/>
      </symbol>
      <symbol id="sm-15b2">
         <name>g_SpiFd</name>
         <value>0x20021264</value>
         <object_component_ref idref="oc-4f9"/>
      </symbol>
      <symbol id="sm-166d">
         <name>SPIFIFODisable</name>
         <value>0x2000ec51</value>
         <object_component_ref idref="oc-591"/>
      </symbol>
      <symbol id="sm-166e">
         <name>SPICSEnable</name>
         <value>0x2000eccf</value>
         <object_component_ref idref="oc-883"/>
      </symbol>
      <symbol id="sm-166f">
         <name>SPIDisable</name>
         <value>0x2000ece7</value>
         <object_component_ref idref="oc-4bd"/>
      </symbol>
      <symbol id="sm-1670">
         <name>SPIFIFOEnable</name>
         <value>0x2000ec6b</value>
         <object_component_ref idref="oc-4db"/>
      </symbol>
      <symbol id="sm-1671">
         <name>SPIWordCountSet</name>
         <value>0x2000e953</value>
         <object_component_ref idref="oc-889"/>
      </symbol>
      <symbol id="sm-1672">
         <name>SPIEnable</name>
         <value>0x2000ecff</value>
         <object_component_ref idref="oc-4f3"/>
      </symbol>
      <symbol id="sm-1673">
         <name>SPIDmaEnable</name>
         <value>0x2000ec37</value>
         <object_component_ref idref="oc-4e1"/>
      </symbol>
      <symbol id="sm-1674">
         <name>SPIConfigSetExpClk</name>
         <value>0x2000be11</value>
         <object_component_ref idref="oc-4c9"/>
      </symbol>
      <symbol id="sm-1675">
         <name>SPIIntUnregister</name>
         <value>0x2000ec85</value>
         <object_component_ref idref="oc-58b"/>
      </symbol>
      <symbol id="sm-1676">
         <name>SPIFIFOLevelSet</name>
         <value>0x2000e4b1</value>
         <object_component_ref idref="oc-4e7"/>
      </symbol>
      <symbol id="sm-1677">
         <name>SPIDmaDisable</name>
         <value>0x2000ec1d</value>
         <object_component_ref idref="oc-597"/>
      </symbol>
      <symbol id="sm-1678">
         <name>SPIReset</name>
         <value>0x2000e931</value>
         <object_component_ref idref="oc-4c3"/>
      </symbol>
      <symbol id="sm-1679">
         <name>SPIIntEnable</name>
         <value>0x2000dbe1</value>
         <object_component_ref idref="oc-4ed"/>
      </symbol>
      <symbol id="sm-167a">
         <name>SPIIntClear</name>
         <value>0x2000ddf1</value>
         <object_component_ref idref="oc-713"/>
      </symbol>
      <symbol id="sm-167b">
         <name>SPICSDisable</name>
         <value>0x2000ecb7</value>
         <object_component_ref idref="oc-4b7"/>
      </symbol>
      <symbol id="sm-16d2">
         <name>uDMAChannelControlSet</name>
         <value>0x2000e361</value>
         <object_component_ref idref="oc-9e3"/>
      </symbol>
      <symbol id="sm-16d3">
         <name>uDMAChannelAttributeEnable</name>
         <value>0x2000d535</value>
         <object_component_ref idref="oc-9e9"/>
      </symbol>
      <symbol id="sm-16d4">
         <name>uDMAChannelTransferSet</name>
         <value>0x2000aded</value>
         <object_component_ref idref="oc-9ef"/>
      </symbol>
      <symbol id="sm-16d5">
         <name>uDMAChannelAssign</name>
         <value>0x2000dd5d</value>
         <object_component_ref idref="oc-6f2"/>
      </symbol>
      <symbol id="sm-16d6">
         <name>uDMAChannelAttributeDisable</name>
         <value>0x2000d4d1</value>
         <object_component_ref idref="oc-6f8"/>
      </symbol>
      <symbol id="sm-16d7">
         <name>uDMAChannelEnable</name>
         <value>0x2000ebcd</value>
         <object_component_ref idref="oc-9f5"/>
      </symbol>
      <symbol id="sm-16d8">
         <name>__TI_static_base__</name>
         <value>0x2000f5a0</value>
      </symbol>
      <symbol id="sm-16db">
         <name>__mpu_init</name>
         <value>0x0</value>
      </symbol>
      <symbol id="sm-16dc">
         <name>_system_post_cinit</name>
         <value>0x0</value>
      </symbol>
      <symbol id="sm-16dd">
         <name>remove</name>
         <value>0x2000e6bd</value>
      </symbol>
   </symbol_table>
   <title>Link successful</title>
</link_info>
