******************************************************************************
                  TI ARM Linker PC v18.12.1                    
******************************************************************************
>> Linked Sun May  5 01:33:31 2019

OUTPUT FILE NAME:   <transceiver_mode.out>
ENTRY POINT SYMBOL: "_c_int00_noargs"  address: 2000e8e9


MEMORY CONFIGURATION

         name            origin    length      used     unused   attr    fill
----------------------  --------  ---------  --------  --------  ----  --------
  SRAM_CODE             20004000   00013000  0000b650  000079b0  RW X
  SRAM_DATA             20017000   00019000  0000b78a  0000d876  RW X


SEGMENT ALLOCATION MAP

run origin  load origin   length   init length attrs members
----------  ----------- ---------- ----------- ----- -------
20004000    20004000    0000b658   0000b658    r-x
  20004000    20004000    00000400   00000400    r-- .intvecs
  20004400    20004400    0000ab56   0000ab56    r-x .text
  2000ef58    2000ef58    00000642   00000642    r-- .const
  2000f5a0    2000f5a0    000000b8   000000b8    r-- .cinit
20017000    20017000    0000a290   00000000    rw-
  20017000    20017000    00008000   00000000    rw- .sysmem
  2001f000    2001f000    00001ffa   00000000    rw- .bss
  20021000    20021000    00000290   00000000    rw- .data
2002eb00    2002eb00    00001500   00000000    rw-
  2002eb00    2002eb00    00001500   00000000    rw- .stack


SECTION ALLOCATION MAP

 output                                  attributes/
section   page    origin      length       input sections
--------  ----  ----------  ----------   ----------------
.intvecs   0    20004000    00000400     
                  20004000    00000400     startup_ccs.obj (.intvecs)

.init_array 
*          0    20004000    00000000     UNINITIALIZED

.text      0    20004400    0000ab56     
                  20004400    00000d94     application.obj (.text)
                  20005194    00000c0c     main.obj (.text)
                  20005da0    00000a4e     rtsv7M4_T_le_eabi.lib : _printfi.c.obj (.text:__TI_printfi)
                  200067ee    00000002     driverlib.a : interrupt.obj (.text:IntDefaultHandler)
                  200067f0    0000092c     ip.obj (.text)
                  2000711c    00000678     mac.obj (.text)
                  20007794    00000590     simplelink.a : driver.obj (.text:_SlDrvMsgRead)
                  20007d24    00000398     gpio_if.obj (.text)
                  200080bc    00000308     my_util.obj (.text)
                  200083c4    000002a0     translation_utility.obj (.text)
                  20008664    00000280     uart_if.obj (.text)
                  200088e4    00000268     rtsv7M4_T_le_eabi.lib : _printfi.c.obj (.text:_pconv_a)
                  20008b4c    0000024c     simplelink.a : driver.obj (.text:_SlDrvRxHdrRead)
                  20008d98    000001e4                  : driver.obj (.text:_SlDrvDataReadOp)
                  20008f7c    000001d0                  : driver.obj (.text:_SlDrvReleasePoolObj)
                  2000914c    000001cc     rtsv7M4_T_le_eabi.lib : _printfi.c.obj (.text:_pconv_g)
                  20009318    000001b6                           : fd_add_t2.asm.obj (.text)
                  200094ce    00000002                           : _lock.c.obj (.text:_nop)
                  200094d0    000001b4     simplelink.a : driver.obj (.text:_SlDrvDriverCBInit)
                  20009684    0000019c                  : driver.obj (.text:_SlDrvMsgWrite)
                  20009820    00000198     timer_if.obj (.text)
                  200099b8    00000190     simplelink.a : driver.obj (.text:_SlDrvWaitForPoolObj)
                  20009b48    00000178     driverlib.a : prcm.obj (.text:PRCMCC3200MCUInit)
                  20009cc0    00000170     simplelink.a : driver.obj (.text:_SlFindAndSetActiveObj)
                  20009e30    00000150                  : driver.obj (.text:_SlDrvDataWriteOp)
                  20009f80    00000148                  : cc_pal.obj (.text:spi_Open)
                  2000a0c8    00000144                  : driver.obj (.text:_SlDrvMsgReadCmdCtx)
                  2000a20c    0000013c     rtsv7M4_T_le_eabi.lib : _printfi.c.obj (.text:_pconv_e)
                  2000a348    00000136                           : fd_div_t2.asm.obj (.text)
                  2000a47e    00000002                           : div0.asm.obj (.text)
                  2000a480    00000134     simplelink.a : socket.obj (.text:sl_Send)
                  2000a5b4    00000130                  : driver.obj (.text:_SlDrvDriverCBDeinit)
                  2000a6e4    00000120     rtsv7M4_T_le_eabi.lib : _printfi.c.obj (.text:fcvt)
                  2000a804    00000114                           : fputs.c.obj (.text:fputs)
                  2000a918    00000104     simplelink.a : netapp.obj (.text:_SlDrvNetAppEventHandler)
                  2000aa1c    000000fc     rtsv7M4_T_le_eabi.lib : fd_mul_t2.asm.obj (.text)
                  2000ab18    000000f4                           : memory.c.obj (.text:aligned_alloc)
                  2000ac0c    000000f0     simplelink.a : device.obj (.text:sl_Stop)
                  2000acfc    000000f0                  : cc_pal.obj (.text:spi_Read)
                  2000adec    000000f0     driverlib.a : udma.obj (.text:uDMAChannelTransferSet)
                  2000aedc    000000ec     simplelink.a : device.obj (.text:sl_Start)
                  2000afc8    000000e8                  : driver.obj (.text:_SlAsyncEventGenericHandler)
                  2000b0b0    000000e8                  : driver.obj (.text:_SlDrvMsgReadSpawnCtx)
                  2000b198    000000e8     rtsv7M4_T_le_eabi.lib : memory.c.obj (.text:free)
                  2000b280    000000e4     simplelink.a : netapp.obj (.text:sl_NetAppMDNSRegisterUnregisterService)
                  2000b364    000000dc                  : driver.obj (.text:_SlDrvClassifyRxMsg)
                  2000b440    000000dc     rtsv7M4_T_le_eabi.lib : setvbuf.c.obj (.text:setvbuf)
                  2000b51c    000000d8                           : memory.c.obj (.text:realloc)
                  2000b5f4    000000d8     simplelink.a : netcfg.obj (.text:sl_NetCfgGet)
                  2000b6cc    000000d0     rtsv7M4_T_le_eabi.lib : s_scalbn.c.obj (.text:scalbn)
                  2000b79c    000000cc     simplelink.a : netapp.obj (.text:_sl_HandleAsync_DnsGetHostByService)
                  2000b868    000000cc                  : device.obj (.text:sl_DevGet)
                  2000b934    000000c4                  : driver.obj (.text:_SlRemoveFromList)
                  2000b9f8    000000c0                  : driver.obj (.text:_SlDrvCmdOp)
                  2000bab8    000000b1     rtsv7M4_T_le_eabi.lib : _printfi.c.obj (.text:_ltostr)
                  2000bb69    00000003     --HOLE-- [fill = 0]
                  2000bb6c    000000b0     simplelink.a : nonos.obj (.text:_SlNonOsSemGet)
                  2000bc1c    000000a8     driverlib.a : interrupt.obj (.text:IntDisable)
                  2000bcc4    000000a8                 : interrupt.obj (.text:IntEnable)
                  2000bd6c    000000a4     simplelink.a : driver.obj (.text:_SlDriverHandleError)
                  2000be10    000000a0     driverlib.a : spi.obj (.text:SPIConfigSetExpClk)
                  2000beb0    000000a0     simplelink.a : socket.obj (.text:sl_Recv)
                  2000bf50    0000009c     rtsv7M4_T_le_eabi.lib : memcpy_t2.asm.obj (.text)
                  2000bfec    0000009a     simplelink.a : device.obj (.text:_SlDrvDeviceEventHandler)
                  2000c086    00000002     --HOLE-- [fill = 0]
                  2000c088    00000098                  : netcfg.obj (.text:sl_NetCfgSet)
                  2000c120    00000098                  : socket.obj (.text:sl_SetSockOpt)
                  2000c1b8    00000098                  : wlan.obj (.text:sl_WlanSet)
                  2000c250    00000098                  : cc_pal.obj (.text:spi_Write)
                  2000c2e8    00000096     rtsv7M4_T_le_eabi.lib : ull_div_t2.asm.obj (.text)
                  2000c37e    00000002     --HOLE-- [fill = 0]
                  2000c380    00000094     driverlib.a : prcm.obj (.text:PRCMPeripheralClockGet)
                  2000c414    00000090     simplelink.a : netapp.obj (.text:_sl_HandleAsync_DnsGetHostByName)
                  2000c4a4    00000090                  : netapp.obj (.text:_sl_HandleAsync_PingResponse)
                  2000c534    00000090                  : wlan.obj (.text:sl_WlanPolicySet)
                  2000c5c4    0000008c                  : cc_pal.obj (.text:SetupDMAReceive)
                  2000c650    0000008c                  : cc_pal.obj (.text:SetupDMASend)
                  2000c6dc    0000008c                  : driver.obj (.text:_SlDrvIsTimeoutExpired)
                  2000c768    0000008c                  : device.obj (.text:_sl_HandleAsync_InitComplete)
                  2000c7f4    0000008c                  : socket.obj (.text:sl_Socket)
                  2000c880    00000088     driverlib.a : pin.obj (.text:PinConfigSet)
                  2000c908    00000086     rtsv7M4_T_le_eabi.lib : fd_cmp_t2.asm.obj (.text:__aeabi_cdcmple)
                  2000c98e    00000086                           : fd_cmp_t2.asm.obj (.text:__aeabi_cdrcmple)
                  2000ca14    00000084     simplelink.a : wlan.obj (.text:sl_WlanRxFilterSet)
                  2000ca98    00000082     driverlib.a : gpio.obj (.text:GPIOIntTypeSet)
                  2000cb1a    00000002     --HOLE-- [fill = 0]
                  2000cb1c    00000080     simplelink.a : socket.obj (.text:_sl_HandleAsync_Connect)
                  2000cb9c    00000080                  : cc_pal.obj (.text:spi_Read_CPU)
                  2000cc1c    00000080                  : cc_pal.obj (.text:spi_Write_CPU)
                  2000cc9c    0000007c     rtsv7M4_T_le_eabi.lib : fflush.c.obj (.text:fflush)
                  2000cd18    0000007c                           : memory.c.obj (.text:split)
                  2000cd94    0000007a                           : memset_t2.asm.obj (.text)
                  2000ce0e    00000002     --HOLE-- [fill = 0]
                  2000ce10    00000078     simplelink.a : cc_pal.obj (.text:spi_Close)
                  2000ce88    00000076     driverlib.a : uart.obj (.text:UARTConfigSetExpClk)
                  2000cefe    00000002     --HOLE-- [fill = 0]
                  2000cf00    00000074     simplelink.a : nonos.obj (.text:_SlNonOsMainLoopTask)
                  2000cf74    00000074     rtsv7M4_T_le_eabi.lib : fclose.c.obj (.text:__TI_closefile)
                  2000cfe8    00000070     driverlib.a : timer.obj (.text:TimerIntRegister)
                  2000d058    0000006e     rtsv7M4_T_le_eabi.lib : _printfi.c.obj (.text:_mcpy)
                  2000d0c6    00000002     --HOLE-- [fill = 0]
                  2000d0c8    0000006c     simplelink.a : driver.obj (.text:_SlDrvCmdSend)
                  2000d134    0000006c                  : netapp.obj (.text:_sl_NetAppSendTokenValue)
                  2000d1a0    00000068     rtsv7M4_T_le_eabi.lib : hostlseek.c.obj (.text:HOSTlseek)
                  2000d208    00000068                           : hostrename.c.obj (.text:HOSTrename)
                  2000d270    00000068     driverlib.a : timer.obj (.text:TimerIntUnregister)
                  2000d2d8    00000068     rtsv7M4_T_le_eabi.lib : copy_decompress_lzss.c.obj (.text:decompress:lzss:__TI_decompress_lzss)
                  2000d340    00000064     simplelink.a : nonos.obj (.text:_SlNonOsSpawn)
                  2000d3a4    00000064                  : socket.obj (.text:_sl_HandleAsync_Accept)
                  2000d408    00000064     rtsv7M4_T_le_eabi.lib : fseek.c.obj (.text:fseek)
                  2000d46c    00000064     simplelink.a : netapp.obj (.text:sl_NetAppMDNSUnRegisterService)
                  2000d4d0    00000064     driverlib.a : udma.obj (.text:uDMAChannelAttributeDisable)
                  2000d534    00000064                 : udma.obj (.text:uDMAChannelAttributeEnable)
                  2000d598    00000062     rtsv7M4_T_le_eabi.lib : _io_perm.c.obj (.text:__TI_wrt_ok)
                  2000d5fa    00000002     --HOLE-- [fill = 0]
                  2000d5fc    00000060                           : hostopen.c.obj (.text:HOSTopen)
                  2000d65c    00000060     simplelink.a : socket.obj (.text:sl_Close)
                  2000d6bc    00000060                  : wlan.obj (.text:sl_WlanProfileDel)
                  2000d71c    00000060                  : wlan.obj (.text:sl_WlanSetMode)
                  2000d77c    0000005c     rtsv7M4_T_le_eabi.lib : close.c.obj (.text:close)
                  2000d7d8    0000005c                           : s_frexp.c.obj (.text:frexp)
                  2000d834    00000058                           : hostread.c.obj (.text:HOSTread)
                  2000d88c    00000058                           : hostwrite.c.obj (.text:HOSTwrite)
                  2000d8e4    00000058     driverlib.a : interrupt.obj (.text:IntPendClear)
                  2000d93c    00000058                 : prcm.obj (.text:PRCMPeripheralReset)
                  2000d994    00000056     rtsv7M4_T_le_eabi.lib : _printfi.c.obj (.text:_pconv_f)
                  2000d9ea    00000002     --HOLE-- [fill = 0]
                  2000d9ec    00000054     driverlib.a : interrupt.obj (.text:IntPrioritySet)
                  2000da40    00000054     simplelink.a : driver.obj (.text:_SlDrvRxIrqHandler)
                  2000da94    00000054                  : socket.obj (.text:_sl_HandleAsync_Select)
                  2000dae8    00000054     rtsv7M4_T_le_eabi.lib : ltoa.c.obj (.text:ltoa)
                  2000db3c    00000052                           : _printfi.c.obj (.text:_ecpy)
                  2000db8e    00000002     --HOLE-- [fill = 0]
                  2000db90    00000050     simplelink.a : device.obj (.text:_sl_HandleAsync_Stop)
                  2000dbe0    0000004c     driverlib.a : spi.obj (.text:SPIIntEnable)
                  2000dc2c    0000004c                 : spi.obj (.text:SPIIntNumberGet)
                  2000dc78    0000004c     simplelink.a : driver.obj (.text:_SlDrvProtectAsyncRespSetting)
                  2000dcc4    0000004c     rtsv7M4_T_le_eabi.lib : fflush.c.obj (.text:__TI_doflush)
                  2000dd10    0000004c                           : atoi.c.obj (.text:atoi)
                  2000dd5c    0000004c     driverlib.a : udma.obj (.text:uDMAChannelAssign)
                  2000dda8    00000048                 : gpio.obj (.text:GPIOGetIntNumber)
                  2000ddf0    00000048                 : spi.obj (.text:SPIIntClear)
                  2000de38    00000048     simplelink.a : driver.obj (.text:_SlDrvBasicCmd)
                  2000de80    00000048     rtsv7M4_T_le_eabi.lib : exit.c.obj (.text:exit)
                  2000dec8    00000048                           : fd_toi_t2.asm.obj (.text)
                  2000df10    00000044                           : hostclose.c.obj (.text:HOSTclose)
                  2000df54    00000044                           : hostunlink.c.obj (.text:HOSTunlink)
                  2000df98    00000044     driverlib.a : spi.obj (.text:SPIDmaMaskGet)
                  2000dfdc    00000044                 : timer.obj (.text:TimerConfigure)
                  2000e020    00000044     simplelink.a : driver.obj (.text:_SlDrvSyncObjWaitTimeout)
                  2000e064    00000044     rtsv7M4_T_le_eabi.lib : autoinit.c.obj (.text:__TI_auto_init_nobinit_nopinit:__TI_auto_init_nobinit_nopinit)
                  2000e0a8    00000044     simplelink.a : cc_pal.obj (.text:cc_SetupTransfer)
                  2000e0ec    00000044     rtsv7M4_T_le_eabi.lib : getdevice.c.obj (.text:getdevice)
                  2000e130    00000040     driverlib.a : pin.obj (.text:PinModeSet)
                  2000e170    00000040     simplelink.a : socket.obj (.text:_sl_TruncatePayloadByProtocol)
                  2000e1b0    00000040     rtsv7M4_T_le_eabi.lib : sprintf.c.obj (.text:sprintf)
                  2000e1f0    00000040                           : vsnprintf.c.obj (.text:vsnprintf)
                  2000e230    0000003e     simplelink.a : cc_pal.obj (.text:NwpRegisterInterruptHandler)
                  2000e26e    0000003e     rtsv7M4_T_le_eabi.lib : _printfi.c.obj (.text:_fcpy)
                  2000e2ac    0000003c     simplelink.a : netapp.obj (.text:CopyPingResultsToReport)
                  2000e2e8    0000003c     driverlib.a : prcm.obj (.text:PRCMPeripheralClkEnable)
                  2000e324    0000003c     simplelink.a : cc_pal.obj (.text:simplelink_timerA2_start)
                  2000e360    0000003c     driverlib.a : udma.obj (.text:uDMAChannelControlSet)
                  2000e39c    00000038     simplelink.a : cc_pal.obj (.text:NwpPowerOff)
                  2000e3d4    00000038     rtsv7M4_T_le_eabi.lib : trgmsg.c.obj (.text:__TI_writemsg)
                  2000e40c    00000038     simplelink.a : wlan.obj (.text:sl_WlanDisconnect)
                  2000e444    00000036     rtsv7M4_T_le_eabi.lib : strncpy.c.obj (.text:strncpy)
                  2000e47a    00000002     --HOLE-- [fill = 0]
                  2000e47c    00000034     driverlib.a : prcm.obj (.text:PRCMPeripheralStatusGet)
                  2000e4b0    00000034                 : spi.obj (.text:SPIFIFOLevelSet)
                  2000e4e4    00000034     rtsv7M4_T_le_eabi.lib : fopen.c.obj (.text:__TI_cleanup)
                  2000e518    00000034                           : trgmsg.c.obj (.text:__TI_readmsg)
                  2000e54c    00000030     driverlib.a : uart.obj (.text:UARTDisable)
                  2000e57c    00000030     rtsv7M4_T_le_eabi.lib : vsnprintf.c.obj (.text:_outs)
                  2000e5ac    00000030                           : getdevice.c.obj (.text:finddevice)
                  2000e5dc    0000002e                           : i_tofd_t2.asm.obj (.text)
                  2000e60a    00000002     --HOLE-- [fill = 0]
                  2000e60c    0000002c     simplelink.a : cc_pal.obj (.text:NwpPowerOn)
                  2000e638    0000002c     driverlib.a : prcm.obj (.text:PRCMSysResetCauseGet)
                  2000e664    0000002c     simplelink.a : driver.obj (.text:_SlDrvObjGlobalLockWaitForever)
                  2000e690    0000002c                  : driver.obj (.text:_SlDrvProtectionObjLockWaitForever)
                  2000e6bc    0000002c     rtsv7M4_T_le_eabi.lib : unlink.c.obj (.text:unlink)
                  2000e6e8    0000002a     driverlib.a : timer.obj (.text:TimerLoadSet)
                  2000e712    0000002a                 : timer.obj (.text:TimerPrescaleSet)
                  2000e73c    00000028                 : prcm.obj (.text:PRCMPeripheralClkDisable)
                  2000e764    00000028     simplelink.a : driver.obj (.text:_SlDrvGlobalObjUnLock)
                  2000e78c    00000028                  : driver.obj (.text:_SlDrvProtectionObjUnLock)
                  2000e7b4    00000028                  : driver.obj (.text:_SlDrvSyncObjWaitForever)
                  2000e7dc    00000028     rtsv7M4_T_le_eabi.lib : memory.c.obj (.text:free_list_insert)
                  2000e804    00000028                           : lseek.c.obj (.text:lseek)
                  2000e82c    00000028                           : write.c.obj (.text:write)
                  2000e854    00000026     simplelink.a : driver.obj (.text:_SlDrvObjLockWaitForever)
                  2000e87a    00000002     --HOLE-- [fill = 0]
                  2000e87c    00000024                  : cc_pal.obj (.text:DmaSpiSwIntHandler)
                  2000e8a0    00000024     driverlib.a : interrupt.obj (.text:IntUnregister)
                  2000e8c4    00000024                 : uart.obj (.text:UARTEnable)
                  2000e8e8    00000024     rtsv7M4_T_le_eabi.lib : boot_cortex_m.c.obj (.text:_c_int00_noargs:_c_int00_noargs)
                  2000e90c    00000024                           : memmov.c.obj (.text:memmove)
                  2000e930    00000022     driverlib.a : spi.obj (.text:SPIReset)
                  2000e952    00000022                 : spi.obj (.text:SPIWordCountSet)
                  2000e974    00000020                 : gpio.obj (.text:GPIOPinWrite)
                  2000e994    00000020                 : interrupt.obj (.text:IntRegister)
                  2000e9b4    00000020     simplelink.a : cc_pal.obj (.text:NwpPrePowerOffTimout0)
                  2000e9d4    00000020                  : cc_pal.obj (.text:TimerGetCurrentTimestamp)
                  2000e9f4    00000020                  : driver.obj (.text:_SlDrvObjUnLock)
                  2000ea14    00000020                  : driver.obj (.text:_SlDrvSyncObjSignal)
                  2000ea34    00000020     rtsv7M4_T_le_eabi.lib : memchr.c.obj (.text:memchr)
                  2000ea54    0000001e     driverlib.a : gpio.obj (.text:GPIOIntRegister)
                  2000ea72    0000001e                 : timer.obj (.text:TimerDisable)
                  2000ea90    0000001e                 : timer.obj (.text:TimerEnable)
                  2000eaae    0000001e                 : timer.obj (.text:TimerIntStatus)
                  2000eacc    0000001e                 : uart.obj (.text:UARTCharPut)
                  2000eaea    0000001e     simplelink.a : cc_pal.obj (.text:cc_UDMAChannelSelect)
                  2000eb08    0000001c     driverlib.a : timer.obj (.text:TimerValueGet)
                  2000eb24    0000001c                 : uart.obj (.text:UARTCharGetNonBlocking)
                  2000eb40    0000001c     simplelink.a : driver.obj (.text:_SlDrvStartMeasureTimeout)
                  2000eb5c    0000001c     rtsv7M4_T_le_eabi.lib : assert.c.obj (.text:_abort_msg)
                  2000eb78    0000001c                           : memory.c.obj (.text:free_list_remove)
                  2000eb94    0000001c                           : memccpy.c.obj (.text:memccpy)
                  2000ebb0    0000001c     pinmux.obj (.text)
                  2000ebcc    0000001c     driverlib.a : udma.obj (.text:uDMAChannelEnable)
                  2000ebe8    0000001a                 : gpio.obj (.text:GPIOIntEnable)
                  2000ec02    0000001a                 : pin.obj (.text:PinTypeUART)
                  2000ec1c    0000001a                 : spi.obj (.text:SPIDmaDisable)
                  2000ec36    0000001a                 : spi.obj (.text:SPIDmaEnable)
                  2000ec50    0000001a                 : spi.obj (.text:SPIFIFODisable)
                  2000ec6a    0000001a                 : spi.obj (.text:SPIFIFOEnable)
                  2000ec84    0000001a                 : spi.obj (.text:SPIIntUnregister)
                  2000ec9e    00000018                 : gpio.obj (.text:GPIOPinRead)
                  2000ecb6    00000018                 : spi.obj (.text:SPICSDisable)
                  2000ecce    00000018                 : spi.obj (.text:SPICSEnable)
                  2000ece6    00000018                 : spi.obj (.text:SPIDisable)
                  2000ecfe    00000018                 : spi.obj (.text:SPIEnable)
                  2000ed16    00000018                 : timer.obj (.text:TimerIntDisable)
                  2000ed2e    00000018                 : timer.obj (.text:TimerIntEnable)
                  2000ed46    00000018                 : uart.obj (.text:UARTCharsAvail)
                  2000ed5e    00000018     simplelink.a : nonos.obj (.text:_SlNonOsSemSet)
                  2000ed76    00000018     rtsv7M4_T_le_eabi.lib : vsnprintf.c.obj (.text:_outc)
                  2000ed8e    00000018                           : sprintf.c.obj (.text:_outs)
                  2000eda6    00000002     --HOLE-- [fill = 0]
                  2000eda8    00000018     simplelink.a : device.obj (.text:_sl_GetStartResponseConvert)
                  2000edc0    00000018     rtsv7M4_T_le_eabi.lib : strcmp.c.obj (.text:strcmp)
                  2000edd8    00000016     driverlib.a : prcm.obj (.text:PRCMHIBRegRead)
                  2000edee    00000016                 : prcm.obj (.text:PRCMHIBRegWrite)
                  2000ee04    00000016     simplelink.a : driver.obj (.text:_SlDrvMemZero)
                  2000ee1a    00000016     rtsv7M4_T_le_eabi.lib : strchr.c.obj (.text:strchr)
                  2000ee30    00000014     driverlib.a : cpu.obj (.text:CPUcpsie)
                  2000ee44    00000014                 : gpio.obj (.text:GPIOIntClear)
                  2000ee58    00000014                 : interrupt.obj (.text:IntVTableBaseSet)
                  2000ee6c    00000014     rtsv7M4_T_le_eabi.lib : strcpy.c.obj (.text:strcpy)
                  2000ee80    00000014                           : strlen.c.obj (.text:strlen)
                  2000ee94    00000012     driverlib.a : timer.obj (.text:TimerIntClear)
                  2000eea6    00000012     rtsv7M4_T_le_eabi.lib : wcslen.c.obj (.text:wcslen)
                  2000eeb8    00000010     simplelink.a : driver.obj (.text:_SlDrvDispatchHttpServerEvents)
                  2000eec8    0000000e                  : driver.obj (.text:_SlDrvResetCmdExt)
                  2000eed6    0000000e     rtsv7M4_T_le_eabi.lib : copy_decompress_none.c.obj (.text:decompress:none:__TI_decompress_none)
                  2000eee4    0000000e     startup_ccs.obj (.text)
                  2000eef2    00000002     --HOLE-- [fill = 0]
                  2000eef4    0000000c     simplelink.a : cc_pal.obj (.text:NwpMaskInterrupt)
                  2000ef00    0000000c                  : cc_pal.obj (.text:NwpUnMaskInterrupt)
                  2000ef0c    0000000c     rtsv7M4_T_le_eabi.lib : s_copysign.c.obj (.text:copysign)
                  2000ef18    0000000c                           : copy_zero_init.c.obj (.text:decompress:ZI:__TI_zero_init)
                  2000ef24    0000000a     driverlib.a : interrupt.obj (.text:IntMasterEnable)
                  2000ef2e    0000000a     rtsv7M4_T_le_eabi.lib : sprintf.c.obj (.text:_outc)
                  2000ef38    00000008                           : errno.c.obj (.text:__aeabi_errno_addr)
                  2000ef40    00000008                           : memory.c.obj (.text:malloc)
                  2000ef48    00000006     driverlib.a : utils.obj (.text:UtilsDelay)
                  2000ef4e    00000004     rtsv7M4_T_le_eabi.lib : pre_init.c.obj (.text:_system_pre_init)
                  2000ef52    00000004                           : exit.c.obj (.text:abort:abort)

.const     0    2000ef58    00000642     
                  2000ef58    00000101     rtsv7M4_T_le_eabi.lib : ctype.c.obj (.const:.string:_ctypes_)
                  2000f059    00000003     mac.obj (.const:.string:$P$T2$3)
                  2000f05c    00000100     driverlib.a : pin.obj (.const:g_ulPinToPadMap)
                  2000f15c    000000d4                 : interrupt.obj (.const:g_pulRegs)
                  2000f230    000000a8                 : prcm.obj (.const:PRCM_PeriphRegsList)
                  2000f2d8    00000080                 : interrupt.obj (.const)
                  2000f358    0000003c     simplelink.a : driver.obj (.const:OpcodeTranslateTable)
                  2000f394    00000038                  : driver.obj (.const:_SlActionLookupTable)
                  2000f3cc    0000002c     main.obj (.const:$P$T1$2)
                  2000f3f8    00000024     driverlib.a : spi.obj (.const:g_ppulSPIIntMap)
                  2000f41c    00000022     main.obj (.const:.string:$P$T0$1)
                  2000f43e    00000002     application.obj (.const:.string:$P$T3$4)
                  2000f440    00000020     simplelink.a : driver.obj (.const:RxMsgClassLUT)
                  2000f460    0000001e     mac.obj (.const:.string:$P$T3$4)
                  2000f47e    0000001e     mac.obj (.const:.string:$P$T4$5)
                  2000f49c    00000018     driverlib.a : spi.obj (.const)
                  2000f4b4    00000014     simplelink.a : driver.obj (.const:$P$T0$1)
                  2000f4c8    00000014                  : nonos.obj (.const:$P$T0$1)
                  2000f4dc    00000014     main.obj (.const:$P$T2$3)
                  2000f4f0    00000010     simplelink.a : socket.obj (.const:.string:_SlPayloadByProtocolLUT)
                  2000f500    0000000c     mac.obj (.const:.string:$P$T0$1)
                  2000f50c    00000008     ip.obj (.const:.string:$P$T0$1)
                  2000f514    00000008     ip.obj (.const:.string:$P$T2$3)
                  2000f51c    00000008     simplelink.a : device.obj (.const:StartResponseLUT)
                  2000f524    00000008                  : driver.obj (.const:g_H2NCnysPattern)
                  2000f52c    00000008                  : driver.obj (.const:g_H2NSyncPattern)
                  2000f534    00000007     application.obj (.const:.string:$P$T1$2)
                  2000f53b    00000006     application.obj (.const:$P$T0$1)
                  2000f541    00000006     translation_utility.obj (.const:$P$T0$1)
                  2000f547    00000006     translation_utility.obj (.const:$P$T1$2)
                  2000f54d    00000005     application.obj (.const:.string:$P$T2$3)
                  2000f552    00000004     ip.obj (.const:$P$T1$2)
                  2000f556    00000004     mac.obj (.const:.string:$P$T1$2)
                  2000f55a    00000004     simplelink.a : device.obj (.const:_SlDeviceGetCmdCtrl)
                  2000f55e    00000004                  : netapp.obj (.const:_SlNetAppSendTokenValueCmdCtrl)
                  2000f562    00000004                  : netcfg.obj (.const:_SlNetCfgGetCmdCtrl)
                  2000f566    00000004                  : netcfg.obj (.const:_SlNetCfgSetCmdCtrl)
                  2000f56a    00000004                  : wlan.obj (.const:_SlPolicySetCmdCtrl)
                  2000f56e    00000004                  : wlan.obj (.const:_SlProfileDelCmdCtrl)
                  2000f572    00000004                  : socket.obj (.const:_SlRecvCmdCtrl)
                  2000f576    00000004                  : netapp.obj (.const:_SlRegisterServiceCtrl)
                  2000f57a    00000004                  : wlan.obj (.const:_SlRxFilterSetCmdCtrl)
                  2000f57e    00000004                  : socket.obj (.const:_SlSendCmdCtrl)
                  2000f582    00000004                  : socket.obj (.const:_SlSetSockOptCmdCtrl)
                  2000f586    00000004                  : socket.obj (.const:_SlSockCloseCmdCtrl)
                  2000f58a    00000004                  : socket.obj (.const:_SlSockSocketCmdCtrl)
                  2000f58e    00000004                  : device.obj (.const:_SlStopCmdCtrl)
                  2000f592    00000004                  : wlan.obj (.const:_SlWlanCfgSetCmdCtrl)
                  2000f596    00000004                  : wlan.obj (.const:_SlWlanSetModeCmdCtrl)

.cinit     0    2000f5a0    000000b8     
                  2000f5a0    00000093     (.cinit..data.load) [load image, compression = lzss]
                  2000f633    00000001     --HOLE-- [fill = 0]
                  2000f634    0000000c     (__TI_handler_table)
                  2000f640    00000008     (.cinit..bss.load) [load image, compression = zero_init]
                  2000f648    00000010     (__TI_cinit_table)

.sysmem    0    20017000    00008000     UNINITIALIZED
                  20017000    00000010     rtsv7M4_T_le_eabi.lib : memory.c.obj (.sysmem)
                  20017010    00007ff0     --HOLE--

.bss       0    2001f000    00001ffa     UNINITIALIZED
                  2001f000    000007f0     (.common:IP_last_talked_to)
                  2001f7f0    00000600     (.common:macTable)
                  2001fdf0    000005dc     (.common:recvPayload)
                  200203cc    000004b0     (.common:sendPayload)
                  2002087c    00000384     (.common:IP_sendPayload)
                  20020c00    00000168     simplelink.a : driver.obj (.bss:g_StatMem)
                  20020d68    00000120     rtsv7M4_T_le_eabi.lib : trgmsg.c.obj (.bss:_CIOBUF_)
                  20020e88    000000a0     (.common:__TI_tmpnams)
                  20020f28    00000050     (.common:g_ucDinDout)
                  20020f78    00000024     (.common:g_ucConnectionSSID)
                  20020f9c    00000010     (.common:srcBuff)
                  20020fac    0000000c     (.common:intBuffer)
                  20020fb8    00000008     main.obj (.bss)
                  20020fc0    00000008     (.common:g_ucConnectionBSSID)
                  20020fc8    00000008     (.common:macAddressVal)
                  20020fd0    00000008     (.common:parmbuf)
                  20020fd8    00000006     (.common:broadcast_mac)
                  20020fde    00000006     (.common:my_mac)
                  20020fe4    00000004     uart_if.obj (.bss)
                  20020fe8    00000004     (.common:gateway)
                  20020fec    00000004     (.common:my_ip)
                  20020ff0    00000004     (.common:role)
                  20020ff4    00000001     (.common:RxIrqCnt)
                  20020ff5    00000001     (.common:g_bDeviceRestartIsRequired)
                  20020ff6    00000001     (.common:g_cDummy)
                  20020ff7    00000001     (.common:g_ucLED1Pin)
                  20020ff8    00000001     (.common:g_ucLED2Pin)
                  20020ff9    00000001     (.common:g_ucLED3Pin)

.data      0    20021000    00000290     UNINITIALIZED
                  20021000    000000f0     rtsv7M4_T_le_eabi.lib : defs.c.obj (.data:_ftable)
                  200210f0    00000078                           : host_device.c.obj (.data:_device)
                  20021168    00000050                           : host_device.c.obj (.data:_stream)
                  200211b8    0000003c     simplelink.a : nonos.obj (.data:g__SlNonOsCB)
                  200211f4    00000004     main.obj (.data:broadcast_IP)
                  200211f8    00000020     main.obj (.data)
                  20021218    00000014     gpio_if.obj (.data:ulReg)
                  2002122c    00000010     rtsv7M4_T_le_eabi.lib : defs.c.obj (.data)
                  2002123c    0000000d     simplelink.a : driver.obj (.data)
                  20021249    00000003     --HOLE--
                  2002124c    0000000c     rtsv7M4_T_le_eabi.lib : exit.c.obj (.data:$O1$$)
                  20021258    0000000c     gpio_if.obj (.data)
                  20021264    00000009     simplelink.a : cc_pal.obj (.data)
                  2002126d    00000003     --HOLE--
                  20021270    00000008     rtsv7M4_T_le_eabi.lib : _lock.c.obj (.data:$O1$$)
                  20021278    00000008                           : memory.c.obj (.data:$O1$$)
                  20021280    00000006     main.obj (.data:broadcast)
                  20021286    00000002     --HOLE--
                  20021288    00000004     mac.obj (.data)
                  2002128c    00000004     rtsv7M4_T_le_eabi.lib : errno.c.obj (.data)

.stack     0    2002eb00    00001500     UNINITIALIZED
                  2002eb00    00000004     rtsv7M4_T_le_eabi.lib : boot_cortex_m.c.obj (.stack)
                  2002eb04    000014fc     --HOLE--

MODULE SUMMARY

       Module                       code    ro data   rw data
       ------                       ----    -------   -------
    .\
       application.obj              3476    20        2032   
       mac.obj                      1656    79        2716   
       main.obj                     3084    98        130    
       ip.obj                       2348    20        912    
       translation_utility.obj      672     12        1536   
       startup_ccs.obj              14      1024      0      
       gpio_if.obj                  920     0         35     
       my_util.obj                  776     0         0      
       uart_if.obj                  640     0         4      
       timer_if.obj                 408     0         0      
       pinmux.obj                   28      0         0      
    +--+----------------------------+-------+---------+---------+
       Total:                       14022   1253      7365   
                                                             
    C:/ti/CC3200SDK_1.3.0/cc3200-sdk/driverlib/ccs/Release/driverlib.a
       prcm.obj                     852     168       0      
       interrupt.obj                608     340       0      
       spi.obj                      798     60        0      
       udma.obj                     604     0         0      
       timer.obj                    552     0         0      
       pin.obj                      226     256       0      
       gpio.obj                     334     0         0      
       uart.obj                     284     0         0      
       cpu.obj                      20      0         0      
       utils.obj                    6       0         0      
    +--+----------------------------+-------+---------+---------+
       Total:                       4284    824       0      
                                                             
    C:/ti/CC3200SDK_1.3.0/cc3200-sdk/simplelink/ccs/NON_OS/simplelink.a
       driver.obj                   7714    184       375    
       cc_pal.obj                   1820    0         90     
       socket.obj                   1232    36        0      
       netapp.obj                   1248    8         0      
       device.obj                   1078    16        0      
       wlan.obj                     676     20        0      
       nonos.obj                    416     20        60     
       netcfg.obj                   368     8         0      
    +--+----------------------------+-------+---------+---------+
       Total:                       14552   292       525    
                                                             
    C:\ti\ccs901\ccs\tools\compiler\ti-cgt-arm_18.12.1.LTS\lib\rtsv7M4_T_le_eabi.lib
       _printfi.c.obj               4835    0         0      
       memory.c.obj                 892     0         8      
       fd_add_t2.asm.obj            438     0         0      
       defs.c.obj                   0       0         416    
       trgmsg.c.obj                 108     0         288    
       fd_div_t2.asm.obj            310     0         0      
       fputs.c.obj                  276     0         0      
       fd_cmp_t2.asm.obj            268     0         0      
       ctype.c.obj                  0       257       0      
       fd_mul_t2.asm.obj            252     0         0      
       setvbuf.c.obj                220     0         0      
       s_scalbn.c.obj               208     0         0      
       fflush.c.obj                 200     0         0      
       host_device.c.obj            0       0         200    
       memcpy_t2.asm.obj            156     0         0      
       ull_div_t2.asm.obj           150     0         0      
       vsnprintf.c.obj              136     0         0      
       memset_t2.asm.obj            122     0         0      
       fclose.c.obj                 116     0         0      
       getdevice.c.obj              116     0         0      
       copy_decompress_lzss.c.obj   104     0         0      
       hostlseek.c.obj              104     0         0      
       hostopen.c.obj               96      0         8      
       hostrename.c.obj             104     0         0      
       fseek.c.obj                  100     0         0      
       _io_perm.c.obj               98      0         0      
       sprintf.c.obj                98      0         0      
       close.c.obj                  92      0         0      
       s_frexp.c.obj                92      0         0      
       exit.c.obj                   76      0         12     
       hostread.c.obj               88      0         0      
       hostwrite.c.obj              88      0         0      
       ltoa.c.obj                   84      0         0      
       atoi.c.obj                   76      0         0      
       fd_toi_t2.asm.obj            72      0         0      
       autoinit.c.obj               68      0         0      
       hostclose.c.obj              68      0         0      
       hostunlink.c.obj             68      0         0      
       strncpy.c.obj                54      0         0      
       fopen.c.obj                  52      0         0      
       i_tofd_t2.asm.obj            46      0         0      
       unlink.c.obj                 44      0         0      
       lseek.c.obj                  40      0         0      
       write.c.obj                  40      0         0      
       boot_cortex_m.c.obj          36      0         0      
       memmov.c.obj                 36      0         0      
       memchr.c.obj                 32      0         0      
       assert.c.obj                 28      0         0      
       memccpy.c.obj                28      0         0      
       strcmp.c.obj                 24      0         0      
       strchr.c.obj                 22      0         0      
       strcpy.c.obj                 20      0         0      
       strlen.c.obj                 20      0         0      
       wcslen.c.obj                 18      0         0      
       copy_decompress_none.c.obj   14      0         0      
       copy_zero_init.c.obj         12      0         0      
       errno.c.obj                  8       0         4      
       s_copysign.c.obj             12      0         0      
       _lock.c.obj                  2       0         8      
       pre_init.c.obj               4       0         0      
       div0.asm.obj                 2       0         0      
    +--+----------------------------+-------+---------+---------+
       Total:                       10973   257       944    
                                                             
       Heap:                        0       0         32768  
       Stack:                       0       0         5376   
       Linker Generated:            0       183       0      
    +--+----------------------------+-------+---------+---------+
       Grand Total:                 43831   2809      46978  


LINKER GENERATED COPY TABLES

__TI_cinit_table @ 2000f648 records: 2, size/record: 8, table size: 16
	.data: load addr=2000f5a0, load size=00000093 bytes, run addr=20021000, run size=00000290 bytes, compression=lzss
	.bss: load addr=2000f640, load size=00000008 bytes, run addr=2001f000, run size=00001ffa bytes, compression=zero_init


LINKER GENERATED HANDLER TABLE

__TI_handler_table @ 2000f634 records: 3, size/record: 4, table size: 12
	index: 0, handler: __TI_decompress_lzss
	index: 1, handler: __TI_decompress_none
	index: 2, handler: __TI_zero_init


GLOBAL SYMBOLS: SORTED ALPHABETICALLY BY Name 

address   name                                     
-------   ----                                     
200049d1  APP_ip_layer_test_reciever               
20004611  APP_ip_layer_test_reciever_dhcp          
20004559  APP_ip_layer_test_sender                 
200044db  APP_mac_layer_test_reciever              
20004435  APP_mac_layer_test_sender                
20004c01  APP_node                                 
20004efb  APP_sink                                 
20004401  APP_test_systime                         
2000ef53  C$$EXIT                                  
2000e403  C$$IO$$                                  
2000ee31  CPUcpsie                                 
200086a5  ClearTerm                                
2000e87d  DmaSpiSwIntHandler                       
200086af  Error                                    
2000ee45  GPIOIntClear                             
2000ebe9  GPIOIntEnable                            
2000ea55  GPIOIntRegister                          
2000ca99  GPIOIntTypeSet                           
2000ec9f  GPIOPinRead                              
2000e975  GPIOPinWrite                             
20007fe5  GPIO_IF_ConfigureNIntEnable              
20008071  GPIO_IF_Get                              
20007f9f  GPIO_IF_GetPortNPin                      
20007d61  GPIO_IF_LedConfigure                     
20007e53  GPIO_IF_LedOff                           
20007d9f  GPIO_IF_LedOn                            
20007f07  GPIO_IF_LedStatus                        
20007f71  GPIO_IF_LedToggle                        
2000802d  GPIO_IF_Set                              
200086e7  GetCmd                                   
2000df11  HOSTclose                                
2000d1a1  HOSTlseek                                
2000d5fd  HOSTopen                                 
2000d835  HOSTread                                 
2000d209  HOSTrename                               
2000df55  HOSTunlink                               
2000d88d  HOSTwrite                                
20006d75  IP_CLEAN_UP                              
20006a11  IP_add_data_to_send_payload              
200069ab  IP_add_header_to_send_payload            
200067f1  IP_init                                  
20006867  IP_is_request_msg                        
20006889  IP_issue_ip                              
2001f000  IP_last_talked_to                        
20006a89  IP_parse_mac_response                    
20006c09  IP_recv_data                             
20006917  IP_request_ip                            
2002087c  IP_sendPayload                           
20006b01  IP_send_data                             
20008665  InitTerm                                 
2000bc1d  IntDisable                               
2000bcc5  IntEnable                                
2000ef25  IntMasterEnable                          
2000d8e5  IntPendClear                             
2000d9ed  IntPrioritySet                           
2000e995  IntRegister                              
2000e8a1  IntUnregister                            
2000ee59  IntVTableBaseSet                         
20007531  MAC_add_data_to_send_payload             
200074d5  MAC_add_header_to_send_payload           
2000711d  MAC_init                                 
20007217  MAC_is_ack                               
20007241  MAC_is_broadcast_mac                     
20007233  MAC_is_my_mac                            
2000724f  MAC_mac_address_equal                    
200073f9  MAC_parse_header                         
20007301  MAC_recv_ack                             
200076d1  MAC_recv_data                            
20007571  MAC_recv_payload_using_socket            
20021288  MAC_sd                                   
200071a1  MAC_sd_open                              
200072a9  MAC_send_ack                             
20007665  MAC_send_data                            
2000761d  MAC_send_payload_using_socket            
20008683  Message                                  
2000eef5  NwpMaskInterrupt                         
2000e39d  NwpPowerOff                              
2000e60d  NwpPowerOn                               
2000e9b5  NwpPrePowerOffTimout0                    
2000e231  NwpRegisterInterruptHandler              
2000ef01  NwpUnMaskInterrupt                       
2000f358  OpcodeTranslateTable                     
20009b49  PRCMCC3200MCUInit                        
2000edd9  PRCMHIBRegRead                           
2000edef  PRCMHIBRegWrite                          
2000e73d  PRCMPeripheralClkDisable                 
2000e2e9  PRCMPeripheralClkEnable                  
2000c381  PRCMPeripheralClockGet                   
2000d93d  PRCMPeripheralReset                      
2000e47d  PRCMPeripheralStatusGet                  
2000e639  PRCMSysResetCauseGet                     
2000c881  PinConfigSet                             
2000e131  PinModeSet                               
2000ebb1  PinMuxConfig                             
2000ec03  PinTypeUART                              
20008825  Report                                   
2000eee5  ResetISR                                 
20020ff4  RxIrqCnt                                 
2000ecb7  SPICSDisable                             
2000eccf  SPICSEnable                              
2000be11  SPIConfigSetExpClk                       
2000ece7  SPIDisable                               
2000ec1d  SPIDmaDisable                            
2000ec37  SPIDmaEnable                             
2000ecff  SPIEnable                                
2000ec51  SPIFIFODisable                           
2000ec6b  SPIFIFOEnable                            
2000e4b1  SPIFIFOLevelSet                          
2000ddf1  SPIIntClear                              
2000dbe1  SPIIntEnable                             
2000ec85  SPIIntUnregister                         
2000e931  SPIReset                                 
2000e953  SPIWordCountSet                          
200053a9  SimpleLinkGeneralEventHandler            
20005385  SimpleLinkHttpServerCallback             
200052e9  SimpleLinkNetAppEventHandler             
200053bf  SimpleLinkSockEventHandler               
200051cf  SimpleLinkWlanEventHandler               
20005195  TimerBaseIntHandler                      
2000dfdd  TimerConfigure                           
2000ea73  TimerDisable                             
2000ea91  TimerEnable                              
2000e9d5  TimerGetCurrentTimestamp                 
2000ee95  TimerIntClear                            
2000ed17  TimerIntDisable                          
2000ed2f  TimerIntEnable                           
2000cfe9  TimerIntRegister                         
2000eaaf  TimerIntStatus                           
2000d271  TimerIntUnregister                       
2000e6e9  TimerLoadSet                             
2000e713  TimerPrescaleSet                         
200051b5  TimerRefIntHandler                       
2000eb09  TimerValueGet                            
20009967  Timer_IF_DeInit                          
20009999  Timer_IF_GetCount                        
200098a1  Timer_IF_Init                            
200098d3  Timer_IF_IntSetup                        
2000991f  Timer_IF_InterruptClear                  
20009981  Timer_IF_ReLoad                          
20009937  Timer_IF_Start                           
20009957  Timer_IF_Stop                            
2000878d  TrimSpace                                
2000eb25  UARTCharGetNonBlocking                   
2000eacd  UARTCharPut                              
2000ed47  UARTCharsAvail                           
2000ce89  UARTConfigSetExpClk                      
2000e54d  UARTDisable                              
2000e8c5  UARTEnable                               
200082db  UTIL_UART_print_ip                       
200082af  UTIL_UART_print_mac                      
20008365  UTIL_clear_payload                       
2000819f  UTIL_convert_4Bytes_to_Int               
200081c5  UTIL_convert_8Bytes_to_unsigned_long_long
2000816b  UTIL_convert_int_to_4bytes               
200080e3  UTIL_convert_unsigned_long_long_to_8bytes
200082f9  UTIL_delay                               
20008323  UTIL_ip_comp                             
200080bd  UTIL_within_tolerance                    
2000ef49  UtilsDelay                               
2000f394  _SlActionLookupTable                     
2000bd6d  _SlDriverHandleError                     
2000de39  _SlDrvBasicCmd                           
2000b9f9  _SlDrvCmdOp                              
2000d0c9  _SlDrvCmdSend                            
20008d99  _SlDrvDataReadOp                         
20009e31  _SlDrvDataWriteOp                        
2000bfed  _SlDrvDeviceEventHandler                 
2000eeb9  _SlDrvDispatchHttpServerEvents           
2000a5b5  _SlDrvDriverCBDeinit                     
200094d1  _SlDrvDriverCBInit                       
2000e765  _SlDrvGlobalObjUnLock                    
2000c6dd  _SlDrvIsTimeoutExpired                   
2000ee05  _SlDrvMemZero                            
2000b0b1  _SlDrvMsgReadSpawnCtx                    
2000a919  _SlDrvNetAppEventHandler                 
2000e855  _SlDrvObjLockWaitForever                 
2000e9f5  _SlDrvObjUnLock                          
2000dc79  _SlDrvProtectAsyncRespSetting            
2000e691  _SlDrvProtectionObjLockWaitForever       
2000e78d  _SlDrvProtectionObjUnLock                
20008f7d  _SlDrvReleasePoolObj                     
2000eec9  _SlDrvResetCmdExt                        
2000da41  _SlDrvRxIrqHandler                       
2000eb41  _SlDrvStartMeasureTimeout                
2000ea15  _SlDrvSyncObjSignal                      
2000e7b5  _SlDrvSyncObjWaitForever                 
2000e021  _SlDrvSyncObjWaitTimeout                 
200099b9  _SlDrvWaitForPoolObj                     
2000f55e  _SlNetAppSendTokenValueCmdCtrl           
2000cf01  _SlNonOsMainLoopTask                     
2000bb6d  _SlNonOsSemGet                           
2000ed5f  _SlNonOsSemSet                           
2000d341  _SlNonOsSpawn                            
20020d68  __CIOBUF_                                
20030000  __STACK_END                              
00001500  __STACK_SIZE                             
00008000  __SYSMEM_SIZE                            
2000f648  __TI_CINIT_Base                          
2000f658  __TI_CINIT_Limit                         
2000f634  __TI_Handler_Table_Base                  
2000f640  __TI_Handler_Table_Limit                 
2000e065  __TI_auto_init_nobinit_nopinit           
2000e4e5  __TI_cleanup                             
2002124c  __TI_cleanup_ptr                         
2000cf75  __TI_closefile                           
2000d2d9  __TI_decompress_lzss                     
2000eed7  __TI_decompress_none                     
2000dcc5  __TI_doflush                             
20021250  __TI_dtors_ptr                           
20021254  __TI_enable_exit_profile_output          
2002122c  __TI_ft_end                              
ffffffff  __TI_pprof_out_hndl                      
20005da1  __TI_printfi                             
ffffffff  __TI_prof_data_size                      
ffffffff  __TI_prof_data_start                     
2000e519  __TI_readmsg                             
2000f5a0  __TI_static_base__                       
20020e88  __TI_tmpnams                             
2000e3d5  __TI_writemsg                            
2000d599  __TI_wrt_ok                              
2000ef19  __TI_zero_init                           
2000c909  __aeabi_cdcmpeq                          
2000c909  __aeabi_cdcmple                          
2000c98f  __aeabi_cdrcmple                         
2000dec9  __aeabi_d2iz                             
20009323  __aeabi_dadd                             
2000a349  __aeabi_ddiv                             
2000aa1d  __aeabi_dmul                             
20009319  __aeabi_dsub                             
2000ef39  __aeabi_errno_addr                       
2000e5dd  __aeabi_i2d                              
2000a47f  __aeabi_idiv0                            
2000a47f  __aeabi_ldiv0                            
2000cd95  __aeabi_memclr                           
2000cd95  __aeabi_memclr4                          
2000cd95  __aeabi_memclr8                          
2000bf51  __aeabi_memcpy                           
2000bf51  __aeabi_memcpy4                          
2000bf51  __aeabi_memcpy8                          
2000cd97  __aeabi_memset                           
2000cd97  __aeabi_memset4                          
2000cd97  __aeabi_memset8                          
20021238  __aeabi_stderr                           
20021230  __aeabi_stdin                            
20021234  __aeabi_stdout                           
2000c2e9  __aeabi_uldivmod                         
ffffffff  __binit__                                
ffffffff  __c_args__                               
UNDEFED   __mpu_init                               
2002eb00  __stack                                  
2000eb5d  _abort_msg                               
2000e8e9  _c_int00_noargs                          
2000ef58  _ctypes_                                 
200210f0  _device                                  
20021000  _ftable                                  
20021270  _lock                                    
200094cf  _nop                                     
2000d3a5  _sl_HandleAsync_Accept                   
2000cb1d  _sl_HandleAsync_Connect                  
2000c415  _sl_HandleAsync_DnsGetHostByName         
2000b79d  _sl_HandleAsync_DnsGetHostByService      
2000c769  _sl_HandleAsync_InitComplete             
2000c4a5  _sl_HandleAsync_PingResponse             
2000da95  _sl_HandleAsync_Select                   
2000db91  _sl_HandleAsync_Stop                     
2000d135  _sl_NetAppSendTokenValue                 
20021168  _stream                                  
20017000  _sys_memory                              
UNDEFED   _system_post_cinit                       
2000ef4f  _system_pre_init                         
20021274  _unlock                                  
2000ef53  abort                                    
200084d3  add_ip_mac_entry                         
2000ab19  aligned_alloc                            
2000dd11  atoi                                     
ffffffff  binit                                    
20021280  broadcast                                
200211f4  broadcast_IP                             
20020fd8  broadcast_mac                            
2000d77d  close                                    
2000ef0d  copysign                                 
2000ef0d  copysignl                                
2002128c  errno                                    
2000de81  exit                                     
2000cc9d  fflush                                   
20008491  find_free_ip                             
2000e5ad  finddevice                               
2000a805  fputs                                    
2000b199  free                                     
2000d7d9  frexp                                    
2000d7d9  frexpl                                   
2000d409  fseek                                    
2002123c  g_SlDeviceStatus                         
20021264  g_SpiFd                                  
200211b8  g__SlNonOsCB                             
20020ff5  g_bDeviceRestartIsRequired               
20020ff6  g_cDummy                                 
20021210  g_i                                      
20021240  g_pCB                                    
20021268  g_pHostIntHdl                            
20004000  g_pfnVectors                             
20020fc0  g_ucConnectionBSSID                      
20020f78  g_ucConnectionSSID                       
2002126c  g_ucDMAEnabled                           
20020f28  g_ucDinDout                              
20020ff7  g_ucLED1Pin                              
20020ff8  g_ucLED2Pin                              
20020ff9  g_ucLED3Pin                              
20021258  g_uiLED1Port                             
2002125c  g_uiLED2Port                             
20021260  g_uiLED3Port                             
200211fc  g_ulGatewayIP                            
200211f8  g_ulStatus                               
20020fe8  gateway                                  
20005b8d  get_mac_as_ascii                         
20005c29  get_u8_as_string                         
2000e0ed  getdevice                                
20005aed  init_board                               
200083c5  init_trans_table                         
20020fac  intBuffer                                
20005a11  isBroadcastIP                            
2000593f  isBroadcastMac                           
20005a65  isMyMac                                  
2000b6cd  ldexp                                    
2000b6cd  ldexpl                                   
2000e805  lseek                                    
2000dae9  ltoa                                     
20021200  macAddressLen                            
20020fc8  macAddressVal                            
2001f7f0  macTable                                 
20008437  mac_address_comp                         
20005c45  main                                     
2000ef41  malloc                                   
2000ab19  memalign                                 
2000eb95  memccpy                                  
2000ea35  memchr                                   
2000bf51  memcpy                                   
2000e90d  memmove                                  
2000cd9d  memset                                   
20020fec  my_ip                                    
20020fde  my_mac                                   
20021244  pPingCallBackFunc                        
20020fd0  parmbuf                                  
2000b51d  realloc                                  
2001fdf0  recvPayload                              
2000e6bd  remove                                   
2000850d  remove_ip_mac_entry                      
20008543  resolve_ip_to_mac                        
200085e7  resolve_mac_to_ip                        
20020ff0  role                                     
2000b6cd  scalbn                                   
2000b6cd  scalbnl                                  
200203cc  sendPayload                              
2000b441  setvbuf                                  
2000e325  simplelink_timerA2_start                 
2000d65d  sl_Close                                 
2000b869  sl_DevGet                                
2000b281  sl_NetAppMDNSRegisterUnregisterService   
2000d46d  sl_NetAppMDNSUnRegisterService           
2000b5f5  sl_NetCfgGet                             
2000c089  sl_NetCfgSet                             
2000beb1  sl_Recv                                  
2000a481  sl_Send                                  
2000c121  sl_SetSockOpt                            
2000c7f5  sl_Socket                                
2000aedd  sl_Start                                 
2000ac0d  sl_Stop                                  
2000e40d  sl_WlanDisconnect                        
2000c535  sl_WlanPolicySet                         
2000d6bd  sl_WlanProfileDel                        
2000ca15  sl_WlanRxFilterSet                       
2000c1b9  sl_WlanSet                               
2000d71d  sl_WlanSetMode                           
2000ce11  spi_Close                                
20009f81  spi_Open                                 
2000acfd  spi_Read                                 
2000c251  spi_Write                                
2000e1b1  sprintf                                  
20020f9c  srcBuff                                  
2000ee1b  strchr                                   
2000edc1  strcmp                                   
2000ee6d  strcpy                                   
2000ee81  strlen                                   
2000e445  strncpy                                  
20021214  succ                                     
20021208  systime                                  
2000dd5d  uDMAChannelAssign                        
2000d4d1  uDMAChannelAttributeDisable              
2000d535  uDMAChannelAttributeEnable               
2000e361  uDMAChannelControlSet                    
2000ebcd  uDMAChannelEnable                        
2000aded  uDMAChannelTransferSet                   
2000e6bd  unlink                                   
2000e1f1  vsnprintf                                
2000eea7  wcslen                                   
2000e82d  write                                    


GLOBAL SYMBOLS: SORTED BY Symbol Address 

address   name                                     
-------   ----                                     
00001500  __STACK_SIZE                             
00008000  __SYSMEM_SIZE                            
20004000  g_pfnVectors                             
20004401  APP_test_systime                         
20004435  APP_mac_layer_test_sender                
200044db  APP_mac_layer_test_reciever              
20004559  APP_ip_layer_test_sender                 
20004611  APP_ip_layer_test_reciever_dhcp          
200049d1  APP_ip_layer_test_reciever               
20004c01  APP_node                                 
20004efb  APP_sink                                 
20005195  TimerBaseIntHandler                      
200051b5  TimerRefIntHandler                       
200051cf  SimpleLinkWlanEventHandler               
200052e9  SimpleLinkNetAppEventHandler             
20005385  SimpleLinkHttpServerCallback             
200053a9  SimpleLinkGeneralEventHandler            
200053bf  SimpleLinkSockEventHandler               
2000593f  isBroadcastMac                           
20005a11  isBroadcastIP                            
20005a65  isMyMac                                  
20005aed  init_board                               
20005b8d  get_mac_as_ascii                         
20005c29  get_u8_as_string                         
20005c45  main                                     
20005da1  __TI_printfi                             
200067f1  IP_init                                  
20006867  IP_is_request_msg                        
20006889  IP_issue_ip                              
20006917  IP_request_ip                            
200069ab  IP_add_header_to_send_payload            
20006a11  IP_add_data_to_send_payload              
20006a89  IP_parse_mac_response                    
20006b01  IP_send_data                             
20006c09  IP_recv_data                             
20006d75  IP_CLEAN_UP                              
2000711d  MAC_init                                 
200071a1  MAC_sd_open                              
20007217  MAC_is_ack                               
20007233  MAC_is_my_mac                            
20007241  MAC_is_broadcast_mac                     
2000724f  MAC_mac_address_equal                    
200072a9  MAC_send_ack                             
20007301  MAC_recv_ack                             
200073f9  MAC_parse_header                         
200074d5  MAC_add_header_to_send_payload           
20007531  MAC_add_data_to_send_payload             
20007571  MAC_recv_payload_using_socket            
2000761d  MAC_send_payload_using_socket            
20007665  MAC_send_data                            
200076d1  MAC_recv_data                            
20007d61  GPIO_IF_LedConfigure                     
20007d9f  GPIO_IF_LedOn                            
20007e53  GPIO_IF_LedOff                           
20007f07  GPIO_IF_LedStatus                        
20007f71  GPIO_IF_LedToggle                        
20007f9f  GPIO_IF_GetPortNPin                      
20007fe5  GPIO_IF_ConfigureNIntEnable              
2000802d  GPIO_IF_Set                              
20008071  GPIO_IF_Get                              
200080bd  UTIL_within_tolerance                    
200080e3  UTIL_convert_unsigned_long_long_to_8bytes
2000816b  UTIL_convert_int_to_4bytes               
2000819f  UTIL_convert_4Bytes_to_Int               
200081c5  UTIL_convert_8Bytes_to_unsigned_long_long
200082af  UTIL_UART_print_mac                      
200082db  UTIL_UART_print_ip                       
200082f9  UTIL_delay                               
20008323  UTIL_ip_comp                             
20008365  UTIL_clear_payload                       
200083c5  init_trans_table                         
20008437  mac_address_comp                         
20008491  find_free_ip                             
200084d3  add_ip_mac_entry                         
2000850d  remove_ip_mac_entry                      
20008543  resolve_ip_to_mac                        
200085e7  resolve_mac_to_ip                        
20008665  InitTerm                                 
20008683  Message                                  
200086a5  ClearTerm                                
200086af  Error                                    
200086e7  GetCmd                                   
2000878d  TrimSpace                                
20008825  Report                                   
20008d99  _SlDrvDataReadOp                         
20008f7d  _SlDrvReleasePoolObj                     
20009319  __aeabi_dsub                             
20009323  __aeabi_dadd                             
200094cf  _nop                                     
200094d1  _SlDrvDriverCBInit                       
200098a1  Timer_IF_Init                            
200098d3  Timer_IF_IntSetup                        
2000991f  Timer_IF_InterruptClear                  
20009937  Timer_IF_Start                           
20009957  Timer_IF_Stop                            
20009967  Timer_IF_DeInit                          
20009981  Timer_IF_ReLoad                          
20009999  Timer_IF_GetCount                        
200099b9  _SlDrvWaitForPoolObj                     
20009b49  PRCMCC3200MCUInit                        
20009e31  _SlDrvDataWriteOp                        
20009f81  spi_Open                                 
2000a349  __aeabi_ddiv                             
2000a47f  __aeabi_idiv0                            
2000a47f  __aeabi_ldiv0                            
2000a481  sl_Send                                  
2000a5b5  _SlDrvDriverCBDeinit                     
2000a805  fputs                                    
2000a919  _SlDrvNetAppEventHandler                 
2000aa1d  __aeabi_dmul                             
2000ab19  aligned_alloc                            
2000ab19  memalign                                 
2000ac0d  sl_Stop                                  
2000acfd  spi_Read                                 
2000aded  uDMAChannelTransferSet                   
2000aedd  sl_Start                                 
2000b0b1  _SlDrvMsgReadSpawnCtx                    
2000b199  free                                     
2000b281  sl_NetAppMDNSRegisterUnregisterService   
2000b441  setvbuf                                  
2000b51d  realloc                                  
2000b5f5  sl_NetCfgGet                             
2000b6cd  ldexp                                    
2000b6cd  ldexpl                                   
2000b6cd  scalbn                                   
2000b6cd  scalbnl                                  
2000b79d  _sl_HandleAsync_DnsGetHostByService      
2000b869  sl_DevGet                                
2000b9f9  _SlDrvCmdOp                              
2000bb6d  _SlNonOsSemGet                           
2000bc1d  IntDisable                               
2000bcc5  IntEnable                                
2000bd6d  _SlDriverHandleError                     
2000be11  SPIConfigSetExpClk                       
2000beb1  sl_Recv                                  
2000bf51  __aeabi_memcpy                           
2000bf51  __aeabi_memcpy4                          
2000bf51  __aeabi_memcpy8                          
2000bf51  memcpy                                   
2000bfed  _SlDrvDeviceEventHandler                 
2000c089  sl_NetCfgSet                             
2000c121  sl_SetSockOpt                            
2000c1b9  sl_WlanSet                               
2000c251  spi_Write                                
2000c2e9  __aeabi_uldivmod                         
2000c381  PRCMPeripheralClockGet                   
2000c415  _sl_HandleAsync_DnsGetHostByName         
2000c4a5  _sl_HandleAsync_PingResponse             
2000c535  sl_WlanPolicySet                         
2000c6dd  _SlDrvIsTimeoutExpired                   
2000c769  _sl_HandleAsync_InitComplete             
2000c7f5  sl_Socket                                
2000c881  PinConfigSet                             
2000c909  __aeabi_cdcmpeq                          
2000c909  __aeabi_cdcmple                          
2000c98f  __aeabi_cdrcmple                         
2000ca15  sl_WlanRxFilterSet                       
2000ca99  GPIOIntTypeSet                           
2000cb1d  _sl_HandleAsync_Connect                  
2000cc9d  fflush                                   
2000cd95  __aeabi_memclr                           
2000cd95  __aeabi_memclr4                          
2000cd95  __aeabi_memclr8                          
2000cd97  __aeabi_memset                           
2000cd97  __aeabi_memset4                          
2000cd97  __aeabi_memset8                          
2000cd9d  memset                                   
2000ce11  spi_Close                                
2000ce89  UARTConfigSetExpClk                      
2000cf01  _SlNonOsMainLoopTask                     
2000cf75  __TI_closefile                           
2000cfe9  TimerIntRegister                         
2000d0c9  _SlDrvCmdSend                            
2000d135  _sl_NetAppSendTokenValue                 
2000d1a1  HOSTlseek                                
2000d209  HOSTrename                               
2000d271  TimerIntUnregister                       
2000d2d9  __TI_decompress_lzss                     
2000d341  _SlNonOsSpawn                            
2000d3a5  _sl_HandleAsync_Accept                   
2000d409  fseek                                    
2000d46d  sl_NetAppMDNSUnRegisterService           
2000d4d1  uDMAChannelAttributeDisable              
2000d535  uDMAChannelAttributeEnable               
2000d599  __TI_wrt_ok                              
2000d5fd  HOSTopen                                 
2000d65d  sl_Close                                 
2000d6bd  sl_WlanProfileDel                        
2000d71d  sl_WlanSetMode                           
2000d77d  close                                    
2000d7d9  frexp                                    
2000d7d9  frexpl                                   
2000d835  HOSTread                                 
2000d88d  HOSTwrite                                
2000d8e5  IntPendClear                             
2000d93d  PRCMPeripheralReset                      
2000d9ed  IntPrioritySet                           
2000da41  _SlDrvRxIrqHandler                       
2000da95  _sl_HandleAsync_Select                   
2000dae9  ltoa                                     
2000db91  _sl_HandleAsync_Stop                     
2000dbe1  SPIIntEnable                             
2000dc79  _SlDrvProtectAsyncRespSetting            
2000dcc5  __TI_doflush                             
2000dd11  atoi                                     
2000dd5d  uDMAChannelAssign                        
2000ddf1  SPIIntClear                              
2000de39  _SlDrvBasicCmd                           
2000de81  exit                                     
2000dec9  __aeabi_d2iz                             
2000df11  HOSTclose                                
2000df55  HOSTunlink                               
2000dfdd  TimerConfigure                           
2000e021  _SlDrvSyncObjWaitTimeout                 
2000e065  __TI_auto_init_nobinit_nopinit           
2000e0ed  getdevice                                
2000e131  PinModeSet                               
2000e1b1  sprintf                                  
2000e1f1  vsnprintf                                
2000e231  NwpRegisterInterruptHandler              
2000e2e9  PRCMPeripheralClkEnable                  
2000e325  simplelink_timerA2_start                 
2000e361  uDMAChannelControlSet                    
2000e39d  NwpPowerOff                              
2000e3d5  __TI_writemsg                            
2000e403  C$$IO$$                                  
2000e40d  sl_WlanDisconnect                        
2000e445  strncpy                                  
2000e47d  PRCMPeripheralStatusGet                  
2000e4b1  SPIFIFOLevelSet                          
2000e4e5  __TI_cleanup                             
2000e519  __TI_readmsg                             
2000e54d  UARTDisable                              
2000e5ad  finddevice                               
2000e5dd  __aeabi_i2d                              
2000e60d  NwpPowerOn                               
2000e639  PRCMSysResetCauseGet                     
2000e691  _SlDrvProtectionObjLockWaitForever       
2000e6bd  remove                                   
2000e6bd  unlink                                   
2000e6e9  TimerLoadSet                             
2000e713  TimerPrescaleSet                         
2000e73d  PRCMPeripheralClkDisable                 
2000e765  _SlDrvGlobalObjUnLock                    
2000e78d  _SlDrvProtectionObjUnLock                
2000e7b5  _SlDrvSyncObjWaitForever                 
2000e805  lseek                                    
2000e82d  write                                    
2000e855  _SlDrvObjLockWaitForever                 
2000e87d  DmaSpiSwIntHandler                       
2000e8a1  IntUnregister                            
2000e8c5  UARTEnable                               
2000e8e9  _c_int00_noargs                          
2000e90d  memmove                                  
2000e931  SPIReset                                 
2000e953  SPIWordCountSet                          
2000e975  GPIOPinWrite                             
2000e995  IntRegister                              
2000e9b5  NwpPrePowerOffTimout0                    
2000e9d5  TimerGetCurrentTimestamp                 
2000e9f5  _SlDrvObjUnLock                          
2000ea15  _SlDrvSyncObjSignal                      
2000ea35  memchr                                   
2000ea55  GPIOIntRegister                          
2000ea73  TimerDisable                             
2000ea91  TimerEnable                              
2000eaaf  TimerIntStatus                           
2000eacd  UARTCharPut                              
2000eb09  TimerValueGet                            
2000eb25  UARTCharGetNonBlocking                   
2000eb41  _SlDrvStartMeasureTimeout                
2000eb5d  _abort_msg                               
2000eb95  memccpy                                  
2000ebb1  PinMuxConfig                             
2000ebcd  uDMAChannelEnable                        
2000ebe9  GPIOIntEnable                            
2000ec03  PinTypeUART                              
2000ec1d  SPIDmaDisable                            
2000ec37  SPIDmaEnable                             
2000ec51  SPIFIFODisable                           
2000ec6b  SPIFIFOEnable                            
2000ec85  SPIIntUnregister                         
2000ec9f  GPIOPinRead                              
2000ecb7  SPICSDisable                             
2000eccf  SPICSEnable                              
2000ece7  SPIDisable                               
2000ecff  SPIEnable                                
2000ed17  TimerIntDisable                          
2000ed2f  TimerIntEnable                           
2000ed47  UARTCharsAvail                           
2000ed5f  _SlNonOsSemSet                           
2000edc1  strcmp                                   
2000edd9  PRCMHIBRegRead                           
2000edef  PRCMHIBRegWrite                          
2000ee05  _SlDrvMemZero                            
2000ee1b  strchr                                   
2000ee31  CPUcpsie                                 
2000ee45  GPIOIntClear                             
2000ee59  IntVTableBaseSet                         
2000ee6d  strcpy                                   
2000ee81  strlen                                   
2000ee95  TimerIntClear                            
2000eea7  wcslen                                   
2000eeb9  _SlDrvDispatchHttpServerEvents           
2000eec9  _SlDrvResetCmdExt                        
2000eed7  __TI_decompress_none                     
2000eee5  ResetISR                                 
2000eef5  NwpMaskInterrupt                         
2000ef01  NwpUnMaskInterrupt                       
2000ef0d  copysign                                 
2000ef0d  copysignl                                
2000ef19  __TI_zero_init                           
2000ef25  IntMasterEnable                          
2000ef39  __aeabi_errno_addr                       
2000ef41  malloc                                   
2000ef49  UtilsDelay                               
2000ef4f  _system_pre_init                         
2000ef53  C$$EXIT                                  
2000ef53  abort                                    
2000ef58  _ctypes_                                 
2000f358  OpcodeTranslateTable                     
2000f394  _SlActionLookupTable                     
2000f55e  _SlNetAppSendTokenValueCmdCtrl           
2000f5a0  __TI_static_base__                       
2000f634  __TI_Handler_Table_Base                  
2000f640  __TI_Handler_Table_Limit                 
2000f648  __TI_CINIT_Base                          
2000f658  __TI_CINIT_Limit                         
20017000  _sys_memory                              
2001f000  IP_last_talked_to                        
2001f7f0  macTable                                 
2001fdf0  recvPayload                              
200203cc  sendPayload                              
2002087c  IP_sendPayload                           
20020d68  __CIOBUF_                                
20020e88  __TI_tmpnams                             
20020f28  g_ucDinDout                              
20020f78  g_ucConnectionSSID                       
20020f9c  srcBuff                                  
20020fac  intBuffer                                
20020fc0  g_ucConnectionBSSID                      
20020fc8  macAddressVal                            
20020fd0  parmbuf                                  
20020fd8  broadcast_mac                            
20020fde  my_mac                                   
20020fe8  gateway                                  
20020fec  my_ip                                    
20020ff0  role                                     
20020ff4  RxIrqCnt                                 
20020ff5  g_bDeviceRestartIsRequired               
20020ff6  g_cDummy                                 
20020ff7  g_ucLED1Pin                              
20020ff8  g_ucLED2Pin                              
20020ff9  g_ucLED3Pin                              
20021000  _ftable                                  
200210f0  _device                                  
20021168  _stream                                  
200211b8  g__SlNonOsCB                             
200211f4  broadcast_IP                             
200211f8  g_ulStatus                               
200211fc  g_ulGatewayIP                            
20021200  macAddressLen                            
20021208  systime                                  
20021210  g_i                                      
20021214  succ                                     
2002122c  __TI_ft_end                              
20021230  __aeabi_stdin                            
20021234  __aeabi_stdout                           
20021238  __aeabi_stderr                           
2002123c  g_SlDeviceStatus                         
20021240  g_pCB                                    
20021244  pPingCallBackFunc                        
2002124c  __TI_cleanup_ptr                         
20021250  __TI_dtors_ptr                           
20021254  __TI_enable_exit_profile_output          
20021258  g_uiLED1Port                             
2002125c  g_uiLED2Port                             
20021260  g_uiLED3Port                             
20021264  g_SpiFd                                  
20021268  g_pHostIntHdl                            
2002126c  g_ucDMAEnabled                           
20021270  _lock                                    
20021274  _unlock                                  
20021280  broadcast                                
20021288  MAC_sd                                   
2002128c  errno                                    
2002eb00  __stack                                  
20030000  __STACK_END                              
ffffffff  __TI_pprof_out_hndl                      
ffffffff  __TI_prof_data_size                      
ffffffff  __TI_prof_data_start                     
ffffffff  __binit__                                
ffffffff  __c_args__                               
ffffffff  binit                                    
UNDEFED   __mpu_init                               
UNDEFED   _system_post_cinit                       

[396 symbols]
