<?xml version="1.0" encoding="ISO-8859-1" ?>
<link_info>
   <banner>TI ARM Linker PC v18.12.1.LTS</banner>
   <copyright>Copyright (c) 1996-2018 Texas Instruments Incorporated</copyright>
   <link_time>0x5cce25d4</link_time>
   <link_errors>0x0</link_errors>
   <output_file>transceiver_mode.out</output_file>
   <entry_point>
      <name>_c_int00_noargs</name>
      <address>0x2000e899</address>
   </entry_point>
   <input_file_list>
      <input_file id="fl-2">
         <path>.\</path>
         <kind>object</kind>
         <file>application.obj</file>
         <name>application.obj</name>
      </input_file>
      <input_file id="fl-3">
         <path>.\</path>
         <kind>object</kind>
         <file>gpio_if.obj</file>
         <name>gpio_if.obj</name>
      </input_file>
      <input_file id="fl-4">
         <path>.\</path>
         <kind>object</kind>
         <file>ip.obj</file>
         <name>ip.obj</name>
      </input_file>
      <input_file id="fl-5">
         <path>.\</path>
         <kind>object</kind>
         <file>mac.obj</file>
         <name>mac.obj</name>
      </input_file>
      <input_file id="fl-6">
         <path>.\</path>
         <kind>object</kind>
         <file>main.obj</file>
         <name>main.obj</name>
      </input_file>
      <input_file id="fl-7">
         <path>.\</path>
         <kind>object</kind>
         <file>my_util.obj</file>
         <name>my_util.obj</name>
      </input_file>
      <input_file id="fl-8">
         <path>.\</path>
         <kind>object</kind>
         <file>network_common.obj</file>
         <name>network_common.obj</name>
      </input_file>
      <input_file id="fl-9">
         <path>.\</path>
         <kind>object</kind>
         <file>pinmux.obj</file>
         <name>pinmux.obj</name>
      </input_file>
      <input_file id="fl-a">
         <path>.\</path>
         <kind>object</kind>
         <file>startup_ccs.obj</file>
         <name>startup_ccs.obj</name>
      </input_file>
      <input_file id="fl-b">
         <path>.\</path>
         <kind>object</kind>
         <file>timer_if.obj</file>
         <name>timer_if.obj</name>
      </input_file>
      <input_file id="fl-c">
         <path>.\</path>
         <kind>object</kind>
         <file>translation_utility.obj</file>
         <name>translation_utility.obj</name>
      </input_file>
      <input_file id="fl-d">
         <path>.\</path>
         <kind>object</kind>
         <file>uart_if.obj</file>
         <name>uart_if.obj</name>
      </input_file>
      <input_file id="fl-13">
         <kind>object</kind>
         <file>&lt;internal&gt;</file>
         <name>&lt;internal&gt;</name>
      </input_file>
      <input_file id="fl-c9">
         <path>C:\ti\ccs901\ccs\tools\compiler\ti-cgt-arm_18.12.1.LTS\lib\</path>
         <kind>archive</kind>
         <file>rtsv7M4_T_le_eabi.lib</file>
         <name>sprintf.c.obj</name>
      </input_file>
      <input_file id="fl-ca">
         <path>C:\ti\ccs901\ccs\tools\compiler\ti-cgt-arm_18.12.1.LTS\lib\</path>
         <kind>archive</kind>
         <file>rtsv7M4_T_le_eabi.lib</file>
         <name>vsnprintf.c.obj</name>
      </input_file>
      <input_file id="fl-cb">
         <path>C:\ti\ccs901\ccs\tools\compiler\ti-cgt-arm_18.12.1.LTS\lib\</path>
         <kind>archive</kind>
         <file>rtsv7M4_T_le_eabi.lib</file>
         <name>ull_div_t2.asm.obj</name>
      </input_file>
      <input_file id="fl-cc">
         <path>C:\ti\ccs901\ccs\tools\compiler\ti-cgt-arm_18.12.1.LTS\lib\</path>
         <kind>archive</kind>
         <file>rtsv7M4_T_le_eabi.lib</file>
         <name>memcpy_t2.asm.obj</name>
      </input_file>
      <input_file id="fl-cd">
         <path>C:\ti\ccs901\ccs\tools\compiler\ti-cgt-arm_18.12.1.LTS\lib\</path>
         <kind>archive</kind>
         <file>rtsv7M4_T_le_eabi.lib</file>
         <name>memset_t2.asm.obj</name>
      </input_file>
      <input_file id="fl-ce">
         <path>C:\ti\ccs901\ccs\tools\compiler\ti-cgt-arm_18.12.1.LTS\lib\</path>
         <kind>archive</kind>
         <file>rtsv7M4_T_le_eabi.lib</file>
         <name>copy_zero_init.c.obj</name>
      </input_file>
      <input_file id="fl-cf">
         <path>C:\ti\ccs901\ccs\tools\compiler\ti-cgt-arm_18.12.1.LTS\lib\</path>
         <kind>archive</kind>
         <file>rtsv7M4_T_le_eabi.lib</file>
         <name>copy_decompress_none.c.obj</name>
      </input_file>
      <input_file id="fl-d0">
         <path>C:\ti\ccs901\ccs\tools\compiler\ti-cgt-arm_18.12.1.LTS\lib\</path>
         <kind>archive</kind>
         <file>rtsv7M4_T_le_eabi.lib</file>
         <name>copy_decompress_lzss.c.obj</name>
      </input_file>
      <input_file id="fl-d1">
         <path>C:\ti\ccs901\ccs\tools\compiler\ti-cgt-arm_18.12.1.LTS\lib\</path>
         <kind>archive</kind>
         <file>rtsv7M4_T_le_eabi.lib</file>
         <name>assert.c.obj</name>
      </input_file>
      <input_file id="fl-d2">
         <path>C:\ti\ccs901\ccs\tools\compiler\ti-cgt-arm_18.12.1.LTS\lib\</path>
         <kind>archive</kind>
         <file>rtsv7M4_T_le_eabi.lib</file>
         <name>defs.c.obj</name>
      </input_file>
      <input_file id="fl-d3">
         <path>C:\ti\ccs901\ccs\tools\compiler\ti-cgt-arm_18.12.1.LTS\lib\</path>
         <kind>archive</kind>
         <file>rtsv7M4_T_le_eabi.lib</file>
         <name>memmov.c.obj</name>
      </input_file>
      <input_file id="fl-d4">
         <path>C:\ti\ccs901\ccs\tools\compiler\ti-cgt-arm_18.12.1.LTS\lib\</path>
         <kind>archive</kind>
         <file>rtsv7M4_T_le_eabi.lib</file>
         <name>memory.c.obj</name>
      </input_file>
      <input_file id="fl-d5">
         <path>C:\ti\ccs901\ccs\tools\compiler\ti-cgt-arm_18.12.1.LTS\lib\</path>
         <kind>archive</kind>
         <file>rtsv7M4_T_le_eabi.lib</file>
         <name>strcmp.c.obj</name>
      </input_file>
      <input_file id="fl-d6">
         <path>C:\ti\ccs901\ccs\tools\compiler\ti-cgt-arm_18.12.1.LTS\lib\</path>
         <kind>archive</kind>
         <file>rtsv7M4_T_le_eabi.lib</file>
         <name>strlen.c.obj</name>
      </input_file>
      <input_file id="fl-d7">
         <path>C:\ti\ccs901\ccs\tools\compiler\ti-cgt-arm_18.12.1.LTS\lib\</path>
         <kind>archive</kind>
         <file>rtsv7M4_T_le_eabi.lib</file>
         <name>boot_cortex_m.c.obj</name>
      </input_file>
      <input_file id="fl-d8">
         <path>C:\ti\ccs901\ccs\tools\compiler\ti-cgt-arm_18.12.1.LTS\lib\</path>
         <kind>archive</kind>
         <file>rtsv7M4_T_le_eabi.lib</file>
         <name>_printfi.c.obj</name>
      </input_file>
      <input_file id="fl-d9">
         <path>C:\ti\ccs901\ccs\tools\compiler\ti-cgt-arm_18.12.1.LTS\lib\</path>
         <kind>archive</kind>
         <file>rtsv7M4_T_le_eabi.lib</file>
         <name>fflush.c.obj</name>
      </input_file>
      <input_file id="fl-da">
         <path>C:\ti\ccs901\ccs\tools\compiler\ti-cgt-arm_18.12.1.LTS\lib\</path>
         <kind>archive</kind>
         <file>rtsv7M4_T_le_eabi.lib</file>
         <name>fputs.c.obj</name>
      </input_file>
      <input_file id="fl-db">
         <path>C:\ti\ccs901\ccs\tools\compiler\ti-cgt-arm_18.12.1.LTS\lib\</path>
         <kind>archive</kind>
         <file>rtsv7M4_T_le_eabi.lib</file>
         <name>_io_perm.c.obj</name>
      </input_file>
      <input_file id="fl-dc">
         <path>C:\ti\ccs901\ccs\tools\compiler\ti-cgt-arm_18.12.1.LTS\lib\</path>
         <kind>archive</kind>
         <file>rtsv7M4_T_le_eabi.lib</file>
         <name>setvbuf.c.obj</name>
      </input_file>
      <input_file id="fl-dd">
         <path>C:\ti\ccs901\ccs\tools\compiler\ti-cgt-arm_18.12.1.LTS\lib\</path>
         <kind>archive</kind>
         <file>rtsv7M4_T_le_eabi.lib</file>
         <name>s_frexp.c.obj</name>
      </input_file>
      <input_file id="fl-de">
         <path>C:\ti\ccs901\ccs\tools\compiler\ti-cgt-arm_18.12.1.LTS\lib\</path>
         <kind>archive</kind>
         <file>rtsv7M4_T_le_eabi.lib</file>
         <name>s_scalbn.c.obj</name>
      </input_file>
      <input_file id="fl-df">
         <path>C:\ti\ccs901\ccs\tools\compiler\ti-cgt-arm_18.12.1.LTS\lib\</path>
         <kind>archive</kind>
         <file>rtsv7M4_T_le_eabi.lib</file>
         <name>s_copysign.c.obj</name>
      </input_file>
      <input_file id="fl-e0">
         <path>C:\ti\ccs901\ccs\tools\compiler\ti-cgt-arm_18.12.1.LTS\lib\</path>
         <kind>archive</kind>
         <file>rtsv7M4_T_le_eabi.lib</file>
         <name>div0.asm.obj</name>
      </input_file>
      <input_file id="fl-e1">
         <path>C:\ti\ccs901\ccs\tools\compiler\ti-cgt-arm_18.12.1.LTS\lib\</path>
         <kind>archive</kind>
         <file>rtsv7M4_T_le_eabi.lib</file>
         <name>fd_add_t2.asm.obj</name>
      </input_file>
      <input_file id="fl-e2">
         <path>C:\ti\ccs901\ccs\tools\compiler\ti-cgt-arm_18.12.1.LTS\lib\</path>
         <kind>archive</kind>
         <file>rtsv7M4_T_le_eabi.lib</file>
         <name>fd_cmp_t2.asm.obj</name>
      </input_file>
      <input_file id="fl-e3">
         <path>C:\ti\ccs901\ccs\tools\compiler\ti-cgt-arm_18.12.1.LTS\lib\</path>
         <kind>archive</kind>
         <file>rtsv7M4_T_le_eabi.lib</file>
         <name>fd_div_t2.asm.obj</name>
      </input_file>
      <input_file id="fl-e4">
         <path>C:\ti\ccs901\ccs\tools\compiler\ti-cgt-arm_18.12.1.LTS\lib\</path>
         <kind>archive</kind>
         <file>rtsv7M4_T_le_eabi.lib</file>
         <name>fd_mul_t2.asm.obj</name>
      </input_file>
      <input_file id="fl-e5">
         <path>C:\ti\ccs901\ccs\tools\compiler\ti-cgt-arm_18.12.1.LTS\lib\</path>
         <kind>archive</kind>
         <file>rtsv7M4_T_le_eabi.lib</file>
         <name>fd_toi_t2.asm.obj</name>
      </input_file>
      <input_file id="fl-e6">
         <path>C:\ti\ccs901\ccs\tools\compiler\ti-cgt-arm_18.12.1.LTS\lib\</path>
         <kind>archive</kind>
         <file>rtsv7M4_T_le_eabi.lib</file>
         <name>i_tofd_t2.asm.obj</name>
      </input_file>
      <input_file id="fl-e7">
         <path>C:\ti\ccs901\ccs\tools\compiler\ti-cgt-arm_18.12.1.LTS\lib\</path>
         <kind>archive</kind>
         <file>rtsv7M4_T_le_eabi.lib</file>
         <name>autoinit.c.obj</name>
      </input_file>
      <input_file id="fl-e8">
         <path>C:\ti\ccs901\ccs\tools\compiler\ti-cgt-arm_18.12.1.LTS\lib\</path>
         <kind>archive</kind>
         <file>rtsv7M4_T_le_eabi.lib</file>
         <name>pre_init.c.obj</name>
      </input_file>
      <input_file id="fl-e9">
         <path>C:\ti\ccs901\ccs\tools\compiler\ti-cgt-arm_18.12.1.LTS\lib\</path>
         <kind>archive</kind>
         <file>rtsv7M4_T_le_eabi.lib</file>
         <name>cpy_tbl.c.obj</name>
      </input_file>
      <input_file id="fl-ea">
         <path>C:\ti\ccs901\ccs\tools\compiler\ti-cgt-arm_18.12.1.LTS\lib\</path>
         <kind>archive</kind>
         <file>rtsv7M4_T_le_eabi.lib</file>
         <name>exit.c.obj</name>
      </input_file>
      <input_file id="fl-eb">
         <path>C:\ti\ccs901\ccs\tools\compiler\ti-cgt-arm_18.12.1.LTS\lib\</path>
         <kind>archive</kind>
         <file>rtsv7M4_T_le_eabi.lib</file>
         <name>_lock.c.obj</name>
      </input_file>
      <input_file id="fl-ec">
         <path>C:\ti\ccs901\ccs\tools\compiler\ti-cgt-arm_18.12.1.LTS\lib\</path>
         <kind>archive</kind>
         <file>rtsv7M4_T_le_eabi.lib</file>
         <name>args_main.c.obj</name>
      </input_file>
      <input_file id="fl-ed">
         <path>C:\ti\ccs901\ccs\tools\compiler\ti-cgt-arm_18.12.1.LTS\lib\</path>
         <kind>archive</kind>
         <file>rtsv7M4_T_le_eabi.lib</file>
         <name>atoi.c.obj</name>
      </input_file>
      <input_file id="fl-ee">
         <path>C:\ti\ccs901\ccs\tools\compiler\ti-cgt-arm_18.12.1.LTS\lib\</path>
         <kind>archive</kind>
         <file>rtsv7M4_T_le_eabi.lib</file>
         <name>ctype.c.obj</name>
      </input_file>
      <input_file id="fl-ef">
         <path>C:\ti\ccs901\ccs\tools\compiler\ti-cgt-arm_18.12.1.LTS\lib\</path>
         <kind>archive</kind>
         <file>rtsv7M4_T_le_eabi.lib</file>
         <name>ltoa.c.obj</name>
      </input_file>
      <input_file id="fl-f0">
         <path>C:\ti\ccs901\ccs\tools\compiler\ti-cgt-arm_18.12.1.LTS\lib\</path>
         <kind>archive</kind>
         <file>rtsv7M4_T_le_eabi.lib</file>
         <name>memccpy.c.obj</name>
      </input_file>
      <input_file id="fl-f1">
         <path>C:\ti\ccs901\ccs\tools\compiler\ti-cgt-arm_18.12.1.LTS\lib\</path>
         <kind>archive</kind>
         <file>rtsv7M4_T_le_eabi.lib</file>
         <name>memchr.c.obj</name>
      </input_file>
      <input_file id="fl-f2">
         <path>C:\ti\ccs901\ccs\tools\compiler\ti-cgt-arm_18.12.1.LTS\lib\</path>
         <kind>archive</kind>
         <file>rtsv7M4_T_le_eabi.lib</file>
         <name>strchr.c.obj</name>
      </input_file>
      <input_file id="fl-f3">
         <path>C:\ti\ccs901\ccs\tools\compiler\ti-cgt-arm_18.12.1.LTS\lib\</path>
         <kind>archive</kind>
         <file>rtsv7M4_T_le_eabi.lib</file>
         <name>write.c.obj</name>
      </input_file>
      <input_file id="fl-f4">
         <path>C:\ti\ccs901\ccs\tools\compiler\ti-cgt-arm_18.12.1.LTS\lib\</path>
         <kind>archive</kind>
         <file>rtsv7M4_T_le_eabi.lib</file>
         <name>host_device.c.obj</name>
      </input_file>
      <input_file id="fl-f5">
         <path>C:\ti\ccs901\ccs\tools\compiler\ti-cgt-arm_18.12.1.LTS\lib\</path>
         <kind>archive</kind>
         <file>rtsv7M4_T_le_eabi.lib</file>
         <name>errno.c.obj</name>
      </input_file>
      <input_file id="fl-f6">
         <path>C:\ti\ccs901\ccs\tools\compiler\ti-cgt-arm_18.12.1.LTS\lib\</path>
         <kind>archive</kind>
         <file>rtsv7M4_T_le_eabi.lib</file>
         <name>wcslen.c.obj</name>
      </input_file>
      <input_file id="fl-f7">
         <path>C:\ti\ccs901\ccs\tools\compiler\ti-cgt-arm_18.12.1.LTS\lib\</path>
         <kind>archive</kind>
         <file>rtsv7M4_T_le_eabi.lib</file>
         <name>fopen.c.obj</name>
      </input_file>
      <input_file id="fl-f8">
         <path>C:\ti\ccs901\ccs\tools\compiler\ti-cgt-arm_18.12.1.LTS\lib\</path>
         <kind>archive</kind>
         <file>rtsv7M4_T_le_eabi.lib</file>
         <name>fseek.c.obj</name>
      </input_file>
      <input_file id="fl-f9">
         <path>C:\ti\ccs901\ccs\tools\compiler\ti-cgt-arm_18.12.1.LTS\lib\</path>
         <kind>archive</kind>
         <file>rtsv7M4_T_le_eabi.lib</file>
         <name>hostclose.c.obj</name>
      </input_file>
      <input_file id="fl-fa">
         <path>C:\ti\ccs901\ccs\tools\compiler\ti-cgt-arm_18.12.1.LTS\lib\</path>
         <kind>archive</kind>
         <file>rtsv7M4_T_le_eabi.lib</file>
         <name>hostlseek.c.obj</name>
      </input_file>
      <input_file id="fl-fb">
         <path>C:\ti\ccs901\ccs\tools\compiler\ti-cgt-arm_18.12.1.LTS\lib\</path>
         <kind>archive</kind>
         <file>rtsv7M4_T_le_eabi.lib</file>
         <name>hostopen.c.obj</name>
      </input_file>
      <input_file id="fl-fc">
         <path>C:\ti\ccs901\ccs\tools\compiler\ti-cgt-arm_18.12.1.LTS\lib\</path>
         <kind>archive</kind>
         <file>rtsv7M4_T_le_eabi.lib</file>
         <name>hostread.c.obj</name>
      </input_file>
      <input_file id="fl-fd">
         <path>C:\ti\ccs901\ccs\tools\compiler\ti-cgt-arm_18.12.1.LTS\lib\</path>
         <kind>archive</kind>
         <file>rtsv7M4_T_le_eabi.lib</file>
         <name>hostrename.c.obj</name>
      </input_file>
      <input_file id="fl-fe">
         <path>C:\ti\ccs901\ccs\tools\compiler\ti-cgt-arm_18.12.1.LTS\lib\</path>
         <kind>archive</kind>
         <file>rtsv7M4_T_le_eabi.lib</file>
         <name>hostunlink.c.obj</name>
      </input_file>
      <input_file id="fl-ff">
         <path>C:\ti\ccs901\ccs\tools\compiler\ti-cgt-arm_18.12.1.LTS\lib\</path>
         <kind>archive</kind>
         <file>rtsv7M4_T_le_eabi.lib</file>
         <name>hostwrite.c.obj</name>
      </input_file>
      <input_file id="fl-100">
         <path>C:\ti\ccs901\ccs\tools\compiler\ti-cgt-arm_18.12.1.LTS\lib\</path>
         <kind>archive</kind>
         <file>rtsv7M4_T_le_eabi.lib</file>
         <name>trgmsg.c.obj</name>
      </input_file>
      <input_file id="fl-101">
         <path>C:\ti\ccs901\ccs\tools\compiler\ti-cgt-arm_18.12.1.LTS\lib\</path>
         <kind>archive</kind>
         <file>rtsv7M4_T_le_eabi.lib</file>
         <name>open.c.obj</name>
      </input_file>
      <input_file id="fl-102">
         <path>C:\ti\ccs901\ccs\tools\compiler\ti-cgt-arm_18.12.1.LTS\lib\</path>
         <kind>archive</kind>
         <file>rtsv7M4_T_le_eabi.lib</file>
         <name>lseek.c.obj</name>
      </input_file>
      <input_file id="fl-103">
         <path>C:\ti\ccs901\ccs\tools\compiler\ti-cgt-arm_18.12.1.LTS\lib\</path>
         <kind>archive</kind>
         <file>rtsv7M4_T_le_eabi.lib</file>
         <name>fclose.c.obj</name>
      </input_file>
      <input_file id="fl-104">
         <path>C:\ti\ccs901\ccs\tools\compiler\ti-cgt-arm_18.12.1.LTS\lib\</path>
         <kind>archive</kind>
         <file>rtsv7M4_T_le_eabi.lib</file>
         <name>getdevice.c.obj</name>
      </input_file>
      <input_file id="fl-105">
         <path>C:\ti\ccs901\ccs\tools\compiler\ti-cgt-arm_18.12.1.LTS\lib\</path>
         <kind>archive</kind>
         <file>rtsv7M4_T_le_eabi.lib</file>
         <name>strcpy.c.obj</name>
      </input_file>
      <input_file id="fl-106">
         <path>C:\ti\ccs901\ccs\tools\compiler\ti-cgt-arm_18.12.1.LTS\lib\</path>
         <kind>archive</kind>
         <file>rtsv7M4_T_le_eabi.lib</file>
         <name>strncpy.c.obj</name>
      </input_file>
      <input_file id="fl-107">
         <path>C:\ti\ccs901\ccs\tools\compiler\ti-cgt-arm_18.12.1.LTS\lib\</path>
         <kind>archive</kind>
         <file>rtsv7M4_T_le_eabi.lib</file>
         <name>remove.c.obj</name>
      </input_file>
      <input_file id="fl-108">
         <path>C:\ti\ccs901\ccs\tools\compiler\ti-cgt-arm_18.12.1.LTS\lib\</path>
         <kind>archive</kind>
         <file>rtsv7M4_T_le_eabi.lib</file>
         <name>close.c.obj</name>
      </input_file>
      <input_file id="fl-109">
         <path>C:\ti\ccs901\ccs\tools\compiler\ti-cgt-arm_18.12.1.LTS\lib\</path>
         <kind>archive</kind>
         <file>rtsv7M4_T_le_eabi.lib</file>
         <name>unlink.c.obj</name>
      </input_file>
      <input_file id="fl-10a">
         <path>C:\ti\CC3200SDK_1.3.0\cc3200-sdk\driverlib\ccs\Release\</path>
         <kind>archive</kind>
         <file>driverlib.a</file>
         <name>gpio.obj</name>
      </input_file>
      <input_file id="fl-10b">
         <path>C:\ti\CC3200SDK_1.3.0\cc3200-sdk\driverlib\ccs\Release\</path>
         <kind>archive</kind>
         <file>driverlib.a</file>
         <name>interrupt.obj</name>
      </input_file>
      <input_file id="fl-10c">
         <path>C:\ti\CC3200SDK_1.3.0\cc3200-sdk\driverlib\ccs\Release\</path>
         <kind>archive</kind>
         <file>driverlib.a</file>
         <name>pin.obj</name>
      </input_file>
      <input_file id="fl-10d">
         <path>C:\ti\CC3200SDK_1.3.0\cc3200-sdk\driverlib\ccs\Release\</path>
         <kind>archive</kind>
         <file>driverlib.a</file>
         <name>prcm.obj</name>
      </input_file>
      <input_file id="fl-10e">
         <path>C:\ti\CC3200SDK_1.3.0\cc3200-sdk\driverlib\ccs\Release\</path>
         <kind>archive</kind>
         <file>driverlib.a</file>
         <name>timer.obj</name>
      </input_file>
      <input_file id="fl-10f">
         <path>C:\ti\CC3200SDK_1.3.0\cc3200-sdk\driverlib\ccs\Release\</path>
         <kind>archive</kind>
         <file>driverlib.a</file>
         <name>uart.obj</name>
      </input_file>
      <input_file id="fl-110">
         <path>C:\ti\CC3200SDK_1.3.0\cc3200-sdk\driverlib\ccs\Release\</path>
         <kind>archive</kind>
         <file>driverlib.a</file>
         <name>utils.obj</name>
      </input_file>
      <input_file id="fl-111">
         <path>C:\ti\CC3200SDK_1.3.0\cc3200-sdk\driverlib\ccs\Release\</path>
         <kind>archive</kind>
         <file>driverlib.a</file>
         <name>cpu.obj</name>
      </input_file>
      <input_file id="fl-112">
         <path>C:\ti\CC3200SDK_1.3.0\cc3200-sdk\driverlib\ccs\Release\</path>
         <kind>archive</kind>
         <file>driverlib.a</file>
         <name>flash.obj</name>
      </input_file>
      <input_file id="fl-113">
         <path>C:\ti\CC3200SDK_1.3.0\cc3200-sdk\simplelink\ccs\NON_OS\</path>
         <kind>archive</kind>
         <file>simplelink.a</file>
         <name>device.obj</name>
      </input_file>
      <input_file id="fl-114">
         <path>C:\ti\CC3200SDK_1.3.0\cc3200-sdk\simplelink\ccs\NON_OS\</path>
         <kind>archive</kind>
         <file>simplelink.a</file>
         <name>driver.obj</name>
      </input_file>
      <input_file id="fl-115">
         <path>C:\ti\CC3200SDK_1.3.0\cc3200-sdk\simplelink\ccs\NON_OS\</path>
         <kind>archive</kind>
         <file>simplelink.a</file>
         <name>netapp.obj</name>
      </input_file>
      <input_file id="fl-116">
         <path>C:\ti\CC3200SDK_1.3.0\cc3200-sdk\simplelink\ccs\NON_OS\</path>
         <kind>archive</kind>
         <file>simplelink.a</file>
         <name>netcfg.obj</name>
      </input_file>
      <input_file id="fl-117">
         <path>C:\ti\CC3200SDK_1.3.0\cc3200-sdk\simplelink\ccs\NON_OS\</path>
         <kind>archive</kind>
         <file>simplelink.a</file>
         <name>nonos.obj</name>
      </input_file>
      <input_file id="fl-118">
         <path>C:\ti\CC3200SDK_1.3.0\cc3200-sdk\simplelink\ccs\NON_OS\</path>
         <kind>archive</kind>
         <file>simplelink.a</file>
         <name>socket.obj</name>
      </input_file>
      <input_file id="fl-119">
         <path>C:\ti\CC3200SDK_1.3.0\cc3200-sdk\simplelink\ccs\NON_OS\</path>
         <kind>archive</kind>
         <file>simplelink.a</file>
         <name>wlan.obj</name>
      </input_file>
      <input_file id="fl-11a">
         <path>C:\ti\CC3200SDK_1.3.0\cc3200-sdk\simplelink\ccs\NON_OS\</path>
         <kind>archive</kind>
         <file>simplelink.a</file>
         <name>cc_pal.obj</name>
      </input_file>
      <input_file id="fl-11b">
         <path>C:\ti\CC3200SDK_1.3.0\cc3200-sdk\driverlib\ccs\Release\</path>
         <kind>archive</kind>
         <file>driverlib.a</file>
         <name>spi.obj</name>
      </input_file>
      <input_file id="fl-11c">
         <path>C:\ti\CC3200SDK_1.3.0\cc3200-sdk\driverlib\ccs\Release\</path>
         <kind>archive</kind>
         <file>driverlib.a</file>
         <name>udma.obj</name>
      </input_file>
   </input_file_list>
   <object_component_list>
      <object_component id="oc-f">
         <name>.intvecs</name>
         <load_address>0x20004000</load_address>
         <run_address>0x20004000</run_address>
         <size>0x400</size>
         <input_file_ref idref="fl-a"/>
      </object_component>
      <object_component id="oc-15d">
         <name>.text</name>
         <load_address>0x20004400</load_address>
         <run_address>0x20004400</run_address>
         <size>0xcfc</size>
         <input_file_ref idref="fl-2"/>
      </object_component>
      <object_component id="oc-94">
         <name>.text</name>
         <load_address>0x200050fc</load_address>
         <run_address>0x200050fc</run_address>
         <size>0xc0c</size>
         <input_file_ref idref="fl-6"/>
      </object_component>
      <object_component id="oc-3a1">
         <name>.text:__TI_printfi</name>
         <load_address>0x20005d08</load_address>
         <run_address>0x20005d08</run_address>
         <size>0xa4e</size>
         <input_file_ref idref="fl-d8"/>
      </object_component>
      <object_component id="oc-6bf">
         <name>.text:IntDefaultHandler</name>
         <load_address>0x20006756</load_address>
         <run_address>0x20006756</run_address>
         <size>0x2</size>
         <input_file_ref idref="fl-10b"/>
      </object_component>
      <object_component id="oc-3d0">
         <name>.text</name>
         <load_address>0x20006758</load_address>
         <run_address>0x20006758</run_address>
         <size>0x974</size>
         <input_file_ref idref="fl-4"/>
      </object_component>
      <object_component id="oc-3be">
         <name>.text</name>
         <load_address>0x200070cc</load_address>
         <run_address>0x200070cc</run_address>
         <size>0x678</size>
         <input_file_ref idref="fl-5"/>
      </object_component>
      <object_component id="oc-72f">
         <name>.text:_SlDrvMsgRead</name>
         <load_address>0x20007744</load_address>
         <run_address>0x20007744</run_address>
         <size>0x590</size>
         <input_file_ref idref="fl-114"/>
      </object_component>
      <object_component id="oc-c8">
         <name>.text</name>
         <load_address>0x20007cd4</load_address>
         <run_address>0x20007cd4</run_address>
         <size>0x398</size>
         <input_file_ref idref="fl-3"/>
      </object_component>
      <object_component id="oc-3c4">
         <name>.text</name>
         <load_address>0x2000806c</load_address>
         <run_address>0x2000806c</run_address>
         <size>0x308</size>
         <input_file_ref idref="fl-7"/>
      </object_component>
      <object_component id="oc-62f">
         <name>.text</name>
         <load_address>0x20008374</load_address>
         <run_address>0x20008374</run_address>
         <size>0x2a0</size>
         <input_file_ref idref="fl-c"/>
      </object_component>
      <object_component id="oc-ce">
         <name>.text</name>
         <load_address>0x20008614</load_address>
         <run_address>0x20008614</run_address>
         <size>0x280</size>
         <input_file_ref idref="fl-d"/>
      </object_component>
      <object_component id="oc-5f6">
         <name>.text:_pconv_a</name>
         <load_address>0x20008894</load_address>
         <run_address>0x20008894</run_address>
         <size>0x268</size>
         <input_file_ref idref="fl-d8"/>
      </object_component>
      <object_component id="oc-865">
         <name>.text:_SlDrvRxHdrRead</name>
         <load_address>0x20008afc</load_address>
         <run_address>0x20008afc</run_address>
         <size>0x24c</size>
         <input_file_ref idref="fl-114"/>
      </object_component>
      <object_component id="oc-818">
         <name>.text:_SlDrvDataReadOp</name>
         <load_address>0x20008d48</load_address>
         <run_address>0x20008d48</run_address>
         <size>0x1e4</size>
         <input_file_ref idref="fl-114"/>
      </object_component>
      <object_component id="oc-2df">
         <name>.text:_SlDrvReleasePoolObj</name>
         <load_address>0x20008f2c</load_address>
         <run_address>0x20008f2c</run_address>
         <size>0x1d0</size>
         <input_file_ref idref="fl-114"/>
      </object_component>
      <object_component id="oc-5e4">
         <name>.text:_pconv_g</name>
         <load_address>0x200090fc</load_address>
         <run_address>0x200090fc</run_address>
         <size>0x1cc</size>
         <input_file_ref idref="fl-d8"/>
      </object_component>
      <object_component id="oc-781">
         <name>.text</name>
         <load_address>0x200092c8</load_address>
         <run_address>0x200092c8</run_address>
         <size>0x1b6</size>
         <input_file_ref idref="fl-e1"/>
      </object_component>
      <object_component id="oc-691">
         <name>.text:_nop</name>
         <load_address>0x2000947e</load_address>
         <run_address>0x2000947e</run_address>
         <size>0x2</size>
         <input_file_ref idref="fl-eb"/>
      </object_component>
      <object_component id="oc-2b5">
         <name>.text:_SlDrvDriverCBInit</name>
         <load_address>0x20009480</load_address>
         <run_address>0x20009480</run_address>
         <size>0x1b4</size>
         <input_file_ref idref="fl-114"/>
      </object_component>
      <object_component id="oc-579">
         <name>.text:_SlDrvMsgWrite</name>
         <load_address>0x20009634</load_address>
         <run_address>0x20009634</run_address>
         <size>0x19c</size>
         <input_file_ref idref="fl-114"/>
      </object_component>
      <object_component id="oc-c2">
         <name>.text</name>
         <load_address>0x200097d0</load_address>
         <run_address>0x200097d0</run_address>
         <size>0x198</size>
         <input_file_ref idref="fl-b"/>
      </object_component>
      <object_component id="oc-50c">
         <name>.text:_SlDrvWaitForPoolObj</name>
         <load_address>0x20009968</load_address>
         <run_address>0x20009968</run_address>
         <size>0x190</size>
         <input_file_ref idref="fl-114"/>
      </object_component>
      <object_component id="oc-13f">
         <name>.text:PRCMCC3200MCUInit</name>
         <load_address>0x20009af8</load_address>
         <run_address>0x20009af8</run_address>
         <size>0x178</size>
         <input_file_ref idref="fl-10d"/>
      </object_component>
      <object_component id="oc-877">
         <name>.text:_SlFindAndSetActiveObj</name>
         <load_address>0x20009c70</load_address>
         <run_address>0x20009c70</run_address>
         <size>0x170</size>
         <input_file_ref idref="fl-114"/>
      </object_component>
      <object_component id="oc-82c">
         <name>.text:_SlDrvDataWriteOp</name>
         <load_address>0x20009de0</load_address>
         <run_address>0x20009de0</run_address>
         <size>0x150</size>
         <input_file_ref idref="fl-114"/>
      </object_component>
      <object_component id="oc-2bb">
         <name>.text:spi_Open</name>
         <load_address>0x20009f30</load_address>
         <run_address>0x20009f30</run_address>
         <size>0x148</size>
         <input_file_ref idref="fl-11a"/>
      </object_component>
      <object_component id="oc-57f">
         <name>.text:_SlDrvMsgReadCmdCtx</name>
         <load_address>0x2000a078</load_address>
         <run_address>0x2000a078</run_address>
         <size>0x144</size>
         <input_file_ref idref="fl-114"/>
      </object_component>
      <object_component id="oc-5f0">
         <name>.text:_pconv_e</name>
         <load_address>0x2000a1bc</load_address>
         <run_address>0x2000a1bc</run_address>
         <size>0x13c</size>
         <input_file_ref idref="fl-d8"/>
      </object_component>
      <object_component id="oc-767">
         <name>.text</name>
         <load_address>0x2000a2f8</load_address>
         <run_address>0x2000a2f8</run_address>
         <size>0x136</size>
         <input_file_ref idref="fl-e3"/>
      </object_component>
      <object_component id="oc-685">
         <name>.text</name>
         <load_address>0x2000a42e</load_address>
         <run_address>0x2000a42e</run_address>
         <size>0x2</size>
         <input_file_ref idref="fl-e0"/>
      </object_component>
      <object_component id="oc-65f">
         <name>.text:sl_Send</name>
         <load_address>0x2000a430</load_address>
         <run_address>0x2000a430</run_address>
         <size>0x134</size>
         <input_file_ref idref="fl-118"/>
      </object_component>
      <object_component id="oc-324">
         <name>.text:_SlDrvDriverCBDeinit</name>
         <load_address>0x2000a564</load_address>
         <run_address>0x2000a564</run_address>
         <size>0x130</size>
         <input_file_ref idref="fl-114"/>
      </object_component>
      <object_component id="oc-793">
         <name>.text:fcvt</name>
         <load_address>0x2000a694</load_address>
         <run_address>0x2000a694</run_address>
         <size>0x120</size>
         <input_file_ref idref="fl-d8"/>
      </object_component>
      <object_component id="oc-61e">
         <name>.text:fputs</name>
         <load_address>0x2000a7b4</load_address>
         <run_address>0x2000a7b4</run_address>
         <size>0x114</size>
         <input_file_ref idref="fl-da"/>
      </object_component>
      <object_component id="oc-930">
         <name>.text:_SlDrvNetAppEventHandler</name>
         <load_address>0x2000a8c8</load_address>
         <run_address>0x2000a8c8</run_address>
         <size>0x104</size>
         <input_file_ref idref="fl-115"/>
      </object_component>
      <object_component id="oc-762">
         <name>.text</name>
         <load_address>0x2000a9cc</load_address>
         <run_address>0x2000a9cc</run_address>
         <size>0xfc</size>
         <input_file_ref idref="fl-e4"/>
      </object_component>
      <object_component id="oc-47b">
         <name>.text:aligned_alloc</name>
         <load_address>0x2000aac8</load_address>
         <run_address>0x2000aac8</run_address>
         <size>0xf4</size>
         <input_file_ref idref="fl-d4"/>
      </object_component>
      <object_component id="oc-f0">
         <name>.text:sl_Stop</name>
         <load_address>0x2000abbc</load_address>
         <run_address>0x2000abbc</run_address>
         <size>0xf0</size>
         <input_file_ref idref="fl-113"/>
      </object_component>
      <object_component id="oc-871">
         <name>.text:spi_Read</name>
         <load_address>0x2000acac</load_address>
         <run_address>0x2000acac</run_address>
         <size>0xf0</size>
         <input_file_ref idref="fl-11a"/>
      </object_component>
      <object_component id="oc-9f4">
         <name>.text:uDMAChannelTransferSet</name>
         <load_address>0x2000ad9c</load_address>
         <run_address>0x2000ad9c</run_address>
         <size>0xf0</size>
         <input_file_ref idref="fl-11c"/>
      </object_component>
      <object_component id="oc-de">
         <name>.text:sl_Start</name>
         <load_address>0x2000ae8c</load_address>
         <run_address>0x2000ae8c</run_address>
         <size>0xec</size>
         <input_file_ref idref="fl-113"/>
      </object_component>
      <object_component id="oc-735">
         <name>.text:_SlAsyncEventGenericHandler</name>
         <load_address>0x2000af78</load_address>
         <run_address>0x2000af78</run_address>
         <size>0xe8</size>
         <input_file_ref idref="fl-114"/>
      </object_component>
      <object_component id="oc-560">
         <name>.text:_SlDrvMsgReadSpawnCtx</name>
         <load_address>0x2000b060</load_address>
         <run_address>0x2000b060</run_address>
         <size>0xe8</size>
         <input_file_ref idref="fl-114"/>
      </object_component>
      <object_component id="oc-277">
         <name>.text:free</name>
         <load_address>0x2000b148</load_address>
         <run_address>0x2000b148</run_address>
         <size>0xe8</size>
         <input_file_ref idref="fl-d4"/>
      </object_component>
      <object_component id="oc-35f">
         <name>.text:sl_NetAppMDNSRegisterUnregisterService</name>
         <load_address>0x2000b230</load_address>
         <run_address>0x2000b230</run_address>
         <size>0xe4</size>
         <input_file_ref idref="fl-115"/>
      </object_component>
      <object_component id="oc-86b">
         <name>.text:_SlDrvClassifyRxMsg</name>
         <load_address>0x2000b314</load_address>
         <run_address>0x2000b314</run_address>
         <size>0xdc</size>
         <input_file_ref idref="fl-114"/>
      </object_component>
      <object_component id="oc-8de">
         <name>.text:setvbuf</name>
         <load_address>0x2000b3f0</load_address>
         <run_address>0x2000b3f0</run_address>
         <size>0xdc</size>
         <input_file_ref idref="fl-dc"/>
      </object_component>
      <object_component id="oc-271">
         <name>.text:realloc</name>
         <load_address>0x2000b4cc</load_address>
         <run_address>0x2000b4cc</run_address>
         <size>0xd8</size>
         <input_file_ref idref="fl-d4"/>
      </object_component>
      <object_component id="oc-14e">
         <name>.text:sl_NetCfgGet</name>
         <load_address>0x2000b5a4</load_address>
         <run_address>0x2000b5a4</run_address>
         <size>0xd8</size>
         <input_file_ref idref="fl-116"/>
      </object_component>
      <object_component id="oc-7a7">
         <name>.text:scalbn</name>
         <load_address>0x2000b67c</load_address>
         <run_address>0x2000b67c</run_address>
         <size>0xd0</size>
         <input_file_ref idref="fl-de"/>
      </object_component>
      <object_component id="oc-9b2">
         <name>.text:_sl_HandleAsync_DnsGetHostByService</name>
         <load_address>0x2000b74c</load_address>
         <run_address>0x2000b74c</run_address>
         <size>0xcc</size>
         <input_file_ref idref="fl-115"/>
      </object_component>
      <object_component id="oc-f6">
         <name>.text:sl_DevGet</name>
         <load_address>0x2000b818</load_address>
         <run_address>0x2000b818</run_address>
         <size>0xcc</size>
         <input_file_ref idref="fl-113"/>
      </object_component>
      <object_component id="oc-53b">
         <name>.text:_SlRemoveFromList</name>
         <load_address>0x2000b8e4</load_address>
         <run_address>0x2000b8e4</run_address>
         <size>0xc4</size>
         <input_file_ref idref="fl-114"/>
      </object_component>
      <object_component id="oc-308">
         <name>.text:_SlDrvCmdOp</name>
         <load_address>0x2000b9a8</load_address>
         <run_address>0x2000b9a8</run_address>
         <size>0xc0</size>
         <input_file_ref idref="fl-114"/>
      </object_component>
      <object_component id="oc-5d9">
         <name>.text:_ltostr</name>
         <load_address>0x2000ba68</load_address>
         <run_address>0x2000ba68</run_address>
         <size>0xb1</size>
         <input_file_ref idref="fl-d8"/>
      </object_component>
      <object_component id="oc-4ac">
         <name>.text:_SlNonOsSemGet</name>
         <load_address>0x2000bb1c</load_address>
         <run_address>0x2000bb1c</run_address>
         <size>0xb0</size>
         <input_file_ref idref="fl-117"/>
      </object_component>
      <object_component id="oc-42b">
         <name>.text:IntDisable</name>
         <load_address>0x2000bbcc</load_address>
         <run_address>0x2000bbcc</run_address>
         <size>0xa8</size>
         <input_file_ref idref="fl-10b"/>
      </object_component>
      <object_component id="oc-139">
         <name>.text:IntEnable</name>
         <load_address>0x2000bc74</load_address>
         <run_address>0x2000bc74</run_address>
         <size>0xa8</size>
         <input_file_ref idref="fl-10b"/>
      </object_component>
      <object_component id="oc-534">
         <name>.text:_SlDriverHandleError</name>
         <load_address>0x2000bd1c</load_address>
         <run_address>0x2000bd1c</run_address>
         <size>0xa4</size>
         <input_file_ref idref="fl-114"/>
      </object_component>
      <object_component id="oc-4c9">
         <name>.text:SPIConfigSetExpClk</name>
         <load_address>0x2000bdc0</load_address>
         <run_address>0x2000bdc0</run_address>
         <size>0xa0</size>
         <input_file_ref idref="fl-11b"/>
      </object_component>
      <object_component id="oc-653">
         <name>.text:sl_Recv</name>
         <load_address>0x2000be60</load_address>
         <run_address>0x2000be60</run_address>
         <size>0xa0</size>
         <input_file_ref idref="fl-118"/>
      </object_component>
      <object_component id="oc-3a">
         <name>.text</name>
         <load_address>0x2000bf00</load_address>
         <run_address>0x2000bf00</run_address>
         <size>0x9c</size>
         <input_file_ref idref="fl-cc"/>
      </object_component>
      <object_component id="oc-9a4">
         <name>.text:_SlDrvDeviceEventHandler</name>
         <load_address>0x2000bf9c</load_address>
         <run_address>0x2000bf9c</run_address>
         <size>0x9a</size>
         <input_file_ref idref="fl-113"/>
      </object_component>
      <object_component id="oc-10e">
         <name>.text:sl_NetCfgSet</name>
         <load_address>0x2000c038</load_address>
         <run_address>0x2000c038</run_address>
         <size>0x98</size>
         <input_file_ref idref="fl-116"/>
      </object_component>
      <object_component id="oc-63b">
         <name>.text:sl_SetSockOpt</name>
         <load_address>0x2000c0d0</load_address>
         <run_address>0x2000c0d0</run_address>
         <size>0x98</size>
         <input_file_ref idref="fl-118"/>
      </object_component>
      <object_component id="oc-114">
         <name>.text:sl_WlanSet</name>
         <load_address>0x2000c168</load_address>
         <run_address>0x2000c168</run_address>
         <size>0x98</size>
         <input_file_ref idref="fl-119"/>
      </object_component>
      <object_component id="oc-73e">
         <name>.text:spi_Write</name>
         <load_address>0x2000c200</load_address>
         <run_address>0x2000c200</run_address>
         <size>0x98</size>
         <input_file_ref idref="fl-11a"/>
      </object_component>
      <object_component id="oc-3df">
         <name>.text</name>
         <load_address>0x2000c298</load_address>
         <run_address>0x2000c298</run_address>
         <size>0x96</size>
         <input_file_ref idref="fl-cb"/>
      </object_component>
      <object_component id="oc-23b">
         <name>.text:PRCMPeripheralClockGet</name>
         <load_address>0x2000c330</load_address>
         <run_address>0x2000c330</run_address>
         <size>0x94</size>
         <input_file_ref idref="fl-10d"/>
      </object_component>
      <object_component id="oc-9ac">
         <name>.text:_sl_HandleAsync_DnsGetHostByName</name>
         <load_address>0x2000c3c4</load_address>
         <run_address>0x2000c3c4</run_address>
         <size>0x90</size>
         <input_file_ref idref="fl-115"/>
      </object_component>
      <object_component id="oc-936">
         <name>.text:_sl_HandleAsync_PingResponse</name>
         <load_address>0x2000c454</load_address>
         <run_address>0x2000c454</run_address>
         <size>0x90</size>
         <input_file_ref idref="fl-115"/>
      </object_component>
      <object_component id="oc-fc">
         <name>.text:sl_WlanPolicySet</name>
         <load_address>0x2000c4e4</load_address>
         <run_address>0x2000c4e4</run_address>
         <size>0x90</size>
         <input_file_ref idref="fl-119"/>
      </object_component>
      <object_component id="oc-93d">
         <name>.text:SetupDMAReceive</name>
         <load_address>0x2000c574</load_address>
         <run_address>0x2000c574</run_address>
         <size>0x8c</size>
         <input_file_ref idref="fl-11a"/>
      </object_component>
      <object_component id="oc-882">
         <name>.text:SetupDMASend</name>
         <load_address>0x2000c600</load_address>
         <run_address>0x2000c600</run_address>
         <size>0x8c</size>
         <input_file_ref idref="fl-11a"/>
      </object_component>
      <object_component id="oc-6e4">
         <name>.text:_SlDrvIsTimeoutExpired</name>
         <load_address>0x2000c68c</load_address>
         <run_address>0x2000c68c</run_address>
         <size>0x8c</size>
         <input_file_ref idref="fl-114"/>
      </object_component>
      <object_component id="oc-a3c">
         <name>.text:_sl_HandleAsync_InitComplete</name>
         <load_address>0x2000c718</load_address>
         <run_address>0x2000c718</run_address>
         <size>0x8c</size>
         <input_file_ref idref="fl-113"/>
      </object_component>
      <object_component id="oc-635">
         <name>.text:sl_Socket</name>
         <load_address>0x2000c7a4</load_address>
         <run_address>0x2000c7a4</run_address>
         <size>0x8c</size>
         <input_file_ref idref="fl-118"/>
      </object_component>
      <object_component id="oc-5ca">
         <name>.text:PinConfigSet</name>
         <load_address>0x2000c830</load_address>
         <run_address>0x2000c830</run_address>
         <size>0x88</size>
         <input_file_ref idref="fl-10c"/>
      </object_component>
      <object_component id="oc-5df">
         <name>.text:__aeabi_cdcmple</name>
         <load_address>0x2000c8b8</load_address>
         <run_address>0x2000c8b8</run_address>
         <size>0x86</size>
         <input_file_ref idref="fl-e2"/>
      </object_component>
      <object_component id="oc-76c">
         <name>.text:__aeabi_cdrcmple</name>
         <load_address>0x2000c93e</load_address>
         <run_address>0x2000c93e</run_address>
         <size>0x86</size>
         <input_file_ref idref="fl-e2"/>
      </object_component>
      <object_component id="oc-126">
         <name>.text:sl_WlanRxFilterSet</name>
         <load_address>0x2000c9c4</load_address>
         <run_address>0x2000c9c4</run_address>
         <size>0x84</size>
         <input_file_ref idref="fl-119"/>
      </object_component>
      <object_component id="oc-20b">
         <name>.text:GPIOIntTypeSet</name>
         <load_address>0x2000ca48</load_address>
         <run_address>0x2000ca48</run_address>
         <size>0x82</size>
         <input_file_ref idref="fl-10a"/>
      </object_component>
      <object_component id="oc-9d4">
         <name>.text:_sl_HandleAsync_Connect</name>
         <load_address>0x2000cacc</load_address>
         <run_address>0x2000cacc</run_address>
         <size>0x80</size>
         <input_file_ref idref="fl-118"/>
      </object_component>
      <object_component id="oc-943">
         <name>.text:spi_Read_CPU</name>
         <load_address>0x2000cb4c</load_address>
         <run_address>0x2000cb4c</run_address>
         <size>0x80</size>
         <input_file_ref idref="fl-11a"/>
      </object_component>
      <object_component id="oc-894">
         <name>.text:spi_Write_CPU</name>
         <load_address>0x2000cbcc</load_address>
         <run_address>0x2000cbcc</run_address>
         <size>0x80</size>
         <input_file_ref idref="fl-11a"/>
      </object_component>
      <object_component id="oc-624">
         <name>.text:fflush</name>
         <load_address>0x2000cc4c</load_address>
         <run_address>0x2000cc4c</run_address>
         <size>0x7c</size>
         <input_file_ref idref="fl-d9"/>
      </object_component>
      <object_component id="oc-488">
         <name>.text:split</name>
         <load_address>0x2000ccc8</load_address>
         <run_address>0x2000ccc8</run_address>
         <size>0x7c</size>
         <input_file_ref idref="fl-d4"/>
      </object_component>
      <object_component id="oc-88">
         <name>.text</name>
         <load_address>0x2000cd44</load_address>
         <run_address>0x2000cd44</run_address>
         <size>0x7a</size>
         <input_file_ref idref="fl-cd"/>
      </object_component>
      <object_component id="oc-31e">
         <name>.text:spi_Close</name>
         <load_address>0x2000cdc0</load_address>
         <run_address>0x2000cdc0</run_address>
         <size>0x78</size>
         <input_file_ref idref="fl-11a"/>
      </object_component>
      <object_component id="oc-241">
         <name>.text:UARTConfigSetExpClk</name>
         <load_address>0x2000ce38</load_address>
         <run_address>0x2000ce38</run_address>
         <size>0x76</size>
         <input_file_ref idref="fl-10f"/>
      </object_component>
      <object_component id="oc-e4">
         <name>.text:_SlNonOsMainLoopTask</name>
         <load_address>0x2000ceb0</load_address>
         <run_address>0x2000ceb0</run_address>
         <size>0x74</size>
         <input_file_ref idref="fl-117"/>
      </object_component>
      <object_component id="oc-a05">
         <name>.text:__TI_closefile</name>
         <load_address>0x2000cf24</load_address>
         <run_address>0x2000cf24</run_address>
         <size>0x74</size>
         <input_file_ref idref="fl-103"/>
      </object_component>
      <object_component id="oc-1cd">
         <name>.text:TimerIntRegister</name>
         <load_address>0x2000cf98</load_address>
         <run_address>0x2000cf98</run_address>
         <size>0x70</size>
         <input_file_ref idref="fl-10e"/>
      </object_component>
      <object_component id="oc-78c">
         <name>.text:_mcpy</name>
         <load_address>0x2000d008</load_address>
         <run_address>0x2000d008</run_address>
         <size>0x6e</size>
         <input_file_ref idref="fl-d8"/>
      </object_component>
      <object_component id="oc-a46">
         <name>.text:_SlDrvCmdSend</name>
         <load_address>0x2000d078</load_address>
         <run_address>0x2000d078</run_address>
         <size>0x6c</size>
         <input_file_ref idref="fl-114"/>
      </object_component>
      <object_component id="oc-9be">
         <name>.text:_sl_NetAppSendTokenValue</name>
         <load_address>0x2000d0e4</load_address>
         <run_address>0x2000d0e4</run_address>
         <size>0x6c</size>
         <input_file_ref idref="fl-115"/>
      </object_component>
      <object_component id="oc-a26">
         <name>.text:HOSTlseek</name>
         <load_address>0x2000d150</load_address>
         <run_address>0x2000d150</run_address>
         <size>0x68</size>
         <input_file_ref idref="fl-fa"/>
      </object_component>
      <object_component id="oc-a32">
         <name>.text:HOSTrename</name>
         <load_address>0x2000d1b8</load_address>
         <run_address>0x2000d1b8</run_address>
         <size>0x68</size>
         <input_file_ref idref="fl-fd"/>
      </object_component>
      <object_component id="oc-1fd">
         <name>.text:TimerIntUnregister</name>
         <load_address>0x2000d220</load_address>
         <run_address>0x2000d220</run_address>
         <size>0x68</size>
         <input_file_ref idref="fl-10e"/>
      </object_component>
      <object_component id="oc-12">
         <name>.text:decompress:lzss:__TI_decompress_lzss</name>
         <load_address>0x2000d288</load_address>
         <run_address>0x2000d288</run_address>
         <size>0x68</size>
         <input_file_ref idref="fl-d0"/>
      </object_component>
      <object_component id="oc-55a">
         <name>.text:_SlNonOsSpawn</name>
         <load_address>0x2000d2f0</load_address>
         <run_address>0x2000d2f0</run_address>
         <size>0x64</size>
         <input_file_ref idref="fl-117"/>
      </object_component>
      <object_component id="oc-9ce">
         <name>.text:_sl_HandleAsync_Accept</name>
         <load_address>0x2000d354</load_address>
         <run_address>0x2000d354</run_address>
         <size>0x64</size>
         <input_file_ref idref="fl-118"/>
      </object_component>
      <object_component id="oc-8d8">
         <name>.text:fseek</name>
         <load_address>0x2000d3b8</load_address>
         <run_address>0x2000d3b8</run_address>
         <size>0x64</size>
         <input_file_ref idref="fl-f8"/>
      </object_component>
      <object_component id="oc-11a">
         <name>.text:sl_NetAppMDNSUnRegisterService</name>
         <load_address>0x2000d41c</load_address>
         <run_address>0x2000d41c</run_address>
         <size>0x64</size>
         <input_file_ref idref="fl-115"/>
      </object_component>
      <object_component id="oc-6fb">
         <name>.text:uDMAChannelAttributeDisable</name>
         <load_address>0x2000d480</load_address>
         <run_address>0x2000d480</run_address>
         <size>0x64</size>
         <input_file_ref idref="fl-11c"/>
      </object_component>
      <object_component id="oc-9ee">
         <name>.text:uDMAChannelAttributeEnable</name>
         <load_address>0x2000d4e4</load_address>
         <run_address>0x2000d4e4</run_address>
         <size>0x64</size>
         <input_file_ref idref="fl-11c"/>
      </object_component>
      <object_component id="oc-7ce">
         <name>.text:__TI_wrt_ok</name>
         <load_address>0x2000d548</load_address>
         <run_address>0x2000d548</run_address>
         <size>0x62</size>
         <input_file_ref idref="fl-db"/>
      </object_component>
      <object_component id="oc-a0e">
         <name>.text:HOSTopen</name>
         <load_address>0x2000d5ac</load_address>
         <run_address>0x2000d5ac</run_address>
         <size>0x60</size>
         <input_file_ref idref="fl-fb"/>
      </object_component>
      <object_component id="oc-659">
         <name>.text:sl_Close</name>
         <load_address>0x2000d60c</load_address>
         <run_address>0x2000d60c</run_address>
         <size>0x60</size>
         <input_file_ref idref="fl-118"/>
      </object_component>
      <object_component id="oc-102">
         <name>.text:sl_WlanProfileDel</name>
         <load_address>0x2000d66c</load_address>
         <run_address>0x2000d66c</run_address>
         <size>0x60</size>
         <input_file_ref idref="fl-119"/>
      </object_component>
      <object_component id="oc-ea">
         <name>.text:sl_WlanSetMode</name>
         <load_address>0x2000d6cc</load_address>
         <run_address>0x2000d6cc</run_address>
         <size>0x60</size>
         <input_file_ref idref="fl-119"/>
      </object_component>
      <object_component id="oc-a5c">
         <name>.text:close</name>
         <load_address>0x2000d72c</load_address>
         <run_address>0x2000d72c</run_address>
         <size>0x5c</size>
         <input_file_ref idref="fl-108"/>
      </object_component>
      <object_component id="oc-7a1">
         <name>.text:frexp</name>
         <load_address>0x2000d788</load_address>
         <run_address>0x2000d788</run_address>
         <size>0x5c</size>
         <input_file_ref idref="fl-dd"/>
      </object_component>
      <object_component id="oc-a1a">
         <name>.text:HOSTread</name>
         <load_address>0x2000d7e4</load_address>
         <run_address>0x2000d7e4</run_address>
         <size>0x58</size>
         <input_file_ref idref="fl-fc"/>
      </object_component>
      <object_component id="oc-a20">
         <name>.text:HOSTwrite</name>
         <load_address>0x2000d83c</load_address>
         <run_address>0x2000d83c</run_address>
         <size>0x58</size>
         <input_file_ref idref="fl-ff"/>
      </object_component>
      <object_component id="oc-526">
         <name>.text:IntPendClear</name>
         <load_address>0x2000d894</load_address>
         <run_address>0x2000d894</run_address>
         <size>0x58</size>
         <input_file_ref idref="fl-10b"/>
      </object_component>
      <object_component id="oc-1b5">
         <name>.text:PRCMPeripheralReset</name>
         <load_address>0x2000d8ec</load_address>
         <run_address>0x2000d8ec</run_address>
         <size>0x58</size>
         <input_file_ref idref="fl-10d"/>
      </object_component>
      <object_component id="oc-5ea">
         <name>.text:_pconv_f</name>
         <load_address>0x2000d944</load_address>
         <run_address>0x2000d944</run_address>
         <size>0x56</size>
         <input_file_ref idref="fl-d8"/>
      </object_component>
      <object_component id="oc-1c7">
         <name>.text:IntPrioritySet</name>
         <load_address>0x2000d99c</load_address>
         <run_address>0x2000d99c</run_address>
         <size>0x54</size>
         <input_file_ref idref="fl-10b"/>
      </object_component>
      <object_component id="oc-2f1">
         <name>.text:_SlDrvRxIrqHandler</name>
         <load_address>0x2000d9f0</load_address>
         <run_address>0x2000d9f0</run_address>
         <size>0x54</size>
         <input_file_ref idref="fl-114"/>
      </object_component>
      <object_component id="oc-9da">
         <name>.text:_sl_HandleAsync_Select</name>
         <load_address>0x2000da44</load_address>
         <run_address>0x2000da44</run_address>
         <size>0x54</size>
         <input_file_ref idref="fl-118"/>
      </object_component>
      <object_component id="oc-776">
         <name>.text:ltoa</name>
         <load_address>0x2000da98</load_address>
         <run_address>0x2000da98</run_address>
         <size>0x54</size>
         <input_file_ref idref="fl-ef"/>
      </object_component>
      <object_component id="oc-786">
         <name>.text:_ecpy</name>
         <load_address>0x2000daec</load_address>
         <run_address>0x2000daec</run_address>
         <size>0x52</size>
         <input_file_ref idref="fl-d8"/>
      </object_component>
      <object_component id="oc-9e0">
         <name>.text:_sl_HandleAsync_Stop</name>
         <load_address>0x2000db40</load_address>
         <run_address>0x2000db40</run_address>
         <size>0x50</size>
         <input_file_ref idref="fl-113"/>
      </object_component>
      <object_component id="oc-4ed">
         <name>.text:SPIIntEnable</name>
         <load_address>0x2000db90</load_address>
         <run_address>0x2000db90</run_address>
         <size>0x4c</size>
         <input_file_ref idref="fl-11b"/>
      </object_component>
      <object_component id="oc-749">
         <name>.text:SPIIntNumberGet</name>
         <load_address>0x2000dbdc</load_address>
         <run_address>0x2000dbdc</run_address>
         <size>0x4c</size>
         <input_file_ref idref="fl-11b"/>
      </object_component>
      <object_component id="oc-2c1">
         <name>.text:_SlDrvProtectAsyncRespSetting</name>
         <load_address>0x2000dc28</load_address>
         <run_address>0x2000dc28</run_address>
         <size>0x4c</size>
         <input_file_ref idref="fl-114"/>
      </object_component>
      <object_component id="oc-7da">
         <name>.text:__TI_doflush</name>
         <load_address>0x2000dc74</load_address>
         <run_address>0x2000dc74</run_address>
         <size>0x4c</size>
         <input_file_ref idref="fl-d9"/>
      </object_component>
      <object_component id="oc-5d3">
         <name>.text:atoi</name>
         <load_address>0x2000dcc0</load_address>
         <run_address>0x2000dcc0</run_address>
         <size>0x4c</size>
         <input_file_ref idref="fl-ed"/>
      </object_component>
      <object_component id="oc-6f5">
         <name>.text:uDMAChannelAssign</name>
         <load_address>0x2000dd0c</load_address>
         <run_address>0x2000dd0c</run_address>
         <size>0x4c</size>
         <input_file_ref idref="fl-11c"/>
      </object_component>
      <object_component id="oc-43c">
         <name>.text:GPIOGetIntNumber</name>
         <load_address>0x2000dd58</load_address>
         <run_address>0x2000dd58</run_address>
         <size>0x48</size>
         <input_file_ref idref="fl-10a"/>
      </object_component>
      <object_component id="oc-716">
         <name>.text:SPIIntClear</name>
         <load_address>0x2000dda0</load_address>
         <run_address>0x2000dda0</run_address>
         <size>0x48</size>
         <input_file_ref idref="fl-11b"/>
      </object_component>
      <object_component id="oc-34a">
         <name>.text:_SlDrvBasicCmd</name>
         <load_address>0x2000dde8</load_address>
         <run_address>0x2000dde8</run_address>
         <size>0x48</size>
         <input_file_ref idref="fl-114"/>
      </object_component>
      <object_component id="oc-177">
         <name>.text:exit</name>
         <load_address>0x2000de30</load_address>
         <run_address>0x2000de30</run_address>
         <size>0x48</size>
         <input_file_ref idref="fl-ea"/>
      </object_component>
      <object_component id="oc-771">
         <name>.text</name>
         <load_address>0x2000de78</load_address>
         <run_address>0x2000de78</run_address>
         <size>0x48</size>
         <input_file_ref idref="fl-e5"/>
      </object_component>
      <object_component id="oc-a14">
         <name>.text:HOSTclose</name>
         <load_address>0x2000dec0</load_address>
         <run_address>0x2000dec0</run_address>
         <size>0x44</size>
         <input_file_ref idref="fl-f9"/>
      </object_component>
      <object_component id="oc-a2c">
         <name>.text:HOSTunlink</name>
         <load_address>0x2000df04</load_address>
         <run_address>0x2000df04</run_address>
         <size>0x44</size>
         <input_file_ref idref="fl-fe"/>
      </object_component>
      <object_component id="oc-705">
         <name>.text:SPIDmaMaskGet</name>
         <load_address>0x2000df48</load_address>
         <run_address>0x2000df48</run_address>
         <size>0x44</size>
         <input_file_ref idref="fl-11b"/>
      </object_component>
      <object_component id="oc-1bb">
         <name>.text:TimerConfigure</name>
         <load_address>0x2000df8c</load_address>
         <run_address>0x2000df8c</run_address>
         <size>0x44</size>
         <input_file_ref idref="fl-10e"/>
      </object_component>
      <object_component id="oc-2d9">
         <name>.text:_SlDrvSyncObjWaitTimeout</name>
         <load_address>0x2000dfd0</load_address>
         <run_address>0x2000dfd0</run_address>
         <size>0x44</size>
         <input_file_ref idref="fl-114"/>
      </object_component>
      <object_component id="oc-17d">
         <name>.text:__TI_auto_init_nobinit_nopinit:__TI_auto_init_nobinit_nopinit</name>
         <load_address>0x2000e014</load_address>
         <run_address>0x2000e014</run_address>
         <size>0x44</size>
         <input_file_ref idref="fl-e7"/>
      </object_component>
      <object_component id="oc-950">
         <name>.text:cc_SetupTransfer</name>
         <load_address>0x2000e058</load_address>
         <run_address>0x2000e058</run_address>
         <size>0x44</size>
         <input_file_ref idref="fl-11a"/>
      </object_component>
      <object_component id="oc-a9a">
         <name>.text:getdevice</name>
         <load_address>0x2000e09c</load_address>
         <run_address>0x2000e09c</run_address>
         <size>0x44</size>
         <input_file_ref idref="fl-104"/>
      </object_component>
      <object_component id="oc-5c4">
         <name>.text:PinModeSet</name>
         <load_address>0x2000e0e0</load_address>
         <run_address>0x2000e0e0</run_address>
         <size>0x40</size>
         <input_file_ref idref="fl-10c"/>
      </object_component>
      <object_component id="oc-826">
         <name>.text:_sl_TruncatePayloadByProtocol</name>
         <load_address>0x2000e120</load_address>
         <run_address>0x2000e120</run_address>
         <size>0x40</size>
         <input_file_ref idref="fl-118"/>
      </object_component>
      <object_component id="oc-154">
         <name>.text:sprintf</name>
         <load_address>0x2000e160</load_address>
         <run_address>0x2000e160</run_address>
         <size>0x40</size>
         <input_file_ref idref="fl-c9"/>
      </object_component>
      <object_component id="oc-24d">
         <name>.text:vsnprintf</name>
         <load_address>0x2000e1a0</load_address>
         <run_address>0x2000e1a0</run_address>
         <size>0x40</size>
         <input_file_ref idref="fl-ca"/>
      </object_component>
      <object_component id="oc-2cd">
         <name>.text:NwpRegisterInterruptHandler</name>
         <load_address>0x2000e1e0</load_address>
         <run_address>0x2000e1e0</run_address>
         <size>0x3e</size>
         <input_file_ref idref="fl-11a"/>
      </object_component>
      <object_component id="oc-799">
         <name>.text:_fcpy</name>
         <load_address>0x2000e21e</load_address>
         <run_address>0x2000e21e</run_address>
         <size>0x3e</size>
         <input_file_ref idref="fl-d8"/>
      </object_component>
      <object_component id="oc-9c5">
         <name>.text:CopyPingResultsToReport</name>
         <load_address>0x2000e25c</load_address>
         <run_address>0x2000e25c</run_address>
         <size>0x3c</size>
         <input_file_ref idref="fl-115"/>
      </object_component>
      <object_component id="oc-1af">
         <name>.text:PRCMPeripheralClkEnable</name>
         <load_address>0x2000e298</load_address>
         <run_address>0x2000e298</run_address>
         <size>0x3c</size>
         <input_file_ref idref="fl-10d"/>
      </object_component>
      <object_component id="oc-91c">
         <name>.text:simplelink_timerA2_start</name>
         <load_address>0x2000e2d4</load_address>
         <run_address>0x2000e2d4</run_address>
         <size>0x3c</size>
         <input_file_ref idref="fl-11a"/>
      </object_component>
      <object_component id="oc-9e8">
         <name>.text:uDMAChannelControlSet</name>
         <load_address>0x2000e310</load_address>
         <run_address>0x2000e310</run_address>
         <size>0x3c</size>
         <input_file_ref idref="fl-11c"/>
      </object_component>
      <object_component id="oc-2c7">
         <name>.text:NwpPowerOff</name>
         <load_address>0x2000e34c</load_address>
         <run_address>0x2000e34c</run_address>
         <size>0x38</size>
         <input_file_ref idref="fl-11a"/>
      </object_component>
      <object_component id="oc-a6b">
         <name>.text:__TI_writemsg</name>
         <load_address>0x2000e384</load_address>
         <run_address>0x2000e384</run_address>
         <size>0x38</size>
         <input_file_ref idref="fl-100"/>
      </object_component>
      <object_component id="oc-108">
         <name>.text:sl_WlanDisconnect</name>
         <load_address>0x2000e3bc</load_address>
         <run_address>0x2000e3bc</run_address>
         <size>0x38</size>
         <input_file_ref idref="fl-119"/>
      </object_component>
      <object_component id="oc-abc">
         <name>.text:strncpy</name>
         <load_address>0x2000e3f4</load_address>
         <run_address>0x2000e3f4</run_address>
         <size>0x36</size>
         <input_file_ref idref="fl-106"/>
      </object_component>
      <object_component id="oc-4cf">
         <name>.text:PRCMPeripheralStatusGet</name>
         <load_address>0x2000e42c</load_address>
         <run_address>0x2000e42c</run_address>
         <size>0x34</size>
         <input_file_ref idref="fl-10d"/>
      </object_component>
      <object_component id="oc-4e7">
         <name>.text:SPIFIFOLevelSet</name>
         <load_address>0x2000e460</load_address>
         <run_address>0x2000e460</run_address>
         <size>0x34</size>
         <input_file_ref idref="fl-11b"/>
      </object_component>
      <object_component id="oc-976">
         <name>.text:__TI_cleanup</name>
         <load_address>0x2000e494</load_address>
         <run_address>0x2000e494</run_address>
         <size>0x34</size>
         <input_file_ref idref="fl-f7"/>
      </object_component>
      <object_component id="oc-a71">
         <name>.text:__TI_readmsg</name>
         <load_address>0x2000e4c8</load_address>
         <run_address>0x2000e4c8</run_address>
         <size>0x34</size>
         <input_file_ref idref="fl-100"/>
      </object_component>
      <object_component id="oc-44f">
         <name>.text:UARTDisable</name>
         <load_address>0x2000e4fc</load_address>
         <run_address>0x2000e4fc</run_address>
         <size>0x30</size>
         <input_file_ref idref="fl-10f"/>
      </object_component>
      <object_component id="oc-45d">
         <name>.text:_outs</name>
         <load_address>0x2000e52c</load_address>
         <run_address>0x2000e52c</run_address>
         <size>0x30</size>
         <input_file_ref idref="fl-ca"/>
      </object_component>
      <object_component id="oc-ac2">
         <name>.text:finddevice</name>
         <load_address>0x2000e55c</load_address>
         <run_address>0x2000e55c</run_address>
         <size>0x30</size>
         <input_file_ref idref="fl-104"/>
      </object_component>
      <object_component id="oc-77c">
         <name>.text</name>
         <load_address>0x2000e58c</load_address>
         <run_address>0x2000e58c</run_address>
         <size>0x2e</size>
         <input_file_ref idref="fl-e6"/>
      </object_component>
      <object_component id="oc-2d3">
         <name>.text:NwpPowerOn</name>
         <load_address>0x2000e5bc</load_address>
         <run_address>0x2000e5bc</run_address>
         <size>0x2c</size>
         <input_file_ref idref="fl-11a"/>
      </object_component>
      <object_component id="oc-37b">
         <name>.text:PRCMSysResetCauseGet</name>
         <load_address>0x2000e5e8</load_address>
         <run_address>0x2000e5e8</run_address>
         <size>0x2c</size>
         <input_file_ref idref="fl-10d"/>
      </object_component>
      <object_component id="oc-56d">
         <name>.text:_SlDrvObjGlobalLockWaitForever</name>
         <load_address>0x2000e614</load_address>
         <run_address>0x2000e614</run_address>
         <size>0x2c</size>
         <input_file_ref idref="fl-114"/>
      </object_component>
      <object_component id="oc-512">
         <name>.text:_SlDrvProtectionObjLockWaitForever</name>
         <load_address>0x2000e640</load_address>
         <run_address>0x2000e640</run_address>
         <size>0x2c</size>
         <input_file_ref idref="fl-114"/>
      </object_component>
      <object_component id="oc-a62">
         <name>.text:unlink</name>
         <load_address>0x2000e66c</load_address>
         <run_address>0x2000e66c</run_address>
         <size>0x2c</size>
         <input_file_ref idref="fl-109"/>
      </object_component>
      <object_component id="oc-1e5">
         <name>.text:TimerLoadSet</name>
         <load_address>0x2000e698</load_address>
         <run_address>0x2000e698</run_address>
         <size>0x2a</size>
         <input_file_ref idref="fl-10e"/>
      </object_component>
      <object_component id="oc-1c1">
         <name>.text:TimerPrescaleSet</name>
         <load_address>0x2000e6c2</load_address>
         <run_address>0x2000e6c2</run_address>
         <size>0x2a</size>
         <input_file_ref idref="fl-10e"/>
      </object_component>
      <object_component id="oc-38d">
         <name>.text:PRCMPeripheralClkDisable</name>
         <load_address>0x2000e6ec</load_address>
         <run_address>0x2000e6ec</run_address>
         <size>0x28</size>
         <input_file_ref idref="fl-10d"/>
      </object_component>
      <object_component id="oc-573">
         <name>.text:_SlDrvGlobalObjUnLock</name>
         <load_address>0x2000e714</load_address>
         <run_address>0x2000e714</run_address>
         <size>0x28</size>
         <input_file_ref idref="fl-114"/>
      </object_component>
      <object_component id="oc-518">
         <name>.text:_SlDrvProtectionObjUnLock</name>
         <load_address>0x2000e73c</load_address>
         <run_address>0x2000e73c</run_address>
         <size>0x28</size>
         <input_file_ref idref="fl-114"/>
      </object_component>
      <object_component id="oc-71d">
         <name>.text:_SlDrvSyncObjWaitForever</name>
         <load_address>0x2000e764</load_address>
         <run_address>0x2000e764</run_address>
         <size>0x28</size>
         <input_file_ref idref="fl-114"/>
      </object_component>
      <object_component id="oc-48f">
         <name>.text:free_list_insert</name>
         <load_address>0x2000e78c</load_address>
         <run_address>0x2000e78c</run_address>
         <size>0x28</size>
         <input_file_ref idref="fl-d4"/>
      </object_component>
      <object_component id="oc-96e">
         <name>.text:lseek</name>
         <load_address>0x2000e7b4</load_address>
         <run_address>0x2000e7b4</run_address>
         <size>0x28</size>
         <input_file_ref idref="fl-102"/>
      </object_component>
      <object_component id="oc-7e0">
         <name>.text:write</name>
         <load_address>0x2000e7dc</load_address>
         <run_address>0x2000e7dc</run_address>
         <size>0x28</size>
         <input_file_ref idref="fl-f3"/>
      </object_component>
      <object_component id="oc-904">
         <name>.text:_SlDrvObjLockWaitForever</name>
         <load_address>0x2000e804</load_address>
         <run_address>0x2000e804</run_address>
         <size>0x26</size>
         <input_file_ref idref="fl-114"/>
      </object_component>
      <object_component id="oc-4ff">
         <name>.text:DmaSpiSwIntHandler</name>
         <load_address>0x2000e82c</load_address>
         <run_address>0x2000e82c</run_address>
         <size>0x24</size>
         <input_file_ref idref="fl-11a"/>
      </object_component>
      <object_component id="oc-431">
         <name>.text:IntUnregister</name>
         <load_address>0x2000e850</load_address>
         <run_address>0x2000e850</run_address>
         <size>0x24</size>
         <input_file_ref idref="fl-10b"/>
      </object_component>
      <object_component id="oc-455">
         <name>.text:UARTEnable</name>
         <load_address>0x2000e874</load_address>
         <run_address>0x2000e874</run_address>
         <size>0x24</size>
         <input_file_ref idref="fl-10f"/>
      </object_component>
      <object_component id="oc-58">
         <name>.text:_c_int00_noargs:_c_int00_noargs</name>
         <load_address>0x2000e898</load_address>
         <run_address>0x2000e898</run_address>
         <size>0x24</size>
         <input_file_ref idref="fl-d7"/>
      </object_component>
      <object_component id="oc-265">
         <name>.text:memmove</name>
         <load_address>0x2000e8bc</load_address>
         <run_address>0x2000e8bc</run_address>
         <size>0x24</size>
         <input_file_ref idref="fl-d3"/>
      </object_component>
      <object_component id="oc-4c3">
         <name>.text:SPIReset</name>
         <load_address>0x2000e8e0</load_address>
         <run_address>0x2000e8e0</run_address>
         <size>0x22</size>
         <input_file_ref idref="fl-11b"/>
      </object_component>
      <object_component id="oc-88e">
         <name>.text:SPIWordCountSet</name>
         <load_address>0x2000e902</load_address>
         <run_address>0x2000e902</run_address>
         <size>0x22</size>
         <input_file_ref idref="fl-11b"/>
      </object_component>
      <object_component id="oc-223">
         <name>.text:GPIOPinWrite</name>
         <load_address>0x2000e924</load_address>
         <run_address>0x2000e924</run_address>
         <size>0x20</size>
         <input_file_ref idref="fl-10a"/>
      </object_component>
      <object_component id="oc-41c">
         <name>.text:IntRegister</name>
         <load_address>0x2000e944</load_address>
         <run_address>0x2000e944</run_address>
         <size>0x20</size>
         <input_file_ref idref="fl-10b"/>
      </object_component>
      <object_component id="oc-318">
         <name>.text:NwpPrePowerOffTimout0</name>
         <load_address>0x2000e964</load_address>
         <run_address>0x2000e964</run_address>
         <size>0x20</size>
         <input_file_ref idref="fl-11a"/>
      </object_component>
      <object_component id="oc-853">
         <name>.text:TimerGetCurrentTimestamp</name>
         <load_address>0x2000e984</load_address>
         <run_address>0x2000e984</run_address>
         <size>0x20</size>
         <input_file_ref idref="fl-11a"/>
      </object_component>
      <object_component id="oc-90a">
         <name>.text:_SlDrvObjUnLock</name>
         <load_address>0x2000e9a4</load_address>
         <run_address>0x2000e9a4</run_address>
         <size>0x20</size>
         <input_file_ref idref="fl-114"/>
      </object_component>
      <object_component id="oc-541">
         <name>.text:_SlDrvSyncObjSignal</name>
         <load_address>0x2000e9c4</load_address>
         <run_address>0x2000e9c4</run_address>
         <size>0x20</size>
         <input_file_ref idref="fl-114"/>
      </object_component>
      <object_component id="oc-7d4">
         <name>.text:memchr</name>
         <load_address>0x2000e9e4</load_address>
         <run_address>0x2000e9e4</run_address>
         <size>0x20</size>
         <input_file_ref idref="fl-f1"/>
      </object_component>
      <object_component id="oc-211">
         <name>.text:GPIOIntRegister</name>
         <load_address>0x2000ea04</load_address>
         <run_address>0x2000ea04</run_address>
         <size>0x1e</size>
         <input_file_ref idref="fl-10a"/>
      </object_component>
      <object_component id="oc-1f1">
         <name>.text:TimerDisable</name>
         <load_address>0x2000ea22</load_address>
         <run_address>0x2000ea22</run_address>
         <size>0x1e</size>
         <input_file_ref idref="fl-10e"/>
      </object_component>
      <object_component id="oc-1eb">
         <name>.text:TimerEnable</name>
         <load_address>0x2000ea40</load_address>
         <run_address>0x2000ea40</run_address>
         <size>0x1e</size>
         <input_file_ref idref="fl-10e"/>
      </object_component>
      <object_component id="oc-1d9">
         <name>.text:TimerIntStatus</name>
         <load_address>0x2000ea5e</load_address>
         <run_address>0x2000ea5e</run_address>
         <size>0x1e</size>
         <input_file_ref idref="fl-10e"/>
      </object_component>
      <object_component id="oc-247">
         <name>.text:UARTCharPut</name>
         <load_address>0x2000ea7c</load_address>
         <run_address>0x2000ea7c</run_address>
         <size>0x1e</size>
         <input_file_ref idref="fl-10f"/>
      </object_component>
      <object_component id="oc-4d5">
         <name>.text:cc_UDMAChannelSelect</name>
         <load_address>0x2000ea9a</load_address>
         <run_address>0x2000ea9a</run_address>
         <size>0x1e</size>
         <input_file_ref idref="fl-11a"/>
      </object_component>
      <object_component id="oc-203">
         <name>.text:TimerValueGet</name>
         <load_address>0x2000eab8</load_address>
         <run_address>0x2000eab8</run_address>
         <size>0x1c</size>
         <input_file_ref idref="fl-10e"/>
      </object_component>
      <object_component id="oc-259">
         <name>.text:UARTCharGetNonBlocking</name>
         <load_address>0x2000ead4</load_address>
         <run_address>0x2000ead4</run_address>
         <size>0x1c</size>
         <input_file_ref idref="fl-10f"/>
      </object_component>
      <object_component id="oc-6de">
         <name>.text:_SlDrvStartMeasureTimeout</name>
         <load_address>0x2000eaf0</load_address>
         <run_address>0x2000eaf0</run_address>
         <size>0x1c</size>
         <input_file_ref idref="fl-114"/>
      </object_component>
[...]
         <object_component_ref idref="oc-241"/>
      </symbol>
      <symbol id="sm-e89">
         <name>UARTDisable</name>
         <value>0x2000e4fd</value>
         <object_component_ref idref="oc-44f"/>
      </symbol>
      <symbol id="sm-e8a">
         <name>UARTCharsAvail</name>
         <value>0x2000ecf7</value>
         <object_component_ref idref="oc-253"/>
      </symbol>
      <symbol id="sm-e8b">
         <name>UARTCharGetNonBlocking</name>
         <value>0x2000ead5</value>
         <object_component_ref idref="oc-259"/>
      </symbol>
      <symbol id="sm-e8c">
         <name>UARTCharPut</name>
         <value>0x2000ea7d</value>
         <object_component_ref idref="oc-247"/>
      </symbol>
      <symbol id="sm-e8d">
         <name>UARTEnable</name>
         <value>0x2000e875</value>
         <object_component_ref idref="oc-455"/>
      </symbol>
      <symbol id="sm-e91">
         <name>UtilsDelay</name>
         <value>0x2000eef9</value>
         <object_component_ref idref="oc-3b7"/>
      </symbol>
      <symbol id="sm-e9b">
         <name>CPUcpsie</name>
         <value>0x2000ede1</value>
         <object_component_ref idref="oc-370"/>
      </symbol>
      <symbol id="sm-f3f">
         <name>_sl_HandleAsync_InitComplete</name>
         <value>0x2000c719</value>
         <object_component_ref idref="oc-a3c"/>
      </symbol>
      <symbol id="sm-f40">
         <name>_SlDrvDeviceEventHandler</name>
         <value>0x2000bf9d</value>
         <object_component_ref idref="oc-9a4"/>
      </symbol>
      <symbol id="sm-f41">
         <name>_sl_HandleAsync_Stop</name>
         <value>0x2000db41</value>
         <object_component_ref idref="oc-9e0"/>
      </symbol>
      <symbol id="sm-f42">
         <name>sl_Stop</name>
         <value>0x2000abbd</value>
         <object_component_ref idref="oc-f0"/>
      </symbol>
      <symbol id="sm-f43">
         <name>sl_Start</name>
         <value>0x2000ae8d</value>
         <object_component_ref idref="oc-de"/>
      </symbol>
      <symbol id="sm-f44">
         <name>sl_DevGet</name>
         <value>0x2000b819</value>
         <object_component_ref idref="oc-f6"/>
      </symbol>
      <symbol id="sm-11f3">
         <name>RxIrqCnt</name>
         <value>0x20020ff4</value>
      </symbol>
      <symbol id="sm-11f4">
         <name>g_bDeviceRestartIsRequired</name>
         <value>0x20020ff5</value>
      </symbol>
      <symbol id="sm-11f5">
         <name>_SlDrvProtectionObjUnLock</name>
         <value>0x2000e73d</value>
         <object_component_ref idref="oc-518"/>
      </symbol>
      <symbol id="sm-11f6">
         <name>_SlDrvBasicCmd</name>
         <value>0x2000dde9</value>
         <object_component_ref idref="oc-34a"/>
      </symbol>
      <symbol id="sm-11f7">
         <name>_SlDrvObjUnLock</name>
         <value>0x2000e9a5</value>
         <object_component_ref idref="oc-90a"/>
      </symbol>
      <symbol id="sm-11f8">
         <name>_SlDrvObjLockWaitForever</name>
         <value>0x2000e805</value>
         <object_component_ref idref="oc-904"/>
      </symbol>
      <symbol id="sm-11f9">
         <name>_SlDrvMsgReadSpawnCtx</name>
         <value>0x2000b061</value>
         <object_component_ref idref="oc-560"/>
      </symbol>
      <symbol id="sm-11fa">
         <name>_SlDrvDispatchHttpServerEvents</name>
         <value>0x2000ee69</value>
         <object_component_ref idref="oc-9b8"/>
      </symbol>
      <symbol id="sm-11fb">
         <name>_SlDriverHandleError</name>
         <value>0x2000bd1d</value>
         <object_component_ref idref="oc-534"/>
      </symbol>
      <symbol id="sm-11fc">
         <name>_SlDrvDriverCBDeinit</name>
         <value>0x2000a565</value>
         <object_component_ref idref="oc-324"/>
      </symbol>
      <symbol id="sm-11fd">
         <name>_SlDrvStartMeasureTimeout</name>
         <value>0x2000eaf1</value>
         <object_component_ref idref="oc-6de"/>
      </symbol>
      <symbol id="sm-11fe">
         <name>_SlDrvResetCmdExt</name>
         <value>0x2000ee79</value>
         <object_component_ref idref="oc-333"/>
      </symbol>
      <symbol id="sm-11ff">
         <name>_SlDrvIsTimeoutExpired</name>
         <value>0x2000c68d</value>
         <object_component_ref idref="oc-6e4"/>
      </symbol>
      <symbol id="sm-1200">
         <name>_SlDrvProtectAsyncRespSetting</name>
         <value>0x2000dc29</value>
         <object_component_ref idref="oc-2c1"/>
      </symbol>
      <symbol id="sm-1201">
         <name>_SlDrvReleasePoolObj</name>
         <value>0x20008f2d</value>
         <object_component_ref idref="oc-2df"/>
      </symbol>
      <symbol id="sm-1202">
         <name>OpcodeTranslateTable</name>
         <value>0x2000f308</value>
         <object_component_ref idref="oc-87e"/>
      </symbol>
      <symbol id="sm-1203">
         <name>pPingCallBackFunc</name>
         <value>0x20021244</value>
         <object_component_ref idref="oc-2ee"/>
      </symbol>
      <symbol id="sm-1204">
         <name>_SlDrvDriverCBInit</name>
         <value>0x20009481</value>
         <object_component_ref idref="oc-2b5"/>
      </symbol>
      <symbol id="sm-1205">
         <name>g_pCB</name>
         <value>0x20021240</value>
         <object_component_ref idref="oc-2ee"/>
      </symbol>
      <symbol id="sm-1206">
         <name>_SlDrvProtectionObjLockWaitForever</name>
         <value>0x2000e641</value>
         <object_component_ref idref="oc-512"/>
      </symbol>
      <symbol id="sm-1207">
         <name>_SlDrvCmdOp</name>
         <value>0x2000b9a9</value>
         <object_component_ref idref="oc-308"/>
      </symbol>
      <symbol id="sm-1208">
         <name>_SlDrvSyncObjWaitTimeout</name>
         <value>0x2000dfd1</value>
         <object_component_ref idref="oc-2d9"/>
      </symbol>
      <symbol id="sm-1209">
         <name>_SlDrvGlobalObjUnLock</name>
         <value>0x2000e715</value>
         <object_component_ref idref="oc-573"/>
      </symbol>
      <symbol id="sm-120a">
         <name>_SlDrvMemZero</name>
         <value>0x2000edb5</value>
         <object_component_ref idref="oc-4a0"/>
      </symbol>
      <symbol id="sm-120b">
         <name>_SlDrvWaitForPoolObj</name>
         <value>0x20009969</value>
         <object_component_ref idref="oc-50c"/>
      </symbol>
      <symbol id="sm-120c">
         <name>_SlDrvSyncObjSignal</name>
         <value>0x2000e9c5</value>
         <object_component_ref idref="oc-541"/>
      </symbol>
      <symbol id="sm-120d">
         <name>_SlDrvDataReadOp</name>
         <value>0x20008d49</value>
         <object_component_ref idref="oc-818"/>
      </symbol>
      <symbol id="sm-120e">
         <name>_SlDrvDataWriteOp</name>
         <value>0x20009de1</value>
         <object_component_ref idref="oc-82c"/>
      </symbol>
      <symbol id="sm-120f">
         <name>_SlDrvRxIrqHandler</name>
         <value>0x2000d9f1</value>
         <object_component_ref idref="oc-2f1"/>
      </symbol>
      <symbol id="sm-1210">
         <name>_SlDrvSyncObjWaitForever</name>
         <value>0x2000e765</value>
         <object_component_ref idref="oc-71d"/>
      </symbol>
      <symbol id="sm-1211">
         <name>g_SlDeviceStatus</name>
         <value>0x2002123c</value>
         <object_component_ref idref="oc-2ee"/>
      </symbol>
      <symbol id="sm-1212">
         <name>_SlDrvCmdSend</name>
         <value>0x2000d079</value>
         <object_component_ref idref="oc-a46"/>
      </symbol>
      <symbol id="sm-1213">
         <name>_SlActionLookupTable</name>
         <value>0x2000f344</value>
         <object_component_ref idref="oc-94a"/>
      </symbol>
      <symbol id="sm-129a">
         <name>sl_NetAppMDNSUnRegisterService</name>
         <value>0x2000d41d</value>
         <object_component_ref idref="oc-11a"/>
      </symbol>
      <symbol id="sm-129b">
         <name>_SlNetAppSendTokenValueCmdCtrl</name>
         <value>0x2000f512</value>
         <object_component_ref idref="oc-a4c"/>
      </symbol>
      <symbol id="sm-129c">
         <name>_sl_HandleAsync_DnsGetHostByName</name>
         <value>0x2000c3c5</value>
         <object_component_ref idref="oc-9ac"/>
      </symbol>
      <symbol id="sm-129d">
         <name>_sl_HandleAsync_PingResponse</name>
         <value>0x2000c455</value>
         <object_component_ref idref="oc-936"/>
      </symbol>
      <symbol id="sm-129e">
         <name>_SlDrvNetAppEventHandler</name>
         <value>0x2000a8c9</value>
         <object_component_ref idref="oc-930"/>
      </symbol>
      <symbol id="sm-129f">
         <name>_sl_HandleAsync_DnsGetHostByService</name>
         <value>0x2000b74d</value>
         <object_component_ref idref="oc-9b2"/>
      </symbol>
      <symbol id="sm-12a0">
         <name>_sl_NetAppSendTokenValue</name>
         <value>0x2000d0e5</value>
         <object_component_ref idref="oc-9be"/>
      </symbol>
      <symbol id="sm-12a1">
         <name>sl_NetAppMDNSRegisterUnregisterService</name>
         <value>0x2000b231</value>
         <object_component_ref idref="oc-35f"/>
      </symbol>
      <symbol id="sm-12e1">
         <name>sl_NetCfgGet</name>
         <value>0x2000b5a5</value>
         <object_component_ref idref="oc-14e"/>
      </symbol>
      <symbol id="sm-12e2">
         <name>sl_NetCfgSet</name>
         <value>0x2000c039</value>
         <object_component_ref idref="oc-10e"/>
      </symbol>
      <symbol id="sm-132a">
         <name>_SlNonOsSemSet</name>
         <value>0x2000ed0f</value>
         <object_component_ref idref="oc-4a6"/>
      </symbol>
      <symbol id="sm-132b">
         <name>_SlNonOsSpawn</name>
         <value>0x2000d2f1</value>
         <object_component_ref idref="oc-55a"/>
      </symbol>
      <symbol id="sm-132c">
         <name>_SlNonOsSemGet</name>
         <value>0x2000bb1d</value>
         <object_component_ref idref="oc-4ac"/>
      </symbol>
      <symbol id="sm-132d">
         <name>_SlNonOsMainLoopTask</name>
         <value>0x2000ceb1</value>
         <object_component_ref idref="oc-e4"/>
      </symbol>
      <symbol id="sm-132e">
         <name>g__SlNonOsCB</name>
         <value>0x200211b8</value>
         <object_component_ref idref="oc-303"/>
      </symbol>
      <symbol id="sm-13ec">
         <name>sl_Recv</name>
         <value>0x2000be61</value>
         <object_component_ref idref="oc-653"/>
      </symbol>
      <symbol id="sm-13ed">
         <name>sl_Send</name>
         <value>0x2000a431</value>
         <object_component_ref idref="oc-65f"/>
      </symbol>
      <symbol id="sm-13ee">
         <name>_sl_HandleAsync_Connect</name>
         <value>0x2000cacd</value>
         <object_component_ref idref="oc-9d4"/>
      </symbol>
      <symbol id="sm-13ef">
         <name>sl_Socket</name>
         <value>0x2000c7a5</value>
         <object_component_ref idref="oc-635"/>
      </symbol>
      <symbol id="sm-13f0">
         <name>_sl_HandleAsync_Select</name>
         <value>0x2000da45</value>
         <object_component_ref idref="oc-9da"/>
      </symbol>
      <symbol id="sm-13f1">
         <name>sl_Close</name>
         <value>0x2000d60d</value>
         <object_component_ref idref="oc-659"/>
      </symbol>
      <symbol id="sm-13f2">
         <name>_sl_HandleAsync_Accept</name>
         <value>0x2000d355</value>
         <object_component_ref idref="oc-9ce"/>
      </symbol>
      <symbol id="sm-13f3">
         <name>sl_SetSockOpt</name>
         <value>0x2000c0d1</value>
         <object_component_ref idref="oc-63b"/>
      </symbol>
      <symbol id="sm-1484">
         <name>sl_WlanDisconnect</name>
         <value>0x2000e3bd</value>
         <object_component_ref idref="oc-108"/>
      </symbol>
      <symbol id="sm-1485">
         <name>sl_WlanPolicySet</name>
         <value>0x2000c4e5</value>
         <object_component_ref idref="oc-fc"/>
      </symbol>
      <symbol id="sm-1486">
         <name>sl_WlanProfileDel</name>
         <value>0x2000d66d</value>
         <object_component_ref idref="oc-102"/>
      </symbol>
      <symbol id="sm-1487">
         <name>sl_WlanRxFilterSet</name>
         <value>0x2000c9c5</value>
         <object_component_ref idref="oc-126"/>
      </symbol>
      <symbol id="sm-1488">
         <name>sl_WlanSet</name>
         <value>0x2000c169</value>
         <object_component_ref idref="oc-114"/>
      </symbol>
      <symbol id="sm-1489">
         <name>sl_WlanSetMode</name>
         <value>0x2000d6cd</value>
         <object_component_ref idref="oc-ea"/>
      </symbol>
      <symbol id="sm-15a9">
         <name>g_ucDinDout</name>
         <value>0x20020f28</value>
      </symbol>
      <symbol id="sm-15aa">
         <name>g_cDummy</name>
         <value>0x20020ff6</value>
      </symbol>
      <symbol id="sm-15ab">
         <name>NwpMaskInterrupt</name>
         <value>0x2000eea5</value>
         <object_component_ref idref="oc-51f"/>
      </symbol>
      <symbol id="sm-15ac">
         <name>NwpPrePowerOffTimout0</name>
         <value>0x2000e965</value>
         <object_component_ref idref="oc-318"/>
      </symbol>
      <symbol id="sm-15ad">
         <name>NwpRegisterInterruptHandler</name>
         <value>0x2000e1e1</value>
         <object_component_ref idref="oc-2cd"/>
      </symbol>
      <symbol id="sm-15ae">
         <name>g_pHostIntHdl</name>
         <value>0x20021268</value>
         <object_component_ref idref="oc-4f9"/>
      </symbol>
      <symbol id="sm-15af">
         <name>simplelink_timerA2_start</name>
         <value>0x2000e2d5</value>
         <object_component_ref idref="oc-91c"/>
      </symbol>
      <symbol id="sm-15b0">
         <name>NwpUnMaskInterrupt</name>
         <value>0x2000eeb1</value>
         <object_component_ref idref="oc-52d"/>
      </symbol>
      <symbol id="sm-15b1">
         <name>NwpPowerOff</name>
         <value>0x2000e34d</value>
         <object_component_ref idref="oc-2c7"/>
      </symbol>
      <symbol id="sm-15b2">
         <name>TimerGetCurrentTimestamp</name>
         <value>0x2000e985</value>
         <object_component_ref idref="oc-853"/>
      </symbol>
      <symbol id="sm-15b3">
         <name>spi_Read</name>
         <value>0x2000acad</value>
         <object_component_ref idref="oc-871"/>
      </symbol>
      <symbol id="sm-15b4">
         <name>DmaSpiSwIntHandler</name>
         <value>0x2000e82d</value>
         <object_component_ref idref="oc-4ff"/>
      </symbol>
      <symbol id="sm-15b5">
         <name>NwpPowerOn</name>
         <value>0x2000e5bd</value>
         <object_component_ref idref="oc-2d3"/>
      </symbol>
      <symbol id="sm-15b6">
         <name>spi_Close</name>
         <value>0x2000cdc1</value>
         <object_component_ref idref="oc-31e"/>
      </symbol>
      <symbol id="sm-15b7">
         <name>spi_Write</name>
         <value>0x2000c201</value>
         <object_component_ref idref="oc-73e"/>
      </symbol>
      <symbol id="sm-15b8">
         <name>spi_Open</name>
         <value>0x20009f31</value>
         <object_component_ref idref="oc-2bb"/>
      </symbol>
      <symbol id="sm-15b9">
         <name>g_ucDMAEnabled</name>
         <value>0x2002126c</value>
         <object_component_ref idref="oc-4f9"/>
      </symbol>
      <symbol id="sm-15ba">
         <name>g_SpiFd</name>
         <value>0x20021264</value>
         <object_component_ref idref="oc-4f9"/>
      </symbol>
      <symbol id="sm-1675">
         <name>SPIFIFODisable</name>
         <value>0x2000ec01</value>
         <object_component_ref idref="oc-591"/>
      </symbol>
      <symbol id="sm-1676">
         <name>SPICSEnable</name>
         <value>0x2000ec7f</value>
         <object_component_ref idref="oc-888"/>
      </symbol>
      <symbol id="sm-1677">
         <name>SPIDisable</name>
         <value>0x2000ec97</value>
         <object_component_ref idref="oc-4bd"/>
      </symbol>
      <symbol id="sm-1678">
         <name>SPIFIFOEnable</name>
         <value>0x2000ec1b</value>
         <object_component_ref idref="oc-4db"/>
      </symbol>
      <symbol id="sm-1679">
         <name>SPIWordCountSet</name>
         <value>0x2000e903</value>
         <object_component_ref idref="oc-88e"/>
      </symbol>
      <symbol id="sm-167a">
         <name>SPIEnable</name>
         <value>0x2000ecaf</value>
         <object_component_ref idref="oc-4f3"/>
      </symbol>
      <symbol id="sm-167b">
         <name>SPIDmaEnable</name>
         <value>0x2000ebe7</value>
         <object_component_ref idref="oc-4e1"/>
      </symbol>
      <symbol id="sm-167c">
         <name>SPIConfigSetExpClk</name>
         <value>0x2000bdc1</value>
         <object_component_ref idref="oc-4c9"/>
      </symbol>
      <symbol id="sm-167d">
         <name>SPIIntUnregister</name>
         <value>0x2000ec35</value>
         <object_component_ref idref="oc-58b"/>
      </symbol>
      <symbol id="sm-167e">
         <name>SPIFIFOLevelSet</name>
         <value>0x2000e461</value>
         <object_component_ref idref="oc-4e7"/>
      </symbol>
      <symbol id="sm-167f">
         <name>SPIDmaDisable</name>
         <value>0x2000ebcd</value>
         <object_component_ref idref="oc-597"/>
      </symbol>
      <symbol id="sm-1680">
         <name>SPIReset</name>
         <value>0x2000e8e1</value>
         <object_component_ref idref="oc-4c3"/>
      </symbol>
      <symbol id="sm-1681">
         <name>SPIIntEnable</name>
         <value>0x2000db91</value>
         <object_component_ref idref="oc-4ed"/>
      </symbol>
      <symbol id="sm-1682">
         <name>SPIIntClear</name>
         <value>0x2000dda1</value>
         <object_component_ref idref="oc-716"/>
      </symbol>
      <symbol id="sm-1683">
         <name>SPICSDisable</name>
         <value>0x2000ec67</value>
         <object_component_ref idref="oc-4b7"/>
      </symbol>
      <symbol id="sm-16da">
         <name>uDMAChannelControlSet</name>
         <value>0x2000e311</value>
         <object_component_ref idref="oc-9e8"/>
      </symbol>
      <symbol id="sm-16db">
         <name>uDMAChannelAttributeEnable</name>
         <value>0x2000d4e5</value>
         <object_component_ref idref="oc-9ee"/>
      </symbol>
      <symbol id="sm-16dc">
         <name>uDMAChannelTransferSet</name>
         <value>0x2000ad9d</value>
         <object_component_ref idref="oc-9f4"/>
      </symbol>
      <symbol id="sm-16dd">
         <name>uDMAChannelAssign</name>
         <value>0x2000dd0d</value>
         <object_component_ref idref="oc-6f5"/>
      </symbol>
      <symbol id="sm-16de">
         <name>uDMAChannelAttributeDisable</name>
         <value>0x2000d481</value>
         <object_component_ref idref="oc-6fb"/>
      </symbol>
      <symbol id="sm-16df">
         <name>uDMAChannelEnable</name>
         <value>0x2000eb7d</value>
         <object_component_ref idref="oc-9fa"/>
      </symbol>
      <symbol id="sm-16e0">
         <name>__TI_static_base__</name>
         <value>0x2000f550</value>
      </symbol>
      <symbol id="sm-16e3">
         <name>__mpu_init</name>
         <value>0x0</value>
      </symbol>
      <symbol id="sm-16e4">
         <name>_system_post_cinit</name>
         <value>0x0</value>
      </symbol>
      <symbol id="sm-16e5">
         <name>remove</name>
         <value>0x2000e66d</value>
      </symbol>
   </symbol_table>
   <title>Link successful</title>
</link_info>
