******************************************************************************
                  TI ARM Linker PC v18.12.1                    
******************************************************************************
>> Linked Sun May  5 01:52:52 2019

OUTPUT FILE NAME:   <transceiver_mode.out>
ENTRY POINT SYMBOL: "_c_int00_noargs"  address: 2000e899


MEMORY CONFIGURATION

         name            origin    length      used     unused   attr    fill
----------------------  --------  ---------  --------  --------  ----  --------
  SRAM_CODE             20004000   00013000  0000b60c  000079f4  RW X
  SRAM_DATA             20017000   00019000  0000b78a  0000d876  RW X


SEGMENT ALLOCATION MAP

run origin  load origin   length   init length attrs members
----------  ----------- ---------- ----------- ----- -------
20004000    20004000    0000b610   0000b610    r-x
  20004000    20004000    00000400   00000400    r-- .intvecs
  20004400    20004400    0000ab06   0000ab06    r-x .text
  2000ef08    2000ef08    00000646   00000646    r-- .const
  2000f550    2000f550    000000c0   000000c0    r-- .cinit
20017000    20017000    0000a290   00000000    rw-
  20017000    20017000    00008000   00000000    rw- .sysmem
  2001f000    2001f000    00001ffa   00000000    rw- .bss
  20021000    20021000    00000290   00000000    rw- .data
2002eb00    2002eb00    00001500   00000000    rw-
  2002eb00    2002eb00    00001500   00000000    rw- .stack


SECTION ALLOCATION MAP

 output                                  attributes/
section   page    origin      length       input sections
--------  ----  ----------  ----------   ----------------
.intvecs   0    20004000    00000400     
                  20004000    00000400     startup_ccs.obj (.intvecs)

.init_array 
*          0    20004000    00000000     UNINITIALIZED

.text      0    20004400    0000ab06     
                  20004400    00000cfc     application.obj (.text)
                  200050fc    00000c0c     main.obj (.text)
                  20005d08    00000a4e     rtsv7M4_T_le_eabi.lib : _printfi.c.obj (.text:__TI_printfi)
                  20006756    00000002     driverlib.a : interrupt.obj (.text:IntDefaultHandler)
                  20006758    00000974     ip.obj (.text)
                  200070cc    00000678     mac.obj (.text)
                  20007744    00000590     simplelink.a : driver.obj (.text:_SlDrvMsgRead)
                  20007cd4    00000398     gpio_if.obj (.text)
                  2000806c    00000308     my_util.obj (.text)
                  20008374    000002a0     translation_utility.obj (.text)
                  20008614    00000280     uart_if.obj (.text)
                  20008894    00000268     rtsv7M4_T_le_eabi.lib : _printfi.c.obj (.text:_pconv_a)
                  20008afc    0000024c     simplelink.a : driver.obj (.text:_SlDrvRxHdrRead)
                  20008d48    000001e4                  : driver.obj (.text:_SlDrvDataReadOp)
                  20008f2c    000001d0                  : driver.obj (.text:_SlDrvReleasePoolObj)
                  200090fc    000001cc     rtsv7M4_T_le_eabi.lib : _printfi.c.obj (.text:_pconv_g)
                  200092c8    000001b6                           : fd_add_t2.asm.obj (.text)
                  2000947e    00000002                           : _lock.c.obj (.text:_nop)
                  20009480    000001b4     simplelink.a : driver.obj (.text:_SlDrvDriverCBInit)
                  20009634    0000019c                  : driver.obj (.text:_SlDrvMsgWrite)
                  200097d0    00000198     timer_if.obj (.text)
                  20009968    00000190     simplelink.a : driver.obj (.text:_SlDrvWaitForPoolObj)
                  20009af8    00000178     driverlib.a : prcm.obj (.text:PRCMCC3200MCUInit)
                  20009c70    00000170     simplelink.a : driver.obj (.text:_SlFindAndSetActiveObj)
                  20009de0    00000150                  : driver.obj (.text:_SlDrvDataWriteOp)
                  20009f30    00000148                  : cc_pal.obj (.text:spi_Open)
                  2000a078    00000144                  : driver.obj (.text:_SlDrvMsgReadCmdCtx)
                  2000a1bc    0000013c     rtsv7M4_T_le_eabi.lib : _printfi.c.obj (.text:_pconv_e)
                  2000a2f8    00000136                           : fd_div_t2.asm.obj (.text)
                  2000a42e    00000002                           : div0.asm.obj (.text)
                  2000a430    00000134     simplelink.a : socket.obj (.text:sl_Send)
                  2000a564    00000130                  : driver.obj (.text:_SlDrvDriverCBDeinit)
                  2000a694    00000120     rtsv7M4_T_le_eabi.lib : _printfi.c.obj (.text:fcvt)
                  2000a7b4    00000114                           : fputs.c.obj (.text:fputs)
                  2000a8c8    00000104     simplelink.a : netapp.obj (.text:_SlDrvNetAppEventHandler)
                  2000a9cc    000000fc     rtsv7M4_T_le_eabi.lib : fd_mul_t2.asm.obj (.text)
                  2000aac8    000000f4                           : memory.c.obj (.text:aligned_alloc)
                  2000abbc    000000f0     simplelink.a : device.obj (.text:sl_Stop)
                  2000acac    000000f0                  : cc_pal.obj (.text:spi_Read)
                  2000ad9c    000000f0     driverlib.a : udma.obj (.text:uDMAChannelTransferSet)
                  2000ae8c    000000ec     simplelink.a : device.obj (.text:sl_Start)
                  2000af78    000000e8                  : driver.obj (.text:_SlAsyncEventGenericHandler)
                  2000b060    000000e8                  : driver.obj (.text:_SlDrvMsgReadSpawnCtx)
                  2000b148    000000e8     rtsv7M4_T_le_eabi.lib : memory.c.obj (.text:free)
                  2000b230    000000e4     simplelink.a : netapp.obj (.text:sl_NetAppMDNSRegisterUnregisterService)
                  2000b314    000000dc                  : driver.obj (.text:_SlDrvClassifyRxMsg)
                  2000b3f0    000000dc     rtsv7M4_T_le_eabi.lib : setvbuf.c.obj (.text:setvbuf)
                  2000b4cc    000000d8                           : memory.c.obj (.text:realloc)
                  2000b5a4    000000d8     simplelink.a : netcfg.obj (.text:sl_NetCfgGet)
                  2000b67c    000000d0     rtsv7M4_T_le_eabi.lib : s_scalbn.c.obj (.text:scalbn)
                  2000b74c    000000cc     simplelink.a : netapp.obj (.text:_sl_HandleAsync_DnsGetHostByService)
                  2000b818    000000cc                  : device.obj (.text:sl_DevGet)
                  2000b8e4    000000c4                  : driver.obj (.text:_SlRemoveFromList)
                  2000b9a8    000000c0                  : driver.obj (.text:_SlDrvCmdOp)
                  2000ba68    000000b1     rtsv7M4_T_le_eabi.lib : _printfi.c.obj (.text:_ltostr)
                  2000bb19    00000003     --HOLE-- [fill = 0]
                  2000bb1c    000000b0     simplelink.a : nonos.obj (.text:_SlNonOsSemGet)
                  2000bbcc    000000a8     driverlib.a : interrupt.obj (.text:IntDisable)
                  2000bc74    000000a8                 : interrupt.obj (.text:IntEnable)
                  2000bd1c    000000a4     simplelink.a : driver.obj (.text:_SlDriverHandleError)
                  2000bdc0    000000a0     driverlib.a : spi.obj (.text:SPIConfigSetExpClk)
                  2000be60    000000a0     simplelink.a : socket.obj (.text:sl_Recv)
                  2000bf00    0000009c     rtsv7M4_T_le_eabi.lib : memcpy_t2.asm.obj (.text)
                  2000bf9c    0000009a     simplelink.a : device.obj (.text:_SlDrvDeviceEventHandler)
                  2000c036    00000002     --HOLE-- [fill = 0]
                  2000c038    00000098                  : netcfg.obj (.text:sl_NetCfgSet)
                  2000c0d0    00000098                  : socket.obj (.text:sl_SetSockOpt)
                  2000c168    00000098                  : wlan.obj (.text:sl_WlanSet)
                  2000c200    00000098                  : cc_pal.obj (.text:spi_Write)
                  2000c298    00000096     rtsv7M4_T_le_eabi.lib : ull_div_t2.asm.obj (.text)
                  2000c32e    00000002     --HOLE-- [fill = 0]
                  2000c330    00000094     driverlib.a : prcm.obj (.text:PRCMPeripheralClockGet)
                  2000c3c4    00000090     simplelink.a : netapp.obj (.text:_sl_HandleAsync_DnsGetHostByName)
                  2000c454    00000090                  : netapp.obj (.text:_sl_HandleAsync_PingResponse)
                  2000c4e4    00000090                  : wlan.obj (.text:sl_WlanPolicySet)
                  2000c574    0000008c                  : cc_pal.obj (.text:SetupDMAReceive)
                  2000c600    0000008c                  : cc_pal.obj (.text:SetupDMASend)
                  2000c68c    0000008c                  : driver.obj (.text:_SlDrvIsTimeoutExpired)
                  2000c718    0000008c                  : device.obj (.text:_sl_HandleAsync_InitComplete)
                  2000c7a4    0000008c                  : socket.obj (.text:sl_Socket)
                  2000c830    00000088     driverlib.a : pin.obj (.text:PinConfigSet)
                  2000c8b8    00000086     rtsv7M4_T_le_eabi.lib : fd_cmp_t2.asm.obj (.text:__aeabi_cdcmple)
                  2000c93e    00000086                           : fd_cmp_t2.asm.obj (.text:__aeabi_cdrcmple)
                  2000c9c4    00000084     simplelink.a : wlan.obj (.text:sl_WlanRxFilterSet)
                  2000ca48    00000082     driverlib.a : gpio.obj (.text:GPIOIntTypeSet)
                  2000caca    00000002     --HOLE-- [fill = 0]
                  2000cacc    00000080     simplelink.a : socket.obj (.text:_sl_HandleAsync_Connect)
                  2000cb4c    00000080                  : cc_pal.obj (.text:spi_Read_CPU)
                  2000cbcc    00000080                  : cc_pal.obj (.text:spi_Write_CPU)
                  2000cc4c    0000007c     rtsv7M4_T_le_eabi.lib : fflush.c.obj (.text:fflush)
                  2000ccc8    0000007c                           : memory.c.obj (.text:split)
                  2000cd44    0000007a                           : memset_t2.asm.obj (.text)
                  2000cdbe    00000002     --HOLE-- [fill = 0]
                  2000cdc0    00000078     simplelink.a : cc_pal.obj (.text:spi_Close)
                  2000ce38    00000076     driverlib.a : uart.obj (.text:UARTConfigSetExpClk)
                  2000ceae    00000002     --HOLE-- [fill = 0]
                  2000ceb0    00000074     simplelink.a : nonos.obj (.text:_SlNonOsMainLoopTask)
                  2000cf24    00000074     rtsv7M4_T_le_eabi.lib : fclose.c.obj (.text:__TI_closefile)
                  2000cf98    00000070     driverlib.a : timer.obj (.text:TimerIntRegister)
                  2000d008    0000006e     rtsv7M4_T_le_eabi.lib : _printfi.c.obj (.text:_mcpy)
                  2000d076    00000002     --HOLE-- [fill = 0]
                  2000d078    0000006c     simplelink.a : driver.obj (.text:_SlDrvCmdSend)
                  2000d0e4    0000006c                  : netapp.obj (.text:_sl_NetAppSendTokenValue)
                  2000d150    00000068     rtsv7M4_T_le_eabi.lib : hostlseek.c.obj (.text:HOSTlseek)
                  2000d1b8    00000068                           : hostrename.c.obj (.text:HOSTrename)
                  2000d220    00000068     driverlib.a : timer.obj (.text:TimerIntUnregister)
                  2000d288    00000068     rtsv7M4_T_le_eabi.lib : copy_decompress_lzss.c.obj (.text:decompress:lzss:__TI_decompress_lzss)
                  2000d2f0    00000064     simplelink.a : nonos.obj (.text:_SlNonOsSpawn)
                  2000d354    00000064                  : socket.obj (.text:_sl_HandleAsync_Accept)
                  2000d3b8    00000064     rtsv7M4_T_le_eabi.lib : fseek.c.obj (.text:fseek)
                  2000d41c    00000064     simplelink.a : netapp.obj (.text:sl_NetAppMDNSUnRegisterService)
                  2000d480    00000064     driverlib.a : udma.obj (.text:uDMAChannelAttributeDisable)
                  2000d4e4    00000064                 : udma.obj (.text:uDMAChannelAttributeEnable)
                  2000d548    00000062     rtsv7M4_T_le_eabi.lib : _io_perm.c.obj (.text:__TI_wrt_ok)
                  2000d5aa    00000002     --HOLE-- [fill = 0]
                  2000d5ac    00000060                           : hostopen.c.obj (.text:HOSTopen)
                  2000d60c    00000060     simplelink.a : socket.obj (.text:sl_Close)
                  2000d66c    00000060                  : wlan.obj (.text:sl_WlanProfileDel)
                  2000d6cc    00000060                  : wlan.obj (.text:sl_WlanSetMode)
                  2000d72c    0000005c     rtsv7M4_T_le_eabi.lib : close.c.obj (.text:close)
                  2000d788    0000005c                           : s_frexp.c.obj (.text:frexp)
                  2000d7e4    00000058                           : hostread.c.obj (.text:HOSTread)
                  2000d83c    00000058                           : hostwrite.c.obj (.text:HOSTwrite)
                  2000d894    00000058     driverlib.a : interrupt.obj (.text:IntPendClear)
                  2000d8ec    00000058                 : prcm.obj (.text:PRCMPeripheralReset)
                  2000d944    00000056     rtsv7M4_T_le_eabi.lib : _printfi.c.obj (.text:_pconv_f)
                  2000d99a    00000002     --HOLE-- [fill = 0]
                  2000d99c    00000054     driverlib.a : interrupt.obj (.text:IntPrioritySet)
                  2000d9f0    00000054     simplelink.a : driver.obj (.text:_SlDrvRxIrqHandler)
                  2000da44    00000054                  : socket.obj (.text:_sl_HandleAsync_Select)
                  2000da98    00000054     rtsv7M4_T_le_eabi.lib : ltoa.c.obj (.text:ltoa)
                  2000daec    00000052                           : _printfi.c.obj (.text:_ecpy)
                  2000db3e    00000002     --HOLE-- [fill = 0]
                  2000db40    00000050     simplelink.a : device.obj (.text:_sl_HandleAsync_Stop)
                  2000db90    0000004c     driverlib.a : spi.obj (.text:SPIIntEnable)
                  2000dbdc    0000004c                 : spi.obj (.text:SPIIntNumberGet)
                  2000dc28    0000004c     simplelink.a : driver.obj (.text:_SlDrvProtectAsyncRespSetting)
                  2000dc74    0000004c     rtsv7M4_T_le_eabi.lib : fflush.c.obj (.text:__TI_doflush)
                  2000dcc0    0000004c                           : atoi.c.obj (.text:atoi)
                  2000dd0c    0000004c     driverlib.a : udma.obj (.text:uDMAChannelAssign)
                  2000dd58    00000048                 : gpio.obj (.text:GPIOGetIntNumber)
                  2000dda0    00000048                 : spi.obj (.text:SPIIntClear)
                  2000dde8    00000048     simplelink.a : driver.obj (.text:_SlDrvBasicCmd)
                  2000de30    00000048     rtsv7M4_T_le_eabi.lib : exit.c.obj (.text:exit)
                  2000de78    00000048                           : fd_toi_t2.asm.obj (.text)
                  2000dec0    00000044                           : hostclose.c.obj (.text:HOSTclose)
                  2000df04    00000044                           : hostunlink.c.obj (.text:HOSTunlink)
                  2000df48    00000044     driverlib.a : spi.obj (.text:SPIDmaMaskGet)
                  2000df8c    00000044                 : timer.obj (.text:TimerConfigure)
                  2000dfd0    00000044     simplelink.a : driver.obj (.text:_SlDrvSyncObjWaitTimeout)
                  2000e014    00000044     rtsv7M4_T_le_eabi.lib : autoinit.c.obj (.text:__TI_auto_init_nobinit_nopinit:__TI_auto_init_nobinit_nopinit)
                  2000e058    00000044     simplelink.a : cc_pal.obj (.text:cc_SetupTransfer)
                  2000e09c    00000044     rtsv7M4_T_le_eabi.lib : getdevice.c.obj (.text:getdevice)
                  2000e0e0    00000040     driverlib.a : pin.obj (.text:PinModeSet)
                  2000e120    00000040     simplelink.a : socket.obj (.text:_sl_TruncatePayloadByProtocol)
                  2000e160    00000040     rtsv7M4_T_le_eabi.lib : sprintf.c.obj (.text:sprintf)
                  2000e1a0    00000040                           : vsnprintf.c.obj (.text:vsnprintf)
                  2000e1e0    0000003e     simplelink.a : cc_pal.obj (.text:NwpRegisterInterruptHandler)
                  2000e21e    0000003e     rtsv7M4_T_le_eabi.lib : _printfi.c.obj (.text:_fcpy)
                  2000e25c    0000003c     simplelink.a : netapp.obj (.text:CopyPingResultsToReport)
                  2000e298    0000003c     driverlib.a : prcm.obj (.text:PRCMPeripheralClkEnable)
                  2000e2d4    0000003c     simplelink.a : cc_pal.obj (.text:simplelink_timerA2_start)
                  2000e310    0000003c     driverlib.a : udma.obj (.text:uDMAChannelControlSet)
                  2000e34c    00000038     simplelink.a : cc_pal.obj (.text:NwpPowerOff)
                  2000e384    00000038     rtsv7M4_T_le_eabi.lib : trgmsg.c.obj (.text:__TI_writemsg)
                  2000e3bc    00000038     simplelink.a : wlan.obj (.text:sl_WlanDisconnect)
                  2000e3f4    00000036     rtsv7M4_T_le_eabi.lib : strncpy.c.obj (.text:strncpy)
                  2000e42a    00000002     --HOLE-- [fill = 0]
                  2000e42c    00000034     driverlib.a : prcm.obj (.text:PRCMPeripheralStatusGet)
                  2000e460    00000034                 : spi.obj (.text:SPIFIFOLevelSet)
                  2000e494    00000034     rtsv7M4_T_le_eabi.lib : fopen.c.obj (.text:__TI_cleanup)
                  2000e4c8    00000034                           : trgmsg.c.obj (.text:__TI_readmsg)
                  2000e4fc    00000030     driverlib.a : uart.obj (.text:UARTDisable)
                  2000e52c    00000030     rtsv7M4_T_le_eabi.lib : vsnprintf.c.obj (.text:_outs)
                  2000e55c    00000030                           : getdevice.c.obj (.text:finddevice)
                  2000e58c    0000002e                           : i_tofd_t2.asm.obj (.text)
                  2000e5ba    00000002     --HOLE-- [fill = 0]
                  2000e5bc    0000002c     simplelink.a : cc_pal.obj (.text:NwpPowerOn)
                  2000e5e8    0000002c     driverlib.a : prcm.obj (.text:PRCMSysResetCauseGet)
                  2000e614    0000002c     simplelink.a : driver.obj (.text:_SlDrvObjGlobalLockWaitForever)
                  2000e640    0000002c                  : driver.obj (.text:_SlDrvProtectionObjLockWaitForever)
                  2000e66c    0000002c     rtsv7M4_T_le_eabi.lib : unlink.c.obj (.text:unlink)
                  2000e698    0000002a     driverlib.a : timer.obj (.text:TimerLoadSet)
                  2000e6c2    0000002a                 : timer.obj (.text:TimerPrescaleSet)
                  2000e6ec    00000028                 : prcm.obj (.text:PRCMPeripheralClkDisable)
                  2000e714    00000028     simplelink.a : driver.obj (.text:_SlDrvGlobalObjUnLock)
                  2000e73c    00000028                  : driver.obj (.text:_SlDrvProtectionObjUnLock)
                  2000e764    00000028                  : driver.obj (.text:_SlDrvSyncObjWaitForever)
                  2000e78c    00000028     rtsv7M4_T_le_eabi.lib : memory.c.obj (.text:free_list_insert)
                  2000e7b4    00000028                           : lseek.c.obj (.text:lseek)
                  2000e7dc    00000028                           : write.c.obj (.text:write)
                  2000e804    00000026     simplelink.a : driver.obj (.text:_SlDrvObjLockWaitForever)
                  2000e82a    00000002     --HOLE-- [fill = 0]
                  2000e82c    00000024                  : cc_pal.obj (.text:DmaSpiSwIntHandler)
                  2000e850    00000024     driverlib.a : interrupt.obj (.text:IntUnregister)
                  2000e874    00000024                 : uart.obj (.text:UARTEnable)
                  2000e898    00000024     rtsv7M4_T_le_eabi.lib : boot_cortex_m.c.obj (.text:_c_int00_noargs:_c_int00_noargs)
                  2000e8bc    00000024                           : memmov.c.obj (.text:memmove)
                  2000e8e0    00000022     driverlib.a : spi.obj (.text:SPIReset)
                  2000e902    00000022                 : spi.obj (.text:SPIWordCountSet)
                  2000e924    00000020                 : gpio.obj (.text:GPIOPinWrite)
                  2000e944    00000020                 : interrupt.obj (.text:IntRegister)
                  2000e964    00000020     simplelink.a : cc_pal.obj (.text:NwpPrePowerOffTimout0)
                  2000e984    00000020                  : cc_pal.obj (.text:TimerGetCurrentTimestamp)
                  2000e9a4    00000020                  : driver.obj (.text:_SlDrvObjUnLock)
                  2000e9c4    00000020                  : driver.obj (.text:_SlDrvSyncObjSignal)
                  2000e9e4    00000020     rtsv7M4_T_le_eabi.lib : memchr.c.obj (.text:memchr)
                  2000ea04    0000001e     driverlib.a : gpio.obj (.text:GPIOIntRegister)
                  2000ea22    0000001e                 : timer.obj (.text:TimerDisable)
                  2000ea40    0000001e                 : timer.obj (.text:TimerEnable)
                  2000ea5e    0000001e                 : timer.obj (.text:TimerIntStatus)
                  2000ea7c    0000001e                 : uart.obj (.text:UARTCharPut)
                  2000ea9a    0000001e     simplelink.a : cc_pal.obj (.text:cc_UDMAChannelSelect)
                  2000eab8    0000001c     driverlib.a : timer.obj (.text:TimerValueGet)
                  2000ead4    0000001c                 : uart.obj (.text:UARTCharGetNonBlocking)
                  2000eaf0    0000001c     simplelink.a : driver.obj (.text:_SlDrvStartMeasureTimeout)
                  2000eb0c    0000001c     rtsv7M4_T_le_eabi.lib : assert.c.obj (.text:_abort_msg)
                  2000eb28    0000001c                           : memory.c.obj (.text:free_list_remove)
                  2000eb44    0000001c                           : memccpy.c.obj (.text:memccpy)
                  2000eb60    0000001c     pinmux.obj (.text)
                  2000eb7c    0000001c     driverlib.a : udma.obj (.text:uDMAChannelEnable)
                  2000eb98    0000001a                 : gpio.obj (.text:GPIOIntEnable)
                  2000ebb2    0000001a                 : pin.obj (.text:PinTypeUART)
                  2000ebcc    0000001a                 : spi.obj (.text:SPIDmaDisable)
                  2000ebe6    0000001a                 : spi.obj (.text:SPIDmaEnable)
                  2000ec00    0000001a                 : spi.obj (.text:SPIFIFODisable)
                  2000ec1a    0000001a                 : spi.obj (.text:SPIFIFOEnable)
                  2000ec34    0000001a                 : spi.obj (.text:SPIIntUnregister)
                  2000ec4e    00000018                 : gpio.obj (.text:GPIOPinRead)
                  2000ec66    00000018                 : spi.obj (.text:SPICSDisable)
                  2000ec7e    00000018                 : spi.obj (.text:SPICSEnable)
                  2000ec96    00000018                 : spi.obj (.text:SPIDisable)
                  2000ecae    00000018                 : spi.obj (.text:SPIEnable)
                  2000ecc6    00000018                 : timer.obj (.text:TimerIntDisable)
                  2000ecde    00000018                 : timer.obj (.text:TimerIntEnable)
                  2000ecf6    00000018                 : uart.obj (.text:UARTCharsAvail)
                  2000ed0e    00000018     simplelink.a : nonos.obj (.text:_SlNonOsSemSet)
                  2000ed26    00000018     rtsv7M4_T_le_eabi.lib : vsnprintf.c.obj (.text:_outc)
                  2000ed3e    00000018                           : sprintf.c.obj (.text:_outs)
                  2000ed56    00000002     --HOLE-- [fill = 0]
                  2000ed58    00000018     simplelink.a : device.obj (.text:_sl_GetStartResponseConvert)
                  2000ed70    00000018     rtsv7M4_T_le_eabi.lib : strcmp.c.obj (.text:strcmp)
                  2000ed88    00000016     driverlib.a : prcm.obj (.text:PRCMHIBRegRead)
                  2000ed9e    00000016                 : prcm.obj (.text:PRCMHIBRegWrite)
                  2000edb4    00000016     simplelink.a : driver.obj (.text:_SlDrvMemZero)
                  2000edca    00000016     rtsv7M4_T_le_eabi.lib : strchr.c.obj (.text:strchr)
                  2000ede0    00000014     driverlib.a : cpu.obj (.text:CPUcpsie)
                  2000edf4    00000014                 : gpio.obj (.text:GPIOIntClear)
                  2000ee08    00000014                 : interrupt.obj (.text:IntVTableBaseSet)
                  2000ee1c    00000014     rtsv7M4_T_le_eabi.lib : strcpy.c.obj (.text:strcpy)
                  2000ee30    00000014                           : strlen.c.obj (.text:strlen)
                  2000ee44    00000012     driverlib.a : timer.obj (.text:TimerIntClear)
                  2000ee56    00000012     rtsv7M4_T_le_eabi.lib : wcslen.c.obj (.text:wcslen)
                  2000ee68    00000010     simplelink.a : driver.obj (.text:_SlDrvDispatchHttpServerEvents)
                  2000ee78    0000000e                  : driver.obj (.text:_SlDrvResetCmdExt)
                  2000ee86    0000000e     rtsv7M4_T_le_eabi.lib : copy_decompress_none.c.obj (.text:decompress:none:__TI_decompress_none)
                  2000ee94    0000000e     startup_ccs.obj (.text)
                  2000eea2    00000002     --HOLE-- [fill = 0]
                  2000eea4    0000000c     simplelink.a : cc_pal.obj (.text:NwpMaskInterrupt)
                  2000eeb0    0000000c                  : cc_pal.obj (.text:NwpUnMaskInterrupt)
                  2000eebc    0000000c     rtsv7M4_T_le_eabi.lib : s_copysign.c.obj (.text:copysign)
                  2000eec8    0000000c                           : copy_zero_init.c.obj (.text:decompress:ZI:__TI_zero_init)
                  2000eed4    0000000a     driverlib.a : interrupt.obj (.text:IntMasterEnable)
                  2000eede    0000000a     rtsv7M4_T_le_eabi.lib : sprintf.c.obj (.text:_outc)
                  2000eee8    00000008                           : errno.c.obj (.text:__aeabi_errno_addr)
                  2000eef0    00000008                           : memory.c.obj (.text:malloc)
                  2000eef8    00000006     driverlib.a : utils.obj (.text:UtilsDelay)
                  2000eefe    00000004     rtsv7M4_T_le_eabi.lib : pre_init.c.obj (.text:_system_pre_init)
                  2000ef02    00000004                           : exit.c.obj (.text:abort:abort)

.const     0    2000ef08    00000646     
                  2000ef08    00000101     rtsv7M4_T_le_eabi.lib : ctype.c.obj (.const:.string:_ctypes_)
                  2000f009    00000003     mac.obj (.const:.string:$P$T2$3)
                  2000f00c    00000100     driverlib.a : pin.obj (.const:g_ulPinToPadMap)
                  2000f10c    000000d4                 : interrupt.obj (.const:g_pulRegs)
                  2000f1e0    000000a8                 : prcm.obj (.const:PRCM_PeriphRegsList)
                  2000f288    00000080                 : interrupt.obj (.const)
                  2000f308    0000003c     simplelink.a : driver.obj (.const:OpcodeTranslateTable)
                  2000f344    00000038                  : driver.obj (.const:_SlActionLookupTable)
                  2000f37c    0000002c     main.obj (.const:$P$T1$2)
                  2000f3a8    00000024     driverlib.a : spi.obj (.const:g_ppulSPIIntMap)
                  2000f3cc    00000022     main.obj (.const:.string:$P$T0$1)
                  2000f3ee    00000002     application.obj (.const:.string:$P$T3$4)
                  2000f3f0    00000020     simplelink.a : driver.obj (.const:RxMsgClassLUT)
                  2000f410    0000001e     mac.obj (.const:.string:$P$T3$4)
                  2000f42e    0000001e     mac.obj (.const:.string:$P$T4$5)
                  2000f44c    00000018     driverlib.a : spi.obj (.const)
                  2000f464    00000014     simplelink.a : driver.obj (.const:$P$T0$1)
                  2000f478    00000014                  : nonos.obj (.const:$P$T0$1)
                  2000f48c    00000014     main.obj (.const:$P$T2$3)
                  2000f4a0    00000010     simplelink.a : socket.obj (.const:.string:_SlPayloadByProtocolLUT)
                  2000f4b0    0000000c     mac.obj (.const:.string:$P$T0$1)
                  2000f4bc    00000008     ip.obj (.const:.string:$P$T0$1)
                  2000f4c4    00000008     ip.obj (.const:.string:$P$T2$3)
                  2000f4cc    00000008     simplelink.a : device.obj (.const:StartResponseLUT)
                  2000f4d4    00000008                  : driver.obj (.const:g_H2NCnysPattern)
                  2000f4dc    00000008                  : driver.obj (.const:g_H2NSyncPattern)
                  2000f4e4    00000007     application.obj (.const:.string:$P$T1$2)
                  2000f4eb    00000006     application.obj (.const:$P$T0$1)
                  2000f4f1    00000006     translation_utility.obj (.const:$P$T0$1)
                  2000f4f7    00000006     translation_utility.obj (.const:$P$T1$2)
                  2000f4fd    00000005     application.obj (.const:.string:$P$T2$3)
                  2000f502    00000004     ip.obj (.const:$P$T1$2)
                  2000f506    00000004     ip.obj (.const:$P$T3$4)
                  2000f50a    00000004     mac.obj (.const:.string:$P$T1$2)
                  2000f50e    00000004     simplelink.a : device.obj (.const:_SlDeviceGetCmdCtrl)
                  2000f512    00000004                  : netapp.obj (.const:_SlNetAppSendTokenValueCmdCtrl)
                  2000f516    00000004                  : netcfg.obj (.const:_SlNetCfgGetCmdCtrl)
                  2000f51a    00000004                  : netcfg.obj (.const:_SlNetCfgSetCmdCtrl)
                  2000f51e    00000004                  : wlan.obj (.const:_SlPolicySetCmdCtrl)
                  2000f522    00000004                  : wlan.obj (.const:_SlProfileDelCmdCtrl)
                  2000f526    00000004                  : socket.obj (.const:_SlRecvCmdCtrl)
                  2000f52a    00000004                  : netapp.obj (.const:_SlRegisterServiceCtrl)
                  2000f52e    00000004                  : wlan.obj (.const:_SlRxFilterSetCmdCtrl)
                  2000f532    00000004                  : socket.obj (.const:_SlSendCmdCtrl)
                  2000f536    00000004                  : socket.obj (.const:_SlSetSockOptCmdCtrl)
                  2000f53a    00000004                  : socket.obj (.const:_SlSockCloseCmdCtrl)
                  2000f53e    00000004                  : socket.obj (.const:_SlSockSocketCmdCtrl)
                  2000f542    00000004                  : device.obj (.const:_SlStopCmdCtrl)
                  2000f546    00000004                  : wlan.obj (.const:_SlWlanCfgSetCmdCtrl)
                  2000f54a    00000004                  : wlan.obj (.const:_SlWlanSetModeCmdCtrl)

.cinit     0    2000f550    000000c0     
                  2000f550    00000095     (.cinit..data.load) [load image, compression = lzss]
                  2000f5e5    00000003     --HOLE-- [fill = 0]
                  2000f5e8    0000000c     (__TI_handler_table)
                  2000f5f4    00000004     --HOLE-- [fill = 0]
                  2000f5f8    00000008     (.cinit..bss.load) [load image, compression = zero_init]
                  2000f600    00000010     (__TI_cinit_table)

.sysmem    0    20017000    00008000     UNINITIALIZED
                  20017000    00000010     rtsv7M4_T_le_eabi.lib : memory.c.obj (.sysmem)
                  20017010    00007ff0     --HOLE--

.bss       0    2001f000    00001ffa     UNINITIALIZED
                  2001f000    000007f0     (.common:IP_last_talked_to)
                  2001f7f0    00000600     (.common:macTable)
                  2001fdf0    000005dc     (.common:recvPayload)
                  200203cc    000004b0     (.common:sendPayload)
                  2002087c    00000384     (.common:IP_sendPayload)
                  20020c00    00000168     simplelink.a : driver.obj (.bss:g_StatMem)
                  20020d68    00000120     rtsv7M4_T_le_eabi.lib : trgmsg.c.obj (.bss:_CIOBUF_)
                  20020e88    000000a0     (.common:__TI_tmpnams)
                  20020f28    00000050     (.common:g_ucDinDout)
                  20020f78    00000024     (.common:g_ucConnectionSSID)
                  20020f9c    00000010     (.common:srcBuff)
                  20020fac    0000000c     (.common:intBuffer)
                  20020fb8    00000008     main.obj (.bss)
                  20020fc0    00000008     (.common:g_ucConnectionBSSID)
                  20020fc8    00000008     (.common:macAddressVal)
                  20020fd0    00000008     (.common:parmbuf)
                  20020fd8    00000006     (.common:broadcast_mac)
                  20020fde    00000006     (.common:my_mac)
                  20020fe4    00000004     uart_if.obj (.bss)
                  20020fe8    00000004     (.common:gateway)
                  20020fec    00000004     (.common:my_ip)
                  20020ff0    00000004     (.common:role)
                  20020ff4    00000001     (.common:RxIrqCnt)
                  20020ff5    00000001     (.common:g_bDeviceRestartIsRequired)
                  20020ff6    00000001     (.common:g_cDummy)
                  20020ff7    00000001     (.common:g_ucLED1Pin)
                  20020ff8    00000001     (.common:g_ucLED2Pin)
                  20020ff9    00000001     (.common:g_ucLED3Pin)

.data      0    20021000    00000290     UNINITIALIZED
                  20021000    000000f0     rtsv7M4_T_le_eabi.lib : defs.c.obj (.data:_ftable)
                  200210f0    00000078                           : host_device.c.obj (.data:_device)
                  20021168    00000050                           : host_device.c.obj (.data:_stream)
                  200211b8    0000003c     simplelink.a : nonos.obj (.data:g__SlNonOsCB)
                  200211f4    00000004     main.obj (.data:broadcast_IP)
                  200211f8    00000020     main.obj (.data)
                  20021218    00000014     gpio_if.obj (.data:ulReg)
                  2002122c    00000010     rtsv7M4_T_le_eabi.lib : defs.c.obj (.data)
                  2002123c    0000000d     simplelink.a : driver.obj (.data)
                  20021249    00000003     --HOLE--
                  2002124c    0000000c     rtsv7M4_T_le_eabi.lib : exit.c.obj (.data:$O1$$)
                  20021258    0000000c     gpio_if.obj (.data)
                  20021264    00000009     simplelink.a : cc_pal.obj (.data)
                  2002126d    00000003     --HOLE--
                  20021270    00000008     rtsv7M4_T_le_eabi.lib : _lock.c.obj (.data:$O1$$)
                  20021278    00000008                           : memory.c.obj (.data:$O1$$)
                  20021280    00000006     main.obj (.data:broadcast)
                  20021286    00000002     --HOLE--
                  20021288    00000004     mac.obj (.data)
                  2002128c    00000004     rtsv7M4_T_le_eabi.lib : errno.c.obj (.data)

.stack     0    2002eb00    00001500     UNINITIALIZED
                  2002eb00    00000004     rtsv7M4_T_le_eabi.lib : boot_cortex_m.c.obj (.stack)
                  2002eb04    000014fc     --HOLE--

MODULE SUMMARY

       Module                       code    ro data   rw data
       ------                       ----    -------   -------
    .\
       application.obj              3324    20        2032   
       mac.obj                      1656    79        2716   
       ip.obj                       2420    24        912    
       main.obj                     3084    98        130    
       translation_utility.obj      672     12        1536   
       startup_ccs.obj              14      1024      0      
       gpio_if.obj                  920     0         35     
       my_util.obj                  776     0         0      
       uart_if.obj                  640     0         4      
       timer_if.obj                 408     0         0      
       pinmux.obj                   28      0         0      
    +--+----------------------------+-------+---------+---------+
       Total:                       13942   1257      7365   
                                                             
    C:/ti/CC3200SDK_1.3.0/cc3200-sdk/driverlib/ccs/Release/driverlib.a
       prcm.obj                     852     168       0      
       interrupt.obj                608     340       0      
       spi.obj                      798     60        0      
       udma.obj                     604     0         0      
       timer.obj                    552     0         0      
       pin.obj                      226     256       0      
       gpio.obj                     334     0         0      
       uart.obj                     284     0         0      
       cpu.obj                      20      0         0      
       utils.obj                    6       0         0      
    +--+----------------------------+-------+---------+---------+
       Total:                       4284    824       0      
                                                             
    C:/ti/CC3200SDK_1.3.0/cc3200-sdk/simplelink/ccs/NON_OS/simplelink.a
       driver.obj                   7714    184       375    
       cc_pal.obj                   1820    0         90     
       socket.obj                   1232    36        0      
       netapp.obj                   1248    8         0      
       device.obj                   1078    16        0      
       wlan.obj                     676     20        0      
       nonos.obj                    416     20        60     
       netcfg.obj                   368     8         0      
    +--+----------------------------+-------+---------+---------+
       Total:                       14552   292       525    
                                                             
    C:\ti\ccs901\ccs\tools\compiler\ti-cgt-arm_18.12.1.LTS\lib\rtsv7M4_T_le_eabi.lib
       _printfi.c.obj               4835    0         0      
       memory.c.obj                 892     0         8      
       fd_add_t2.asm.obj            438     0         0      
       defs.c.obj                   0       0         416    
       trgmsg.c.obj                 108     0         288    
       fd_div_t2.asm.obj            310     0         0      
       fputs.c.obj                  276     0         0      
       fd_cmp_t2.asm.obj            268     0         0      
       ctype.c.obj                  0       257       0      
       fd_mul_t2.asm.obj            252     0         0      
       setvbuf.c.obj                220     0         0      
       s_scalbn.c.obj               208     0         0      
       fflush.c.obj                 200     0         0      
       host_device.c.obj            0       0         200    
       memcpy_t2.asm.obj            156     0         0      
       ull_div_t2.asm.obj           150     0         0      
       vsnprintf.c.obj              136     0         0      
       memset_t2.asm.obj            122     0         0      
       fclose.c.obj                 116     0         0      
       getdevice.c.obj              116     0         0      
       copy_decompress_lzss.c.obj   104     0         0      
       hostlseek.c.obj              104     0         0      
       hostopen.c.obj               96      0         8      
       hostrename.c.obj             104     0         0      
       fseek.c.obj                  100     0         0      
       _io_perm.c.obj               98      0         0      
       sprintf.c.obj                98      0         0      
       close.c.obj                  92      0         0      
       s_frexp.c.obj                92      0         0      
       exit.c.obj                   76      0         12     
       hostread.c.obj               88      0         0      
       hostwrite.c.obj              88      0         0      
       ltoa.c.obj                   84      0         0      
       atoi.c.obj                   76      0         0      
       fd_toi_t2.asm.obj            72      0         0      
       autoinit.c.obj               68      0         0      
       hostclose.c.obj              68      0         0      
       hostunlink.c.obj             68      0         0      
       strncpy.c.obj                54      0         0      
       fopen.c.obj                  52      0         0      
       i_tofd_t2.asm.obj            46      0         0      
       unlink.c.obj                 44      0         0      
       lseek.c.obj                  40      0         0      
       write.c.obj                  40      0         0      
       boot_cortex_m.c.obj          36      0         0      
       memmov.c.obj                 36      0         0      
       memchr.c.obj                 32      0         0      
       assert.c.obj                 28      0         0      
       memccpy.c.obj                28      0         0      
       strcmp.c.obj                 24      0         0      
       strchr.c.obj                 22      0         0      
       strcpy.c.obj                 20      0         0      
       strlen.c.obj                 20      0         0      
       wcslen.c.obj                 18      0         0      
       copy_decompress_none.c.obj   14      0         0      
       copy_zero_init.c.obj         12      0         0      
       errno.c.obj                  8       0         4      
       s_copysign.c.obj             12      0         0      
       _lock.c.obj                  2       0         8      
       pre_init.c.obj               4       0         0      
       div0.asm.obj                 2       0         0      
    +--+----------------------------+-------+---------+---------+
       Total:                       10973   257       944    
                                                             
       Heap:                        0       0         32768  
       Stack:                       0       0         5376   
       Linker Generated:            0       185       0      
    +--+----------------------------+-------+---------+---------+
       Grand Total:                 43751   2815      46978  


LINKER GENERATED COPY TABLES

__TI_cinit_table @ 2000f600 records: 2, size/record: 8, table size: 16
	.data: load addr=2000f550, load size=00000095 bytes, run addr=20021000, run size=00000290 bytes, compression=lzss
	.bss: load addr=2000f5f8, load size=00000008 bytes, run addr=2001f000, run size=00001ffa bytes, compression=zero_init


LINKER GENERATED HANDLER TABLE

__TI_handler_table @ 2000f5e8 records: 3, size/record: 4, table size: 12
	index: 0, handler: __TI_decompress_lzss
	index: 1, handler: __TI_decompress_none
	index: 2, handler: __TI_zero_init


GLOBAL SYMBOLS: SORTED ALPHABETICALLY BY Name 

address   name                                     
-------   ----                                     
200049d1  APP_ip_layer_test_reciever               
20004611  APP_ip_layer_test_reciever_dhcp          
20004559  APP_ip_layer_test_sender                 
200044db  APP_mac_layer_test_reciever              
20004435  APP_mac_layer_test_sender                
20004a9d  APP_node                                 
20004e45  APP_sink                                 
20004401  APP_test_systime                         
2000ef03  C$$EXIT                                  
2000e3b3  C$$IO$$                                  
2000ede1  CPUcpsie                                 
20008655  ClearTerm                                
2000e82d  DmaSpiSwIntHandler                       
2000865f  Error                                    
2000edf5  GPIOIntClear                             
2000eb99  GPIOIntEnable                            
2000ea05  GPIOIntRegister                          
2000ca49  GPIOIntTypeSet                           
2000ec4f  GPIOPinRead                              
2000e925  GPIOPinWrite                             
20007f95  GPIO_IF_ConfigureNIntEnable              
20008021  GPIO_IF_Get                              
20007f4f  GPIO_IF_GetPortNPin                      
20007d11  GPIO_IF_LedConfigure                     
20007e03  GPIO_IF_LedOff                           
20007d4f  GPIO_IF_LedOn                            
20007eb7  GPIO_IF_LedStatus                        
20007f21  GPIO_IF_LedToggle                        
20007fdd  GPIO_IF_Set                              
20008697  GetCmd                                   
2000dec1  HOSTclose                                
2000d151  HOSTlseek                                
2000d5ad  HOSTopen                                 
2000d7e5  HOSTread                                 
2000d1b9  HOSTrename                               
2000df05  HOSTunlink                               
2000d83d  HOSTwrite                                
2000703f  IP_CLEAN_UP                              
20006979  IP_add_data_to_send_payload              
20006913  IP_add_header_to_send_payload            
20006759  IP_init                                  
200067cf  IP_is_request_msg                        
200067f1  IP_issue_ip                              
2001f000  IP_last_talked_to                        
200069f1  IP_parse_mac_response                    
20006b71  IP_recv_data                             
2000687f  IP_request_ip                            
2002087c  IP_sendPayload                           
20006a69  IP_send_data                             
20008615  InitTerm                                 
2000bbcd  IntDisable                               
2000bc75  IntEnable                                
2000eed5  IntMasterEnable                          
2000d895  IntPendClear                             
2000d99d  IntPrioritySet                           
2000e945  IntRegister                              
2000e851  IntUnregister                            
2000ee09  IntVTableBaseSet                         
200074e1  MAC_add_data_to_send_payload             
20007485  MAC_add_header_to_send_payload           
200070cd  MAC_init                                 
200071c7  MAC_is_ack                               
200071f1  MAC_is_broadcast_mac                     
200071e3  MAC_is_my_mac                            
200071ff  MAC_mac_address_equal                    
200073a9  MAC_parse_header                         
200072b1  MAC_recv_ack                             
20007681  MAC_recv_data                            
20007521  MAC_recv_payload_using_socket            
20021288  MAC_sd                                   
20007151  MAC_sd_open                              
20007259  MAC_send_ack                             
20007615  MAC_send_data                            
200075cd  MAC_send_payload_using_socket            
20008633  Message                                  
2000eea5  NwpMaskInterrupt                         
2000e34d  NwpPowerOff                              
2000e5bd  NwpPowerOn                               
2000e965  NwpPrePowerOffTimout0                    
2000e1e1  NwpRegisterInterruptHandler              
2000eeb1  NwpUnMaskInterrupt                       
2000f308  OpcodeTranslateTable                     
20009af9  PRCMCC3200MCUInit                        
2000ed89  PRCMHIBRegRead                           
2000ed9f  PRCMHIBRegWrite                          
2000e6ed  PRCMPeripheralClkDisable                 
2000e299  PRCMPeripheralClkEnable                  
2000c331  PRCMPeripheralClockGet                   
2000d8ed  PRCMPeripheralReset                      
2000e42d  PRCMPeripheralStatusGet                  
2000e5e9  PRCMSysResetCauseGet                     
2000c831  PinConfigSet                             
2000e0e1  PinModeSet                               
2000eb61  PinMuxConfig                             
2000ebb3  PinTypeUART                              
200087d5  Report                                   
2000ee95  ResetISR                                 
20020ff4  RxIrqCnt                                 
2000ec67  SPICSDisable                             
2000ec7f  SPICSEnable                              
2000bdc1  SPIConfigSetExpClk                       
2000ec97  SPIDisable                               
2000ebcd  SPIDmaDisable                            
2000ebe7  SPIDmaEnable                             
2000ecaf  SPIEnable                                
2000ec01  SPIFIFODisable                           
2000ec1b  SPIFIFOEnable                            
2000e461  SPIFIFOLevelSet                          
2000dda1  SPIIntClear                              
2000db91  SPIIntEnable                             
2000ec35  SPIIntUnregister                         
2000e8e1  SPIReset                                 
2000e903  SPIWordCountSet                          
20005311  SimpleLinkGeneralEventHandler            
200052ed  SimpleLinkHttpServerCallback             
20005251  SimpleLinkNetAppEventHandler             
20005327  SimpleLinkSockEventHandler               
20005137  SimpleLinkWlanEventHandler               
200050fd  TimerBaseIntHandler                      
2000df8d  TimerConfigure                           
2000ea23  TimerDisable                             
2000ea41  TimerEnable                              
2000e985  TimerGetCurrentTimestamp                 
2000ee45  TimerIntClear                            
2000ecc7  TimerIntDisable                          
2000ecdf  TimerIntEnable                           
2000cf99  TimerIntRegister                         
2000ea5f  TimerIntStatus                           
2000d221  TimerIntUnregister                       
2000e699  TimerLoadSet                             
2000e6c3  TimerPrescaleSet                         
2000511d  TimerRefIntHandler                       
2000eab9  TimerValueGet                            
20009917  Timer_IF_DeInit                          
20009949  Timer_IF_GetCount                        
20009851  Timer_IF_Init                            
20009883  Timer_IF_IntSetup                        
200098cf  Timer_IF_InterruptClear                  
20009931  Timer_IF_ReLoad                          
200098e7  Timer_IF_Start                           
20009907  Timer_IF_Stop                            
2000873d  TrimSpace                                
2000ead5  UARTCharGetNonBlocking                   
2000ea7d  UARTCharPut                              
2000ecf7  UARTCharsAvail                           
2000ce39  UARTConfigSetExpClk                      
2000e4fd  UARTDisable                              
2000e875  UARTEnable                               
2000828b  UTIL_UART_print_ip                       
2000825f  UTIL_UART_print_mac                      
20008315  UTIL_clear_payload                       
2000814f  UTIL_convert_4Bytes_to_Int               
20008175  UTIL_convert_8Bytes_to_unsigned_long_long
2000811b  UTIL_convert_int_to_4bytes               
20008093  UTIL_convert_unsigned_long_long_to_8bytes
200082a9  UTIL_delay                               
200082d3  UTIL_ip_comp                             
2000806d  UTIL_within_tolerance                    
2000eef9  UtilsDelay                               
2000f344  _SlActionLookupTable                     
2000bd1d  _SlDriverHandleError                     
2000dde9  _SlDrvBasicCmd                           
2000b9a9  _SlDrvCmdOp                              
2000d079  _SlDrvCmdSend                            
20008d49  _SlDrvDataReadOp                         
20009de1  _SlDrvDataWriteOp                        
2000bf9d  _SlDrvDeviceEventHandler                 
2000ee69  _SlDrvDispatchHttpServerEvents           
2000a565  _SlDrvDriverCBDeinit                     
20009481  _SlDrvDriverCBInit                       
2000e715  _SlDrvGlobalObjUnLock                    
2000c68d  _SlDrvIsTimeoutExpired                   
2000edb5  _SlDrvMemZero                            
2000b061  _SlDrvMsgReadSpawnCtx                    
2000a8c9  _SlDrvNetAppEventHandler                 
2000e805  _SlDrvObjLockWaitForever                 
2000e9a5  _SlDrvObjUnLock                          
2000dc29  _SlDrvProtectAsyncRespSetting            
2000e641  _SlDrvProtectionObjLockWaitForever       
2000e73d  _SlDrvProtectionObjUnLock                
20008f2d  _SlDrvReleasePoolObj                     
2000ee79  _SlDrvResetCmdExt                        
2000d9f1  _SlDrvRxIrqHandler                       
2000eaf1  _SlDrvStartMeasureTimeout                
2000e9c5  _SlDrvSyncObjSignal                      
2000e765  _SlDrvSyncObjWaitForever                 
2000dfd1  _SlDrvSyncObjWaitTimeout                 
20009969  _SlDrvWaitForPoolObj                     
2000f512  _SlNetAppSendTokenValueCmdCtrl           
2000ceb1  _SlNonOsMainLoopTask                     
2000bb1d  _SlNonOsSemGet                           
2000ed0f  _SlNonOsSemSet                           
2000d2f1  _SlNonOsSpawn                            
20020d68  __CIOBUF_                                
20030000  __STACK_END                              
00001500  __STACK_SIZE                             
00008000  __SYSMEM_SIZE                            
2000f600  __TI_CINIT_Base                          
2000f610  __TI_CINIT_Limit                         
2000f5e8  __TI_Handler_Table_Base                  
2000f5f4  __TI_Handler_Table_Limit                 
2000e015  __TI_auto_init_nobinit_nopinit           
2000e495  __TI_cleanup                             
2002124c  __TI_cleanup_ptr                         
2000cf25  __TI_closefile                           
2000d289  __TI_decompress_lzss                     
2000ee87  __TI_decompress_none                     
2000dc75  __TI_doflush                             
20021250  __TI_dtors_ptr                           
20021254  __TI_enable_exit_profile_output          
2002122c  __TI_ft_end                              
ffffffff  __TI_pprof_out_hndl                      
20005d09  __TI_printfi                             
ffffffff  __TI_prof_data_size                      
ffffffff  __TI_prof_data_start                     
2000e4c9  __TI_readmsg                             
2000f550  __TI_static_base__                       
20020e88  __TI_tmpnams                             
2000e385  __TI_writemsg                            
2000d549  __TI_wrt_ok                              
2000eec9  __TI_zero_init                           
2000c8b9  __aeabi_cdcmpeq                          
2000c8b9  __aeabi_cdcmple                          
2000c93f  __aeabi_cdrcmple                         
2000de79  __aeabi_d2iz                             
200092d3  __aeabi_dadd                             
2000a2f9  __aeabi_ddiv                             
2000a9cd  __aeabi_dmul                             
200092c9  __aeabi_dsub                             
2000eee9  __aeabi_errno_addr                       
2000e58d  __aeabi_i2d                              
2000a42f  __aeabi_idiv0                            
2000a42f  __aeabi_ldiv0                            
2000cd45  __aeabi_memclr                           
2000cd45  __aeabi_memclr4                          
2000cd45  __aeabi_memclr8                          
2000bf01  __aeabi_memcpy                           
2000bf01  __aeabi_memcpy4                          
2000bf01  __aeabi_memcpy8                          
2000cd47  __aeabi_memset                           
2000cd47  __aeabi_memset4                          
2000cd47  __aeabi_memset8                          
20021238  __aeabi_stderr                           
20021230  __aeabi_stdin                            
20021234  __aeabi_stdout                           
2000c299  __aeabi_uldivmod                         
ffffffff  __binit__                                
ffffffff  __c_args__                               
UNDEFED   __mpu_init                               
2002eb00  __stack                                  
2000eb0d  _abort_msg                               
2000e899  _c_int00_noargs                          
2000ef08  _ctypes_                                 
200210f0  _device                                  
20021000  _ftable                                  
20021270  _lock                                    
2000947f  _nop                                     
2000d355  _sl_HandleAsync_Accept                   
2000cacd  _sl_HandleAsync_Connect                  
2000c3c5  _sl_HandleAsync_DnsGetHostByName         
2000b74d  _sl_HandleAsync_DnsGetHostByService      
2000c719  _sl_HandleAsync_InitComplete             
2000c455  _sl_HandleAsync_PingResponse             
2000da45  _sl_HandleAsync_Select                   
2000db41  _sl_HandleAsync_Stop                     
2000d0e5  _sl_NetAppSendTokenValue                 
20021168  _stream                                  
20017000  _sys_memory                              
UNDEFED   _system_post_cinit                       
2000eeff  _system_pre_init                         
20021274  _unlock                                  
2000ef03  abort                                    
20008483  add_ip_mac_entry                         
2000aac9  aligned_alloc                            
2000dcc1  atoi                                     
ffffffff  binit                                    
20021280  broadcast                                
200211f4  broadcast_IP                             
20020fd8  broadcast_mac                            
2000d72d  close                                    
2000eebd  copysign                                 
2000eebd  copysignl                                
2002128c  errno                                    
2000de31  exit                                     
2000cc4d  fflush                                   
20008441  find_free_ip                             
2000e55d  finddevice                               
2000a7b5  fputs                                    
2000b149  free                                     
2000d789  frexp                                    
2000d789  frexpl                                   
2000d3b9  fseek                                    
2002123c  g_SlDeviceStatus                         
20021264  g_SpiFd                                  
200211b8  g__SlNonOsCB                             
20020ff5  g_bDeviceRestartIsRequired               
20020ff6  g_cDummy                                 
20021210  g_i                                      
20021240  g_pCB                                    
20021268  g_pHostIntHdl                            
20004000  g_pfnVectors                             
20020fc0  g_ucConnectionBSSID                      
20020f78  g_ucConnectionSSID                       
2002126c  g_ucDMAEnabled                           
20020f28  g_ucDinDout                              
20020ff7  g_ucLED1Pin                              
20020ff8  g_ucLED2Pin                              
20020ff9  g_ucLED3Pin                              
20021258  g_uiLED1Port                             
2002125c  g_uiLED2Port                             
20021260  g_uiLED3Port                             
200211fc  g_ulGatewayIP                            
200211f8  g_ulStatus                               
20020fe8  gateway                                  
20005af5  get_mac_as_ascii                         
20005b91  get_u8_as_string                         
2000e09d  getdevice                                
20005a55  init_board                               
20008375  init_trans_table                         
20020fac  intBuffer                                
20005979  isBroadcastIP                            
200058a7  isBroadcastMac                           
200059cd  isMyMac                                  
2000b67d  ldexp                                    
2000b67d  ldexpl                                   
2000e7b5  lseek                                    
2000da99  ltoa                                     
20021200  macAddressLen                            
20020fc8  macAddressVal                            
2001f7f0  macTable                                 
200083e7  mac_address_comp                         
20005bad  main                                     
2000eef1  malloc                                   
2000aac9  memalign                                 
2000eb45  memccpy                                  
2000e9e5  memchr                                   
2000bf01  memcpy                                   
2000e8bd  memmove                                  
2000cd4d  memset                                   
20020fec  my_ip                                    
20020fde  my_mac                                   
20021244  pPingCallBackFunc                        
20020fd0  parmbuf                                  
2000b4cd  realloc                                  
2001fdf0  recvPayload                              
2000e66d  remove                                   
200084bd  remove_ip_mac_entry                      
200084f3  resolve_ip_to_mac                        
20008597  resolve_mac_to_ip                        
20020ff0  role                                     
2000b67d  scalbn                                   
2000b67d  scalbnl                                  
200203cc  sendPayload                              
2000b3f1  setvbuf                                  
2000e2d5  simplelink_timerA2_start                 
2000d60d  sl_Close                                 
2000b819  sl_DevGet                                
2000b231  sl_NetAppMDNSRegisterUnregisterService   
2000d41d  sl_NetAppMDNSUnRegisterService           
2000b5a5  sl_NetCfgGet                             
2000c039  sl_NetCfgSet                             
2000be61  sl_Recv                                  
2000a431  sl_Send                                  
2000c0d1  sl_SetSockOpt                            
2000c7a5  sl_Socket                                
2000ae8d  sl_Start                                 
2000abbd  sl_Stop                                  
2000e3bd  sl_WlanDisconnect                        
2000c4e5  sl_WlanPolicySet                         
2000d66d  sl_WlanProfileDel                        
2000c9c5  sl_WlanRxFilterSet                       
2000c169  sl_WlanSet                               
2000d6cd  sl_WlanSetMode                           
2000cdc1  spi_Close                                
20009f31  spi_Open                                 
2000acad  spi_Read                                 
2000c201  spi_Write                                
2000e161  sprintf                                  
20020f9c  srcBuff                                  
2000edcb  strchr                                   
2000ed71  strcmp                                   
2000ee1d  strcpy                                   
2000ee31  strlen                                   
2000e3f5  strncpy                                  
20021214  succ                                     
20021208  systime                                  
2000dd0d  uDMAChannelAssign                        
2000d481  uDMAChannelAttributeDisable              
2000d4e5  uDMAChannelAttributeEnable               
2000e311  uDMAChannelControlSet                    
2000eb7d  uDMAChannelEnable                        
2000ad9d  uDMAChannelTransferSet                   
2000e66d  unlink                                   
2000e1a1  vsnprintf                                
2000ee57  wcslen                                   
2000e7dd  write                                    


GLOBAL SYMBOLS: SORTED BY Symbol Address 

address   name                                     
-------   ----                                     
00001500  __STACK_SIZE                             
00008000  __SYSMEM_SIZE                            
20004000  g_pfnVectors                             
20004401  APP_test_systime                         
20004435  APP_mac_layer_test_sender                
200044db  APP_mac_layer_test_reciever              
20004559  APP_ip_layer_test_sender                 
20004611  APP_ip_layer_test_reciever_dhcp          
200049d1  APP_ip_layer_test_reciever               
20004a9d  APP_node                                 
20004e45  APP_sink                                 
200050fd  TimerBaseIntHandler                      
2000511d  TimerRefIntHandler                       
20005137  SimpleLinkWlanEventHandler               
20005251  SimpleLinkNetAppEventHandler             
200052ed  SimpleLinkHttpServerCallback             
20005311  SimpleLinkGeneralEventHandler            
20005327  SimpleLinkSockEventHandler               
200058a7  isBroadcastMac                           
20005979  isBroadcastIP                            
200059cd  isMyMac                                  
20005a55  init_board                               
20005af5  get_mac_as_ascii                         
20005b91  get_u8_as_string                         
20005bad  main                                     
20005d09  __TI_printfi                             
20006759  IP_init                                  
200067cf  IP_is_request_msg                        
200067f1  IP_issue_ip                              
2000687f  IP_request_ip                            
20006913  IP_add_header_to_send_payload            
20006979  IP_add_data_to_send_payload              
200069f1  IP_parse_mac_response                    
20006a69  IP_send_data                             
20006b71  IP_recv_data                             
2000703f  IP_CLEAN_UP                              
200070cd  MAC_init                                 
20007151  MAC_sd_open                              
200071c7  MAC_is_ack                               
200071e3  MAC_is_my_mac                            
200071f1  MAC_is_broadcast_mac                     
200071ff  MAC_mac_address_equal                    
20007259  MAC_send_ack                             
200072b1  MAC_recv_ack                             
200073a9  MAC_parse_header                         
20007485  MAC_add_header_to_send_payload           
200074e1  MAC_add_data_to_send_payload             
20007521  MAC_recv_payload_using_socket            
200075cd  MAC_send_payload_using_socket            
20007615  MAC_send_data                            
20007681  MAC_recv_data                            
20007d11  GPIO_IF_LedConfigure                     
20007d4f  GPIO_IF_LedOn                            
20007e03  GPIO_IF_LedOff                           
20007eb7  GPIO_IF_LedStatus                        
20007f21  GPIO_IF_LedToggle                        
20007f4f  GPIO_IF_GetPortNPin                      
20007f95  GPIO_IF_ConfigureNIntEnable              
20007fdd  GPIO_IF_Set                              
20008021  GPIO_IF_Get                              
2000806d  UTIL_within_tolerance                    
20008093  UTIL_convert_unsigned_long_long_to_8bytes
2000811b  UTIL_convert_int_to_4bytes               
2000814f  UTIL_convert_4Bytes_to_Int               
20008175  UTIL_convert_8Bytes_to_unsigned_long_long
2000825f  UTIL_UART_print_mac                      
2000828b  UTIL_UART_print_ip                       
200082a9  UTIL_delay                               
200082d3  UTIL_ip_comp                             
20008315  UTIL_clear_payload                       
20008375  init_trans_table                         
200083e7  mac_address_comp                         
20008441  find_free_ip                             
20008483  add_ip_mac_entry                         
200084bd  remove_ip_mac_entry                      
200084f3  resolve_ip_to_mac                        
20008597  resolve_mac_to_ip                        
20008615  InitTerm                                 
20008633  Message                                  
20008655  ClearTerm                                
2000865f  Error                                    
20008697  GetCmd                                   
2000873d  TrimSpace                                
200087d5  Report                                   
20008d49  _SlDrvDataReadOp                         
20008f2d  _SlDrvReleasePoolObj                     
200092c9  __aeabi_dsub                             
200092d3  __aeabi_dadd                             
2000947f  _nop                                     
20009481  _SlDrvDriverCBInit                       
20009851  Timer_IF_Init                            
20009883  Timer_IF_IntSetup                        
200098cf  Timer_IF_InterruptClear                  
200098e7  Timer_IF_Start                           
20009907  Timer_IF_Stop                            
20009917  Timer_IF_DeInit                          
20009931  Timer_IF_ReLoad                          
20009949  Timer_IF_GetCount                        
20009969  _SlDrvWaitForPoolObj                     
20009af9  PRCMCC3200MCUInit                        
20009de1  _SlDrvDataWriteOp                        
20009f31  spi_Open                                 
2000a2f9  __aeabi_ddiv                             
2000a42f  __aeabi_idiv0                            
2000a42f  __aeabi_ldiv0                            
2000a431  sl_Send                                  
2000a565  _SlDrvDriverCBDeinit                     
2000a7b5  fputs                                    
2000a8c9  _SlDrvNetAppEventHandler                 
2000a9cd  __aeabi_dmul                             
2000aac9  aligned_alloc                            
2000aac9  memalign                                 
2000abbd  sl_Stop                                  
2000acad  spi_Read                                 
2000ad9d  uDMAChannelTransferSet                   
2000ae8d  sl_Start                                 
2000b061  _SlDrvMsgReadSpawnCtx                    
2000b149  free                                     
2000b231  sl_NetAppMDNSRegisterUnregisterService   
2000b3f1  setvbuf                                  
2000b4cd  realloc                                  
2000b5a5  sl_NetCfgGet                             
2000b67d  ldexp                                    
2000b67d  ldexpl                                   
2000b67d  scalbn                                   
2000b67d  scalbnl                                  
2000b74d  _sl_HandleAsync_DnsGetHostByService      
2000b819  sl_DevGet                                
2000b9a9  _SlDrvCmdOp                              
2000bb1d  _SlNonOsSemGet                           
2000bbcd  IntDisable                               
2000bc75  IntEnable                                
2000bd1d  _SlDriverHandleError                     
2000bdc1  SPIConfigSetExpClk                       
2000be61  sl_Recv                                  
2000bf01  __aeabi_memcpy                           
2000bf01  __aeabi_memcpy4                          
2000bf01  __aeabi_memcpy8                          
2000bf01  memcpy                                   
2000bf9d  _SlDrvDeviceEventHandler                 
2000c039  sl_NetCfgSet                             
2000c0d1  sl_SetSockOpt                            
2000c169  sl_WlanSet                               
2000c201  spi_Write                                
2000c299  __aeabi_uldivmod                         
2000c331  PRCMPeripheralClockGet                   
2000c3c5  _sl_HandleAsync_DnsGetHostByName         
2000c455  _sl_HandleAsync_PingResponse             
2000c4e5  sl_WlanPolicySet                         
2000c68d  _SlDrvIsTimeoutExpired                   
2000c719  _sl_HandleAsync_InitComplete             
2000c7a5  sl_Socket                                
2000c831  PinConfigSet                             
2000c8b9  __aeabi_cdcmpeq                          
2000c8b9  __aeabi_cdcmple                          
2000c93f  __aeabi_cdrcmple                         
2000c9c5  sl_WlanRxFilterSet                       
2000ca49  GPIOIntTypeSet                           
2000cacd  _sl_HandleAsync_Connect                  
2000cc4d  fflush                                   
2000cd45  __aeabi_memclr                           
2000cd45  __aeabi_memclr4                          
2000cd45  __aeabi_memclr8                          
2000cd47  __aeabi_memset                           
2000cd47  __aeabi_memset4                          
2000cd47  __aeabi_memset8                          
2000cd4d  memset                                   
2000cdc1  spi_Close                                
2000ce39  UARTConfigSetExpClk                      
2000ceb1  _SlNonOsMainLoopTask                     
2000cf25  __TI_closefile                           
2000cf99  TimerIntRegister                         
2000d079  _SlDrvCmdSend                            
2000d0e5  _sl_NetAppSendTokenValue                 
2000d151  HOSTlseek                                
2000d1b9  HOSTrename                               
2000d221  TimerIntUnregister                       
2000d289  __TI_decompress_lzss                     
2000d2f1  _SlNonOsSpawn                            
2000d355  _sl_HandleAsync_Accept                   
2000d3b9  fseek                                    
2000d41d  sl_NetAppMDNSUnRegisterService           
2000d481  uDMAChannelAttributeDisable              
2000d4e5  uDMAChannelAttributeEnable               
2000d549  __TI_wrt_ok                              
2000d5ad  HOSTopen                                 
2000d60d  sl_Close                                 
2000d66d  sl_WlanProfileDel                        
2000d6cd  sl_WlanSetMode                           
2000d72d  close                                    
2000d789  frexp                                    
2000d789  frexpl                                   
2000d7e5  HOSTread                                 
2000d83d  HOSTwrite                                
2000d895  IntPendClear                             
2000d8ed  PRCMPeripheralReset                      
2000d99d  IntPrioritySet                           
2000d9f1  _SlDrvRxIrqHandler                       
2000da45  _sl_HandleAsync_Select                   
2000da99  ltoa                                     
2000db41  _sl_HandleAsync_Stop                     
2000db91  SPIIntEnable                             
2000dc29  _SlDrvProtectAsyncRespSetting            
2000dc75  __TI_doflush                             
2000dcc1  atoi                                     
2000dd0d  uDMAChannelAssign                        
2000dda1  SPIIntClear                              
2000dde9  _SlDrvBasicCmd                           
2000de31  exit                                     
2000de79  __aeabi_d2iz                             
2000dec1  HOSTclose                                
2000df05  HOSTunlink                               
2000df8d  TimerConfigure                           
2000dfd1  _SlDrvSyncObjWaitTimeout                 
2000e015  __TI_auto_init_nobinit_nopinit           
2000e09d  getdevice                                
2000e0e1  PinModeSet                               
2000e161  sprintf                                  
2000e1a1  vsnprintf                                
2000e1e1  NwpRegisterInterruptHandler              
2000e299  PRCMPeripheralClkEnable                  
2000e2d5  simplelink_timerA2_start                 
2000e311  uDMAChannelControlSet                    
2000e34d  NwpPowerOff                              
2000e385  __TI_writemsg                            
2000e3b3  C$$IO$$                                  
2000e3bd  sl_WlanDisconnect                        
2000e3f5  strncpy                                  
2000e42d  PRCMPeripheralStatusGet                  
2000e461  SPIFIFOLevelSet                          
2000e495  __TI_cleanup                             
2000e4c9  __TI_readmsg                             
2000e4fd  UARTDisable                              
2000e55d  finddevice                               
2000e58d  __aeabi_i2d                              
2000e5bd  NwpPowerOn                               
2000e5e9  PRCMSysResetCauseGet                     
2000e641  _SlDrvProtectionObjLockWaitForever       
2000e66d  remove                                   
2000e66d  unlink                                   
2000e699  TimerLoadSet                             
2000e6c3  TimerPrescaleSet                         
2000e6ed  PRCMPeripheralClkDisable                 
2000e715  _SlDrvGlobalObjUnLock                    
2000e73d  _SlDrvProtectionObjUnLock                
2000e765  _SlDrvSyncObjWaitForever                 
2000e7b5  lseek                                    
2000e7dd  write                                    
2000e805  _SlDrvObjLockWaitForever                 
2000e82d  DmaSpiSwIntHandler                       
2000e851  IntUnregister                            
2000e875  UARTEnable                               
2000e899  _c_int00_noargs                          
2000e8bd  memmove                                  
2000e8e1  SPIReset                                 
2000e903  SPIWordCountSet                          
2000e925  GPIOPinWrite                             
2000e945  IntRegister                              
2000e965  NwpPrePowerOffTimout0                    
2000e985  TimerGetCurrentTimestamp                 
2000e9a5  _SlDrvObjUnLock                          
2000e9c5  _SlDrvSyncObjSignal                      
2000e9e5  memchr                                   
2000ea05  GPIOIntRegister                          
2000ea23  TimerDisable                             
2000ea41  TimerEnable                              
2000ea5f  TimerIntStatus                           
2000ea7d  UARTCharPut                              
2000eab9  TimerValueGet                            
2000ead5  UARTCharGetNonBlocking                   
2000eaf1  _SlDrvStartMeasureTimeout                
2000eb0d  _abort_msg                               
2000eb45  memccpy                                  
2000eb61  PinMuxConfig                             
2000eb7d  uDMAChannelEnable                        
2000eb99  GPIOIntEnable                            
2000ebb3  PinTypeUART                              
2000ebcd  SPIDmaDisable                            
2000ebe7  SPIDmaEnable                             
2000ec01  SPIFIFODisable                           
2000ec1b  SPIFIFOEnable                            
2000ec35  SPIIntUnregister                         
2000ec4f  GPIOPinRead                              
2000ec67  SPICSDisable                             
2000ec7f  SPICSEnable                              
2000ec97  SPIDisable                               
2000ecaf  SPIEnable                                
2000ecc7  TimerIntDisable                          
2000ecdf  TimerIntEnable                           
2000ecf7  UARTCharsAvail                           
2000ed0f  _SlNonOsSemSet                           
2000ed71  strcmp                                   
2000ed89  PRCMHIBRegRead                           
2000ed9f  PRCMHIBRegWrite                          
2000edb5  _SlDrvMemZero                            
2000edcb  strchr                                   
2000ede1  CPUcpsie                                 
2000edf5  GPIOIntClear                             
2000ee09  IntVTableBaseSet                         
2000ee1d  strcpy                                   
2000ee31  strlen                                   
2000ee45  TimerIntClear                            
2000ee57  wcslen                                   
2000ee69  _SlDrvDispatchHttpServerEvents           
2000ee79  _SlDrvResetCmdExt                        
2000ee87  __TI_decompress_none                     
2000ee95  ResetISR                                 
2000eea5  NwpMaskInterrupt                         
2000eeb1  NwpUnMaskInterrupt                       
2000eebd  copysign                                 
2000eebd  copysignl                                
2000eec9  __TI_zero_init                           
2000eed5  IntMasterEnable                          
2000eee9  __aeabi_errno_addr                       
2000eef1  malloc                                   
2000eef9  UtilsDelay                               
2000eeff  _system_pre_init                         
2000ef03  C$$EXIT                                  
2000ef03  abort                                    
2000ef08  _ctypes_                                 
2000f308  OpcodeTranslateTable                     
2000f344  _SlActionLookupTable                     
2000f512  _SlNetAppSendTokenValueCmdCtrl           
2000f550  __TI_static_base__                       
2000f5e8  __TI_Handler_Table_Base                  
2000f5f4  __TI_Handler_Table_Limit                 
2000f600  __TI_CINIT_Base                          
2000f610  __TI_CINIT_Limit                         
20017000  _sys_memory                              
2001f000  IP_last_talked_to                        
2001f7f0  macTable                                 
2001fdf0  recvPayload                              
200203cc  sendPayload                              
2002087c  IP_sendPayload                           
20020d68  __CIOBUF_                                
20020e88  __TI_tmpnams                             
20020f28  g_ucDinDout                              
20020f78  g_ucConnectionSSID                       
20020f9c  srcBuff                                  
20020fac  intBuffer                                
20020fc0  g_ucConnectionBSSID                      
20020fc8  macAddressVal                            
20020fd0  parmbuf                                  
20020fd8  broadcast_mac                            
20020fde  my_mac                                   
20020fe8  gateway                                  
20020fec  my_ip                                    
20020ff0  role                                     
20020ff4  RxIrqCnt                                 
20020ff5  g_bDeviceRestartIsRequired               
20020ff6  g_cDummy                                 
20020ff7  g_ucLED1Pin                              
20020ff8  g_ucLED2Pin                              
20020ff9  g_ucLED3Pin                              
20021000  _ftable                                  
200210f0  _device                                  
20021168  _stream                                  
200211b8  g__SlNonOsCB                             
200211f4  broadcast_IP                             
200211f8  g_ulStatus                               
200211fc  g_ulGatewayIP                            
20021200  macAddressLen                            
20021208  systime                                  
20021210  g_i                                      
20021214  succ                                     
2002122c  __TI_ft_end                              
20021230  __aeabi_stdin                            
20021234  __aeabi_stdout                           
20021238  __aeabi_stderr                           
2002123c  g_SlDeviceStatus                         
20021240  g_pCB                                    
20021244  pPingCallBackFunc                        
2002124c  __TI_cleanup_ptr                         
20021250  __TI_dtors_ptr                           
20021254  __TI_enable_exit_profile_output          
20021258  g_uiLED1Port                             
2002125c  g_uiLED2Port                             
20021260  g_uiLED3Port                             
20021264  g_SpiFd                                  
20021268  g_pHostIntHdl                            
2002126c  g_ucDMAEnabled                           
20021270  _lock                                    
20021274  _unlock                                  
20021280  broadcast                                
20021288  MAC_sd                                   
2002128c  errno                                    
2002eb00  __stack                                  
20030000  __STACK_END                              
ffffffff  __TI_pprof_out_hndl                      
ffffffff  __TI_prof_data_size                      
ffffffff  __TI_prof_data_start                     
ffffffff  __binit__                                
ffffffff  __c_args__                               
ffffffff  binit                                    
UNDEFED   __mpu_init                               
UNDEFED   _system_post_cinit                       

[396 symbols]
